<html>
<body>
<pre>
<h1>µVision Build Log</h1>
<h2>Tool Versions:</h2>
IDE-Version: ¦ÌVision V5.23.0.0
Copyright (C) 2017 ARM Ltd and ARM Germany GmbH. All rights reserved.
License Information: A Lx18342412426@outlook.com, A, LIC=3UURA-1QG49-5BREB-2F8N6-BYKSI-U5V59
 
Tool Versions:
Toolchain:       MDK-ARM Professional  Version: 5.23
Toolchain Path:  D:\Keil_v5\ARM\ARMCC\Bin
C Compiler:      Armcc.exe V5.06 update 4 (build 422)
Assembler:       Armasm.exe V5.06 update 4 (build 422)
Linker/Locator:  ArmLink.exe V5.06 update 4 (build 422)
Library Manager: ArmAr.exe V5.06 update 4 (build 422)
Hex Converter:   FromElf.exe V5.06 update 4 (build 422)
CPU DLL:         SARMCM3.DLL V5.23
Dialog DLL:      DCM.DLL V1.15.0.0
Target DLL:      STLink\ST-LINKIII-KEIL_SWO.dll V2.0.18.0
Dialog DLL:      TCM.DLL V1.27.0.0
 
<h2>Project:</h2>
D:\F407ZE\F407ZE\MDK-ARM\F407ZE.uvprojx
Project File Date:  04/26/2020

<h2>Output:</h2>
*** Using Compiler 'V5.06 update 4 (build 422)', folder: 'D:\Keil_v5\ARM\ARMCC\Bin'
Build target 'F407ZE'
compiling main.c...
../Core/Src/main.c(182): warning:  #177-D: variable "addr"  was declared but never referenced
  	uint8_t rw_flag=0,addr=0,length=0;
../Core/Src/main.c(183): warning:  #177-D: variable "j"  was declared but never referenced
  	uint16_t i=0,j=0;
../Core/Src/main.c(663): warning:  #177-D: variable "status"  was declared but never referenced
  	GPIO_PinState status;
../Core/Src/main.c(5940): warning:  #177-D: variable "txdata"  was declared but never referenced
  	uint8_t txdata[2*EEPROM_CONFIG_LENGTH]={0};
../Core/Src/main.c: 4 warnings, 0 errors
linking...
Program Size: Code=56888 RO-data=6088 RW-data=776 ZI-data=87904  
FromELF: creating hex file...
"F407ZE\F407ZE.axf" - 0 Error(s), 4 Warning(s).

<h2>Software Packages used:</h2>

Package Vendor: ARM
                http://www.keil.com/pack/ARM.CMSIS.5.6.0.pack
                ARM::CMSIS:CORE:5.3.0
                CMSIS (Cortex Microcontroller Software Interface Standard)
   * Component: CORE Version: 5.3.0

<h2>Collection of Component include folders:</h2>
  .\RTE\_F407ZE
  D:\Keil_v5\ARM\PACK\ARM\CMSIS\5.6.0\CMSIS\Core\Include
  D:\Keil_v5\ARM\PACK\Keil\STM32F4xx_DFP\2.14.0\Drivers\CMSIS\Device\ST\STM32F4xx\Include

<h2>Collection of Component Files used:</h2>

   * Component: ARM::CMSIS:CORE:5.3.0
Build Time Elapsed:  00:00:10
</pre>
</body>
</html>
