Component: ARM Compiler 5.06 update 4 (build 422) Tool: armlink [4d35d2]

==============================================================================

Section Cross References

    startup_stm32f407xx.o(RESET) refers to startup_stm32f407xx.o(STACK) for __initial_sp
    startup_stm32f407xx.o(RESET) refers to startup_stm32f407xx.o(.text) for Reset_Handler
    startup_stm32f407xx.o(RESET) refers to stm32f4xx_it.o(i.NMI_Handler) for NMI_Handler
    startup_stm32f407xx.o(RESET) refers to stm32f4xx_it.o(i.HardFault_Handler) for HardFault_Handler
    startup_stm32f407xx.o(RESET) refers to stm32f4xx_it.o(i.MemManage_Handler) for MemManage_Handler
    startup_stm32f407xx.o(RESET) refers to stm32f4xx_it.o(i.BusFault_Handler) for BusFault_Handler
    startup_stm32f407xx.o(RESET) refers to stm32f4xx_it.o(i.UsageFault_Handler) for UsageFault_Handler
    startup_stm32f407xx.o(RESET) refers to port.o(.emb_text) for SVC_Handler
    startup_stm32f407xx.o(RESET) refers to stm32f4xx_it.o(i.DebugMon_Handler) for DebugMon_Handler
    startup_stm32f407xx.o(RESET) refers to port.o(i.SysTick_Handler) for SysTick_Handler
    startup_stm32f407xx.o(RESET) refers to stm32f4xx_it.o(i.EXTI0_IRQHandler) for EXTI0_IRQHandler
    startup_stm32f407xx.o(RESET) refers to stm32f4xx_it.o(i.EXTI1_IRQHandler) for EXTI1_IRQHandler
    startup_stm32f407xx.o(RESET) refers to stm32f4xx_it.o(i.EXTI2_IRQHandler) for EXTI2_IRQHandler
    startup_stm32f407xx.o(RESET) refers to stm32f4xx_it.o(i.EXTI3_IRQHandler) for EXTI3_IRQHandler
    startup_stm32f407xx.o(RESET) refers to stm32f4xx_it.o(i.EXTI4_IRQHandler) for EXTI4_IRQHandler
    startup_stm32f407xx.o(RESET) refers to stm32f4xx_it.o(i.CAN1_TX_IRQHandler) for CAN1_TX_IRQHandler
    startup_stm32f407xx.o(RESET) refers to stm32f4xx_it.o(i.CAN1_RX0_IRQHandler) for CAN1_RX0_IRQHandler
    startup_stm32f407xx.o(RESET) refers to stm32f4xx_it.o(i.CAN1_RX1_IRQHandler) for CAN1_RX1_IRQHandler
    startup_stm32f407xx.o(RESET) refers to stm32f4xx_it.o(i.CAN1_SCE_IRQHandler) for CAN1_SCE_IRQHandler
    startup_stm32f407xx.o(RESET) refers to stm32f4xx_it.o(i.EXTI9_5_IRQHandler) for EXTI9_5_IRQHandler
    startup_stm32f407xx.o(RESET) refers to stm32f4xx_it.o(i.TIM1_BRK_TIM9_IRQHandler) for TIM1_BRK_TIM9_IRQHandler
    startup_stm32f407xx.o(RESET) refers to stm32f4xx_it.o(i.TIM1_UP_TIM10_IRQHandler) for TIM1_UP_TIM10_IRQHandler
    startup_stm32f407xx.o(RESET) refers to stm32f4xx_it.o(i.TIM1_TRG_COM_TIM11_IRQHandler) for TIM1_TRG_COM_TIM11_IRQHandler
    startup_stm32f407xx.o(RESET) refers to stm32f4xx_it.o(i.TIM1_CC_IRQHandler) for TIM1_CC_IRQHandler
    startup_stm32f407xx.o(RESET) refers to stm32f4xx_it.o(i.TIM2_IRQHandler) for TIM2_IRQHandler
    startup_stm32f407xx.o(RESET) refers to stm32f4xx_it.o(i.TIM3_IRQHandler) for TIM3_IRQHandler
    startup_stm32f407xx.o(RESET) refers to stm32f4xx_it.o(i.TIM4_IRQHandler) for TIM4_IRQHandler
    startup_stm32f407xx.o(RESET) refers to stm32f4xx_it.o(i.I2C1_EV_IRQHandler) for I2C1_EV_IRQHandler
    startup_stm32f407xx.o(RESET) refers to stm32f4xx_it.o(i.I2C1_ER_IRQHandler) for I2C1_ER_IRQHandler
    startup_stm32f407xx.o(RESET) refers to stm32f4xx_it.o(i.USART1_IRQHandler) for USART1_IRQHandler
    startup_stm32f407xx.o(RESET) refers to stm32f4xx_it.o(i.USART2_IRQHandler) for USART2_IRQHandler
    startup_stm32f407xx.o(RESET) refers to stm32f4xx_it.o(i.USART3_IRQHandler) for USART3_IRQHandler
    startup_stm32f407xx.o(RESET) refers to stm32f4xx_it.o(i.EXTI15_10_IRQHandler) for EXTI15_10_IRQHandler
    startup_stm32f407xx.o(RESET) refers to stm32f4xx_it.o(i.TIM8_BRK_TIM12_IRQHandler) for TIM8_BRK_TIM12_IRQHandler
    startup_stm32f407xx.o(RESET) refers to stm32f4xx_it.o(i.TIM8_UP_TIM13_IRQHandler) for TIM8_UP_TIM13_IRQHandler
    startup_stm32f407xx.o(RESET) refers to stm32f4xx_it.o(i.TIM8_TRG_COM_TIM14_IRQHandler) for TIM8_TRG_COM_TIM14_IRQHandler
    startup_stm32f407xx.o(RESET) refers to stm32f4xx_it.o(i.TIM8_CC_IRQHandler) for TIM8_CC_IRQHandler
    startup_stm32f407xx.o(RESET) refers to stm32f4xx_it.o(i.TIM5_IRQHandler) for TIM5_IRQHandler
    startup_stm32f407xx.o(RESET) refers to stm32f4xx_it.o(i.UART4_IRQHandler) for UART4_IRQHandler
    startup_stm32f407xx.o(RESET) refers to stm32f4xx_it.o(i.TIM6_DAC_IRQHandler) for TIM6_DAC_IRQHandler
    startup_stm32f407xx.o(RESET) refers to stm32f4xx_it.o(i.TIM7_IRQHandler) for TIM7_IRQHandler
    startup_stm32f407xx.o(RESET) refers to stm32f4xx_it.o(i.CAN2_TX_IRQHandler) for CAN2_TX_IRQHandler
    startup_stm32f407xx.o(RESET) refers to stm32f4xx_it.o(i.CAN2_RX0_IRQHandler) for CAN2_RX0_IRQHandler
    startup_stm32f407xx.o(RESET) refers to stm32f4xx_it.o(i.CAN2_RX1_IRQHandler) for CAN2_RX1_IRQHandler
    startup_stm32f407xx.o(RESET) refers to stm32f4xx_it.o(i.CAN2_SCE_IRQHandler) for CAN2_SCE_IRQHandler
    startup_stm32f407xx.o(RESET) refers to stm32f4xx_it.o(i.USART6_IRQHandler) for USART6_IRQHandler
    startup_stm32f407xx.o(.text) refers to system_stm32f4xx.o(i.SystemInit) for SystemInit
[...]
    xDelayedTaskList1                        0x20007688   Data          20  tasks.o(.bss)
    xDelayedTaskList2                        0x2000769c   Data          20  tasks.o(.bss)
    xPendingReadyList                        0x200076b0   Data          20  tasks.o(.bss)
    xTasksWaitingTermination                 0x200076c4   Data          20  tasks.o(.bss)
    xSuspendedTaskList                       0x200076d8   Data          20  tasks.o(.bss)
    .bss                                     0x200076ec   Section      280  timers.o(.bss)
    xActiveTimerList1                        0x200076ec   Data          20  timers.o(.bss)
    xActiveTimerList2                        0x20007700   Data          20  timers.o(.bss)
    xStaticTimerQueue                        0x20007714   Data          80  timers.o(.bss)
    ucStaticTimerQueueStorage                0x20007764   Data         160  timers.o(.bss)
    .bss                                     0x20007804   Section     1768  cmsis_os2.o(.bss)
    Idle_TCB                                 0x20007804   Data         116  cmsis_os2.o(.bss)
    Idle_Stack                               0x20007878   Data         512  cmsis_os2.o(.bss)
    Timer_TCB                                0x20007a78   Data         116  cmsis_os2.o(.bss)
    Timer_Stack                              0x20007aec   Data        1024  cmsis_os2.o(.bss)
    .bss                                     0x20007eec   Section    15360  heap_4.o(.bss)
    ucHeap                                   0x20007eec   Data       15360  heap_4.o(.bss)
    STACK                                    0x2000baf0   Section     1024  startup_stm32f407xx.o(STACK)

    Global Symbols

    Symbol Name                              Value     Ov Type        Size  Object(Section)

    BuildAttributes$$THM_ISAv4$E$P$D$K$B$S$7EM$VFPi3$EXTD16$VFPS$VFMA$PE$A:L22UL41UL21$X:L11$S22US41US21$IEEE1$IW$USESV6$~STKCKD$USESV7$~SHL$OSPACE$ROPI$EBA8$MICROLIB$REQ8$PRES8$EABIv2 0x00000000   Number         0  anon$$obj.o ABSOLUTE
    __ARM_use_no_argv                        0x00000000   Number         0  main.o ABSOLUTE
    _printf_a                                0x00000000   Number         0  stubs.o ABSOLUTE
    _printf_c                                0x00000000   Number         0  stubs.o ABSOLUTE
    _printf_charcount                        0x00000000   Number         0  stubs.o ABSOLUTE
    _printf_d                                0x00000000   Number         0  stubs.o ABSOLUTE
    _printf_e                                0x00000000   Number         0  stubs.o ABSOLUTE
    _printf_f                                0x00000000   Number         0  stubs.o ABSOLUTE
    _printf_flags                            0x00000000   Number         0  stubs.o ABSOLUTE
    _printf_fp_dec                           0x00000000   Number         0  stubs.o ABSOLUTE
    _printf_fp_hex                           0x00000000   Number         0  stubs.o ABSOLUTE
    _printf_g                                0x00000000   Number         0  stubs.o ABSOLUTE
    _printf_i                                0x00000000   Number         0  stubs.o ABSOLUTE
    _printf_int_dec                          0x00000000   Number         0  stubs.o ABSOLUTE
    _printf_l                                0x00000000   Number         0  stubs.o ABSOLUTE
    _printf_lc                               0x00000000   Number         0  stubs.o ABSOLUTE
    _printf_ll                               0x00000000   Number         0  stubs.o ABSOLUTE
    _printf_lld                              0x00000000   Number         0  stubs.o ABSOLUTE
    _printf_lli                              0x00000000   Number         0  stubs.o ABSOLUTE
    _printf_llo                              0x00000000   Number         0  stubs.o ABSOLUTE
    _printf_llu                              0x00000000   Number         0  stubs.o ABSOLUTE
    _printf_llx                              0x00000000   Number         0  stubs.o ABSOLUTE
    _printf_longlong_dec                     0x00000000   Number         0  stubs.o ABSOLUTE
    _printf_longlong_hex                     0x00000000   Number         0  stubs.o ABSOLUTE
    _printf_longlong_oct                     0x00000000   Number         0  stubs.o ABSOLUTE
    _printf_ls                               0x00000000   Number         0  stubs.o ABSOLUTE
    _printf_mbtowc                           0x00000000   Number         0  stubs.o ABSOLUTE
    _printf_n                                0x00000000   Number         0  stubs.o ABSOLUTE
    _printf_o                                0x00000000   Number         0  stubs.o ABSOLUTE
    _printf_p                                0x00000000   Number         0  stubs.o ABSOLUTE
    _printf_percent                          0x00000000   Number         0  stubs.o ABSOLUTE
    _printf_pre_padding                      0x00000000   Number         0  stubs.o ABSOLUTE
    _printf_return_value                     0x00000000   Number         0  stubs.o ABSOLUTE
    _printf_s                                0x00000000   Number         0  stubs.o ABSOLUTE
    _printf_sizespec                         0x00000000   Number         0  stubs.o ABSOLUTE
    _printf_str                              0x00000000   Number         0  stubs.o ABSOLUTE
    _printf_truncate_signed                  0x00000000   Number         0  stubs.o ABSOLUTE
    _printf_truncate_unsigned                0x00000000   Number         0  stubs.o ABSOLUTE
    _printf_u                                0x00000000   Number         0  stubs.o ABSOLUTE
    _printf_wc                               0x00000000   Number         0  stubs.o ABSOLUTE
    _printf_wctomb                           0x00000000   Number         0  stubs.o ABSOLUTE
    _printf_widthprec                        0x00000000   Number         0  stubs.o ABSOLUTE
    _printf_x                                0x00000000   Number         0  stubs.o ABSOLUTE
    __cpp_initialize__aeabi_                  - Undefined Weak Reference
    __cxa_finalize                            - Undefined Weak Reference
    __decompress                              - Undefined Weak Reference
    _clock_init                               - Undefined Weak Reference
    _microlib_exit                            - Undefined Weak Reference
    __Vectors_Size                           0x00000188   Number         0  startup_stm32f407xx.o ABSOLUTE
    __Vectors                                0x08000000   Data           4  startup_stm32f407xx.o(RESET)
    __Vectors_End                            0x08000188   Data           0  startup_stm32f407xx.o(RESET)
    __main                                   0x08000189   Thumb Code     0  entry.o(.ARM.Collect$$$$00000000)
    _main_stk                                0x08000189   Thumb Code     0  entry2.o(.ARM.Collect$$$$00000001)
    _main_scatterload                        0x0800018d   Thumb Code     0  entry5.o(.ARM.Collect$$$$00000004)
    __main_after_scatterload                 0x08000191   Thumb Code     0  entry5.o(.ARM.Collect$$$$00000004)
    _main_clock                              0x08000191   Thumb Code     0  entry7b.o(.ARM.Collect$$$$00000008)
    _main_cpp_init                           0x08000191   Thumb Code     0  entry8b.o(.ARM.Collect$$$$0000000A)
    _main_init                               0x08000191   Thumb Code     0  entry9a.o(.ARM.Collect$$$$0000000B)
    __rt_final_cpp                           0x08000199   Thumb Code     0  entry10a.o(.ARM.Collect$$$$0000000D)
    __rt_final_exit                          0x08000199   Thumb Code     0  entry11a.o(.ARM.Collect$$$$0000000F)
    SVC_Handler                              0x0800019d   Thumb Code    28  port.o(.emb_text)
    __asm___6_port_c_39a90d8d__prvStartFirstTask 0x080001bd   Thumb Code    36  port.o(.emb_text)
    __asm___6_port_c_39a90d8d__prvEnableVFP  0x080001e5   Thumb Code    16  port.o(.emb_text)
    PendSV_Handler                           0x080001f9   Thumb Code    88  port.o(.emb_text)
    vPortGetIPSR                             0x08000255   Thumb Code     6  port.o(.emb_text)
    Reset_Handler                            0x0800025d   Thumb Code     8  startup_stm32f407xx.o(.text)
    ADC_IRQHandler                           0x08000277   Thumb Code     0  startup_stm32f407xx.o(.text)
    DCMI_IRQHandler                          0x08000277   Thumb Code     0  startup_stm32f407xx.o(.text)
    DMA1_Stream0_IRQHandler                  0x08000277   Thumb Code     0  startup_stm32f407xx.o(.text)
    DMA1_Stream1_IRQHandler                  0x08000277   Thumb Code     0  startup_stm32f407xx.o(.text)
    DMA1_Stream2_IRQHandler                  0x08000277   Thumb Code     0  startup_stm32f407xx.o(.text)
    DMA1_Stream3_IRQHandler                  0x08000277   Thumb Code     0  startup_stm32f407xx.o(.text)
    DMA1_Stream4_IRQHandler                  0x08000277   Thumb Code     0  startup_stm32f407xx.o(.text)
    DMA1_Stream5_IRQHandler                  0x08000277   Thumb Code     0  startup_stm32f407xx.o(.text)
    DMA1_Stream6_IRQHandler                  0x08000277   Thumb Code     0  startup_stm32f407xx.o(.text)
    DMA1_Stream7_IRQHandler                  0x08000277   Thumb Code     0  startup_stm32f407xx.o(.text)
    DMA2_Stream0_IRQHandler                  0x08000277   Thumb Code     0  startup_stm32f407xx.o(.text)
    DMA2_Stream1_IRQHandler                  0x08000277   Thumb Code     0  startup_stm32f407xx.o(.text)
    DMA2_Stream2_IRQHandler                  0x08000277   Thumb Code     0  startup_stm32f407xx.o(.text)
    DMA2_Stream3_IRQHandler                  0x08000277   Thumb Code     0  startup_stm32f407xx.o(.text)
    DMA2_Stream4_IRQHandler                  0x08000277   Thumb Code     0  startup_stm32f407xx.o(.text)
    DMA2_Stream5_IRQHandler                  0x08000277   Thumb Code     0  startup_stm32f407xx.o(.text)
    DMA2_Stream6_IRQHandler                  0x08000277   Thumb Code     0  startup_stm32f407xx.o(.text)
    DMA2_Stream7_IRQHandler                  0x08000277   Thumb Code     0  startup_stm32f407xx.o(.text)
    ETH_IRQHandler                           0x08000277   Thumb Code     0  startup_stm32f407xx.o(.text)
    ETH_WKUP_IRQHandler                      0x08000277   Thumb Code     0  startup_stm32f407xx.o(.text)
    FLASH_IRQHandler                         0x08000277   Thumb Code     0  startup_stm32f407xx.o(.text)
    FMC_IRQHandler                           0x08000277   Thumb Code     0  startup_stm32f407xx.o(.text)
    FPU_IRQHandler                           0x08000277   Thumb Code     0  startup_stm32f407xx.o(.text)
    HASH_RNG_IRQHandler                      0x08000277   Thumb Code     0  startup_stm32f407xx.o(.text)
    I2C2_ER_IRQHandler                       0x08000277   Thumb Code     0  startup_stm32f407xx.o(.text)
    I2C2_EV_IRQHandler                       0x08000277   Thumb Code     0  startup_stm32f407xx.o(.text)
    I2C3_ER_IRQHandler                       0x08000277   Thumb Code     0  startup_stm32f407xx.o(.text)
    I2C3_EV_IRQHandler                       0x08000277   Thumb Code     0  startup_stm32f407xx.o(.text)
    OTG_FS_IRQHandler                        0x08000277   Thumb Code     0  startup_stm32f407xx.o(.text)
    OTG_FS_WKUP_IRQHandler                   0x08000277   Thumb Code     0  startup_stm32f407xx.o(.text)
    OTG_HS_EP1_IN_IRQHandler                 0x08000277   Thumb Code     0  startup_stm32f407xx.o(.text)
    OTG_HS_EP1_OUT_IRQHandler                0x08000277   Thumb Code     0  startup_stm32f407xx.o(.text)
    OTG_HS_IRQHandler                        0x08000277   Thumb Code     0  startup_stm32f407xx.o(.text)
    OTG_HS_WKUP_IRQHandler                   0x08000277   Thumb Code     0  startup_stm32f407xx.o(.text)
    PVD_IRQHandler                           0x08000277   Thumb Code     0  startup_stm32f407xx.o(.text)
    RCC_IRQHandler                           0x08000277   Thumb Code     0  startup_stm32f407xx.o(.text)
    RTC_Alarm_IRQHandler                     0x08000277   Thumb Code     0  startup_stm32f407xx.o(.text)
    RTC_WKUP_IRQHandler                      0x08000277   Thumb Code     0  startup_stm32f407xx.o(.text)
    SDIO_IRQHandler                          0x08000277   Thumb Code     0  startup_stm32f407xx.o(.text)
    SPI1_IRQHandler                          0x08000277   Thumb Code     0  startup_stm32f407xx.o(.text)
    SPI2_IRQHandler                          0x08000277   Thumb Code     0  startup_stm32f407xx.o(.text)
    SPI3_IRQHandler                          0x08000277   Thumb Code     0  startup_stm32f407xx.o(.text)
    TAMP_STAMP_IRQHandler                    0x08000277   Thumb Code     0  startup_stm32f407xx.o(.text)
    UART5_IRQHandler                         0x08000277   Thumb Code     0  startup_stm32f407xx.o(.text)
    WWDG_IRQHandler                          0x08000277   Thumb Code     0  startup_stm32f407xx.o(.text)
    __aeabi_uldivmod                         0x08000281   Thumb Code    98  uldiv.o(.text)
    __aeabi_memcpy                           0x080002e3   Thumb Code    36  memcpya.o(.text)
    __aeabi_memcpy4                          0x080002e3   Thumb Code     0  memcpya.o(.text)
    __aeabi_memcpy8                          0x080002e3   Thumb Code     0  memcpya.o(.text)
    __aeabi_memset                           0x08000307   Thumb Code    14  memseta.o(.text)
    __aeabi_memset4                          0x08000307   Thumb Code     0  memseta.o(.text)
    __aeabi_memset8                          0x08000307   Thumb Code     0  memseta.o(.text)
    __aeabi_memclr                           0x08000315   Thumb Code     4  memseta.o(.text)
    __aeabi_memclr4                          0x08000315   Thumb Code     0  memseta.o(.text)
    __aeabi_memclr8                          0x08000315   Thumb Code     0  memseta.o(.text)
    memset                                   0x08000319   Thumb Code    18  memseta.o(.text)
    strlen                                   0x0800032b   Thumb Code    14  strlen.o(.text)
    strcpy                                   0x08000339   Thumb Code    18  strcpy.o(.text)
    __aeabi_uidiv                            0x0800034b   Thumb Code     0  uidiv.o(.text)
    __aeabi_uidivmod                         0x0800034b   Thumb Code    44  uidiv.o(.text)
    __aeabi_llsl                             0x08000377   Thumb Code    30  llshl.o(.text)
    _ll_shift_l                              0x08000377   Thumb Code     0  llshl.o(.text)
    __aeabi_llsr                             0x08000395   Thumb Code    32  llushr.o(.text)
    _ll_ushift_r                             0x08000395   Thumb Code     0  llushr.o(.text)
    __scatterload                            0x080003b5   Thumb Code    28  init.o(.text)
    __scatterload_rt2                        0x080003b5   Thumb Code     0  init.o(.text)
    BusFault_Handler                         0x080003d9   Thumb Code     2  stm32f4xx_it.o(i.BusFault_Handler)
    CAN1_RX0_IRQHandler                      0x080003dd   Thumb Code     6  stm32f4xx_it.o(i.CAN1_RX0_IRQHandler)
    CAN1_RX1_IRQHandler                      0x080003e9   Thumb Code     6  stm32f4xx_it.o(i.CAN1_RX1_IRQHandler)
    CAN1_SCE_IRQHandler                      0x080003f5   Thumb Code     6  stm32f4xx_it.o(i.CAN1_SCE_IRQHandler)
    CAN1_TX_IRQHandler                       0x08000401   Thumb Code     6  stm32f4xx_it.o(i.CAN1_TX_IRQHandler)
    CAN2_RX0_IRQHandler                      0x0800040d   Thumb Code     6  stm32f4xx_it.o(i.CAN2_RX0_IRQHandler)
    CAN2_RX1_IRQHandler                      0x08000419   Thumb Code     6  stm32f4xx_it.o(i.CAN2_RX1_IRQHandler)
    CAN2_SCE_IRQHandler                      0x08000425   Thumb Code     6  stm32f4xx_it.o(i.CAN2_SCE_IRQHandler)
    CAN2_TX_IRQHandler                       0x08000431   Thumb Code     6  stm32f4xx_it.o(i.CAN2_TX_IRQHandler)
    DebugMon_Handler                         0x0800043d   Thumb Code     2  stm32f4xx_it.o(i.DebugMon_Handler)
    EXTI0_IRQHandler                         0x0800043f   Thumb Code     6  stm32f4xx_it.o(i.EXTI0_IRQHandler)
    EXTI15_10_IRQHandler                     0x08000445   Thumb Code    54  stm32f4xx_it.o(i.EXTI15_10_IRQHandler)
    EXTI1_IRQHandler                         0x0800047b   Thumb Code     6  stm32f4xx_it.o(i.EXTI1_IRQHandler)
    EXTI2_IRQHandler                         0x08000481   Thumb Code     6  stm32f4xx_it.o(i.EXTI2_IRQHandler)
    EXTI3_IRQHandler                         0x08000487   Thumb Code     6  stm32f4xx_it.o(i.EXTI3_IRQHandler)
    EXTI4_IRQHandler                         0x0800048d   Thumb Code     6  stm32f4xx_it.o(i.EXTI4_IRQHandler)
    EXTI9_5_IRQHandler                       0x08000493   Thumb Code    40  stm32f4xx_it.o(i.EXTI9_5_IRQHandler)
    Error_Handler                            0x080004bb   Thumb Code     2  main.o(i.Error_Handler)
    HAL_CAN_AddTxMessage                     0x080004bd   Thumb Code   200  stm32f4xx_hal_can.o(i.HAL_CAN_AddTxMessage)
    HAL_CAN_ConfigFilter                     0x08000585   Thumb Code   262  stm32f4xx_hal_can.o(i.HAL_CAN_ConfigFilter)
    HAL_CAN_DeInit                           0x08000691   Thumb Code    40  stm32f4xx_hal_can.o(i.HAL_CAN_DeInit)
    HAL_CAN_ErrorCallback                    0x080006b9   Thumb Code     2  stm32f4xx_hal_can.o(i.HAL_CAN_ErrorCallback)
    HAL_CAN_IRQHandler                       0x080006bb   Thumb Code   508  stm32f4xx_hal_can.o(i.HAL_CAN_IRQHandler)
    HAL_CAN_Init                             0x080008b7   Thumb Code   282  stm32f4xx_hal_can.o(i.HAL_CAN_Init)
    HAL_CAN_MspDeInit                        0x080009d1   Thumb Code   128  can.o(i.HAL_CAN_MspDeInit)
    HAL_CAN_MspInit                          0x08000a69   Thumb Code   328  can.o(i.HAL_CAN_MspInit)
    HAL_CAN_RxFifo0FullCallback              0x08000bc9   Thumb Code     2  stm32f4xx_hal_can.o(i.HAL_CAN_RxFifo0FullCallback)
    HAL_CAN_RxFifo0MsgPendingCallback        0x08000bcb   Thumb Code     2  stm32f4xx_hal_can.o(i.HAL_CAN_RxFifo0MsgPendingCallback)
    HAL_CAN_RxFifo1FullCallback              0x08000bcd   Thumb Code     2  stm32f4xx_hal_can.o(i.HAL_CAN_RxFifo1FullCallback)
    HAL_CAN_RxFifo1MsgPendingCallback        0x08000bcf   Thumb Code     2  stm32f4xx_hal_can.o(i.HAL_CAN_RxFifo1MsgPendingCallback)
    HAL_CAN_SleepCallback                    0x08000bd1   Thumb Code     2  stm32f4xx_hal_can.o(i.HAL_CAN_SleepCallback)
    HAL_CAN_Start                            0x08000bd5   Thumb Code    88  stm32f4xx_hal_can.o(i.HAL_CAN_Start)
    HAL_CAN_Stop                             0x08000c2d   Thumb Code    96  stm32f4xx_hal_can.o(i.HAL_CAN_Stop)
    HAL_CAN_TxMailbox0AbortCallback          0x08000c8d   Thumb Code     2  stm32f4xx_hal_can.o(i.HAL_CAN_TxMailbox0AbortCallback)
    HAL_CAN_TxMailbox0CompleteCallback       0x08000c8f   Thumb Code     2  stm32f4xx_hal_can.o(i.HAL_CAN_TxMailbox0CompleteCallback)
    HAL_CAN_TxMailbox1AbortCallback          0x08000c91   Thumb Code     2  stm32f4xx_hal_can.o(i.HAL_CAN_TxMailbox1AbortCallback)
    HAL_CAN_TxMailbox1CompleteCallback       0x08000c93   Thumb Code     2  stm32f4xx_hal_can.o(i.HAL_CAN_TxMailbox1CompleteCallback)
    HAL_CAN_TxMailbox2AbortCallback          0x08000c95   Thumb Code     2  stm32f4xx_hal_can.o(i.HAL_CAN_TxMailbox2AbortCallback)
    HAL_CAN_TxMailbox2CompleteCallback       0x08000c97   Thumb Code     2  stm32f4xx_hal_can.o(i.HAL_CAN_TxMailbox2CompleteCallback)
    HAL_CAN_WakeUpFromRxMsgCallback          0x08000c99   Thumb Code     2  stm32f4xx_hal_can.o(i.HAL_CAN_WakeUpFromRxMsgCallback)
    HAL_CRC_Init                             0x08000c9b   Thumb Code    34  stm32f4xx_hal_crc.o(i.HAL_CRC_Init)
    HAL_CRC_MspInit                          0x08000cbd   Thumb Code    30  crc.o(i.HAL_CRC_MspInit)
    HAL_DMA_Abort_IT                         0x08000ce5   Thumb Code    36  stm32f4xx_hal_dma.o(i.HAL_DMA_Abort_IT)
    HAL_DMA_GetState                         0x08000d09   Thumb Code     6  stm32f4xx_hal_dma.o(i.HAL_DMA_GetState)
    HAL_Delay                                0x08000d11   Thumb Code    32  stm32f4xx_hal.o(i.HAL_Delay)
    HAL_GPIO_DeInit                          0x08000d35   Thumb Code   320  stm32f4xx_hal_gpio.o(i.HAL_GPIO_DeInit)
    HAL_GPIO_EXTI_Callback                   0x08000e9d   Thumb Code     2  stm32f4xx_hal_gpio.o(i.HAL_GPIO_EXTI_Callback)
    HAL_GPIO_EXTI_IRQHandler                 0x08000ea1   Thumb Code    18  stm32f4xx_hal_gpio.o(i.HAL_GPIO_EXTI_IRQHandler)
    HAL_GPIO_Init                            0x08000eb9   Thumb Code   394  stm32f4xx_hal_gpio.o(i.HAL_GPIO_Init)
    HAL_GPIO_ReadPin                         0x08001071   Thumb Code    10  stm32f4xx_hal_gpio.o(i.HAL_GPIO_ReadPin)
    HAL_GPIO_WritePin                        0x0800107b   Thumb Code    10  stm32f4xx_hal_gpio.o(i.HAL_GPIO_WritePin)
    HAL_GetTick                              0x08001085   Thumb Code     6  stm32f4xx_hal.o(i.HAL_GetTick)
    HAL_I2C_AbortCpltCallback                0x08001091   Thumb Code     2  stm32f4xx_hal_i2c.o(i.HAL_I2C_AbortCpltCallback)
    HAL_I2C_AddrCallback                     0x08001093   Thumb Code     2  stm32f4xx_hal_i2c.o(i.HAL_I2C_AddrCallback)
    HAL_I2C_ER_IRQHandler                    0x08001095   Thumb Code   186  stm32f4xx_hal_i2c.o(i.HAL_I2C_ER_IRQHandler)
    HAL_I2C_EV_IRQHandler                    0x0800114f   Thumb Code   602  stm32f4xx_hal_i2c.o(i.HAL_I2C_EV_IRQHandler)
    HAL_I2C_ErrorCallback                    0x080013a9   Thumb Code     2  stm32f4xx_hal_i2c.o(i.HAL_I2C_ErrorCallback)
    HAL_I2C_Init                             0x080013ad   Thumb Code   376  stm32f4xx_hal_i2c.o(i.HAL_I2C_Init)
    HAL_I2C_ListenCpltCallback               0x08001535   Thumb Code     2  stm32f4xx_hal_i2c.o(i.HAL_I2C_ListenCpltCallback)
    HAL_I2C_MasterRxCpltCallback             0x08001537   Thumb Code     2  stm32f4xx_hal_i2c.o(i.HAL_I2C_MasterRxCpltCallback)
    HAL_I2C_MasterTxCpltCallback             0x08001539   Thumb Code     2  stm32f4xx_hal_i2c.o(i.HAL_I2C_MasterTxCpltCallback)
    HAL_I2C_MemRxCpltCallback                0x0800153b   Thumb Code     2  stm32f4xx_hal_i2c.o(i.HAL_I2C_MemRxCpltCallback)
    HAL_I2C_MemTxCpltCallback                0x0800153d   Thumb Code     2  stm32f4xx_hal_i2c.o(i.HAL_I2C_MemTxCpltCallback)
    HAL_I2C_MspInit                          0x08001541   Thumb Code   124  i2c.o(i.HAL_I2C_MspInit)
    HAL_I2C_SlaveRxCpltCallback              0x080015c9   Thumb Code     2  stm32f4xx_hal_i2c.o(i.HAL_I2C_SlaveRxCpltCallback)
    HAL_I2C_SlaveTxCpltCallback              0x080015cb   Thumb Code     2  stm32f4xx_hal_i2c.o(i.HAL_I2C_SlaveTxCpltCallback)
    HAL_IncTick                              0x080015cd   Thumb Code    12  stm32f4xx_hal.o(i.HAL_IncTick)
    HAL_Init                                 0x080015dd   Thumb Code    48  stm32f4xx_hal.o(i.HAL_Init)
    HAL_InitTick                             0x08001611   Thumb Code   100  stm32f4xx_hal_timebase_tim.o(i.HAL_InitTick)
    HAL_MspInit                              0x08001685   Thumb Code    52  stm32f4xx_hal_msp.o(i.HAL_MspInit)
    HAL_NVIC_DisableIRQ                      0x080016bd   Thumb Code    34  stm32f4xx_hal_cortex.o(i.HAL_NVIC_DisableIRQ)
    HAL_NVIC_EnableIRQ                       0x080016df   Thumb Code    26  stm32f4xx_hal_cortex.o(i.HAL_NVIC_EnableIRQ)
    HAL_NVIC_SetPriority                     0x080016f9   Thumb Code    60  stm32f4xx_hal_cortex.o(i.HAL_NVIC_SetPriority)
    HAL_NVIC_SetPriorityGrouping             0x08001739   Thumb Code    26  stm32f4xx_hal_cortex.o(i.HAL_NVIC_SetPriorityGrouping)
    HAL_RCC_ClockConfig                      0x0800175d   Thumb Code   288  stm32f4xx_hal_rcc.o(i.HAL_RCC_ClockConfig)
    HAL_RCC_GetClockConfig                   0x08001891   Thumb Code    54  stm32f4xx_hal_rcc.o(i.HAL_RCC_GetClockConfig)
    HAL_RCC_GetPCLK1Freq                     0x080018d1   Thumb Code    20  stm32f4xx_hal_rcc.o(i.HAL_RCC_GetPCLK1Freq)
    HAL_RCC_GetPCLK2Freq                     0x080018f1   Thumb Code    20  stm32f4xx_hal_rcc.o(i.HAL_RCC_GetPCLK2Freq)
    HAL_RCC_GetSysClockFreq                  0x08001911   Thumb Code    88  stm32f4xx_hal_rcc.o(i.HAL_RCC_GetSysClockFreq)
    HAL_RCC_OscConfig                        0x08001975   Thumb Code   834  stm32f4xx_hal_rcc.o(i.HAL_RCC_OscConfig)
    HAL_TIMEx_BreakCallback                  0x08001cd1   Thumb Code     2  stm32f4xx_hal_tim_ex.o(i.HAL_TIMEx_BreakCallback)
    HAL_TIMEx_CommutCallback                 0x08001cd3   Thumb Code     2  stm32f4xx_hal_tim_ex.o(i.HAL_TIMEx_CommutCallback)
    HAL_TIMEx_ConfigBreakDeadTime            0x08001cd5   Thumb Code    84  stm32f4xx_hal_tim_ex.o(i.HAL_TIMEx_ConfigBreakDeadTime)
    HAL_TIMEx_MasterConfigSynchronization    0x08001d29   Thumb Code   116  stm32f4xx_hal_tim_ex.o(i.HAL_TIMEx_MasterConfigSynchronization)
    HAL_TIM_Base_Init                        0x08001db9   Thumb Code    54  stm32f4xx_hal_tim.o(i.HAL_TIM_Base_Init)
    HAL_TIM_Base_MspInit                     0x08001df1   Thumb Code   582  tim.o(i.HAL_TIM_Base_MspInit)
    HAL_TIM_Base_Start_IT                    0x0800206d   Thumb Code    34  stm32f4xx_hal_tim.o(i.HAL_TIM_Base_Start_IT)
    HAL_TIM_ConfigClockSource                0x0800208f   Thumb Code   214  stm32f4xx_hal_tim.o(i.HAL_TIM_ConfigClockSource)
    HAL_TIM_IC_CaptureCallback               0x08002165   Thumb Code     2  stm32f4xx_hal_tim.o(i.HAL_TIM_IC_CaptureCallback)
    HAL_TIM_IRQHandler                       0x08002167   Thumb Code   358  stm32f4xx_hal_tim.o(i.HAL_TIM_IRQHandler)
    HAL_TIM_MspPostInit                      0x080022cd   Thumb Code   180  tim.o(i.HAL_TIM_MspPostInit)
    HAL_TIM_OC_DelayElapsedCallback          0x0800239d   Thumb Code     2  stm32f4xx_hal_tim.o(i.HAL_TIM_OC_DelayElapsedCallback)
    HAL_TIM_PWM_ConfigChannel                0x0800239f   Thumb Code   208  stm32f4xx_hal_tim.o(i.HAL_TIM_PWM_ConfigChannel)
    HAL_TIM_PWM_Init                         0x0800246f   Thumb Code    54  stm32f4xx_hal_tim.o(i.HAL_TIM_PWM_Init)
    HAL_TIM_PWM_MspInit                      0x080024a5   Thumb Code     2  stm32f4xx_hal_tim.o(i.HAL_TIM_PWM_MspInit)
    HAL_TIM_PWM_PulseFinishedCallback        0x080024a7   Thumb Code     2  stm32f4xx_hal_tim.o(i.HAL_TIM_PWM_PulseFinishedCallback)
    HAL_TIM_PWM_Start                        0x080024a9   Thumb Code    58  stm32f4xx_hal_tim.o(i.HAL_TIM_PWM_Start)
    HAL_TIM_PeriodElapsedCallback            0x080024ed   Thumb Code    14  main.o(i.HAL_TIM_PeriodElapsedCallback)
    HAL_TIM_TriggerCallback                  0x08002501   Thumb Code     2  stm32f4xx_hal_tim.o(i.HAL_TIM_TriggerCallback)
    HAL_UART_ErrorCallback                   0x08002503   Thumb Code     2  stm32f4xx_hal_uart.o(i.HAL_UART_ErrorCallback)
    HAL_UART_IRQHandler                      0x08002505   Thumb Code   270  stm32f4xx_hal_uart.o(i.HAL_UART_IRQHandler)
    HAL_UART_Init                            0x08002619   Thumb Code    98  stm32f4xx_hal_uart.o(i.HAL_UART_Init)
    HAL_UART_MspInit                         0x0800267d   Thumb Code   454  usart.o(i.HAL_UART_MspInit)
    HAL_UART_RxCpltCallback                  0x08002869   Thumb Code     2  stm32f4xx_hal_uart.o(i.HAL_UART_RxCpltCallback)
    HAL_UART_Transmit                        0x0800286b   Thumb Code   186  stm32f4xx_hal_uart.o(i.HAL_UART_Transmit)
    HAL_UART_TxCpltCallback                  0x08002925   Thumb Code     2  stm32f4xx_hal_uart.o(i.HAL_UART_TxCpltCallback)
    HardFault_Handler                        0x08002927   Thumb Code     2  stm32f4xx_it.o(i.HardFault_Handler)
    I2C1_ER_IRQHandler                       0x08002929   Thumb Code     6  stm32f4xx_it.o(i.I2C1_ER_IRQHandler)
    I2C1_EV_IRQHandler                       0x08002935   Thumb Code     6  stm32f4xx_it.o(i.I2C1_EV_IRQHandler)
    MX_CAN1_Init                             0x080031bd   Thumb Code    52  can.o(i.MX_CAN1_Init)
    MX_CAN2_Init                             0x080031f9   Thumb Code    52  can.o(i.MX_CAN2_Init)
    MX_CRC_Init                              0x08003235   Thumb Code    28  crc.o(i.MX_CRC_Init)
    MX_FREERTOS_Init                         0x08003259   Thumb Code   332  freertos.o(i.MX_FREERTOS_Init)
    MX_GPIO_Init                             0x080033e1   Thumb Code   444  gpio.o(i.MX_GPIO_Init)
    MX_I2C1_Init                             0x080035bd   Thumb Code    50  i2c.o(i.MX_I2C1_Init)
    MX_TIM10_Init                            0x080035fd   Thumb Code    48  tim.o(i.MX_TIM10_Init)
    MX_TIM11_Init                            0x08003635   Thumb Code    46  tim.o(i.MX_TIM11_Init)
    MX_TIM12_Init                            0x0800366d   Thumb Code    62  tim.o(i.MX_TIM12_Init)
    MX_TIM13_Init                            0x080036b5   Thumb Code    38  tim.o(i.MX_TIM13_Init)
    MX_TIM14_Init                            0x080036e5   Thumb Code    44  tim.o(i.MX_TIM14_Init)
    MX_TIM1_Init                             0x08003719   Thumb Code   198  tim.o(i.MX_TIM1_Init)
    MX_TIM2_Init                             0x080037e9   Thumb Code   152  tim.o(i.MX_TIM2_Init)
    MX_TIM3_Init                             0x08003885   Thumb Code   150  tim.o(i.MX_TIM3_Init)
    MX_TIM4_Init                             0x08003925   Thumb Code   150  tim.o(i.MX_TIM4_Init)
    MX_TIM5_Init                             0x080039c5   Thumb Code    96  tim.o(i.MX_TIM5_Init)
    MX_TIM7_Init                             0x08003a2d   Thumb Code    64  tim.o(i.MX_TIM7_Init)
    MX_TIM8_Init                             0x08003a75   Thumb Code   100  tim.o(i.MX_TIM8_Init)
    MX_TIM9_Init                             0x08003ae1   Thumb Code    72  tim.o(i.MX_TIM9_Init)
    MX_UART4_Init                            0x08003b31   Thumb Code    48  usart.o(i.MX_UART4_Init)
    MX_USART1_UART_Init                      0x08003b69   Thumb Code    48  usart.o(i.MX_USART1_UART_Init)
    MX_USART2_UART_Init                      0x08003ba1   Thumb Code    48  usart.o(i.MX_USART2_UART_Init)
    MX_USART3_UART_Init                      0x08003bd9   Thumb Code    48  usart.o(i.MX_USART3_UART_Init)
    MX_USART6_UART_Init                      0x08003c11   Thumb Code    48  usart.o(i.MX_USART6_UART_Init)
    MemManage_Handler                        0x08003c49   Thumb Code     2  stm32f4xx_it.o(i.MemManage_Handler)
    NMI_Handler                              0x08003c4b   Thumb Code     2  stm32f4xx_it.o(i.NMI_Handler)
    StartDefaultTask                         0x08003c4d   Thumb Code   246  freertos.o(i.StartDefaultTask)
    SysTick_Handler                          0x08003d85   Thumb Code    38  port.o(i.SysTick_Handler)
    SystemClock_Config                       0x08003db1   Thumb Code   124  main.o(i.SystemClock_Config)
    SystemInit                               0x08003e35   Thumb Code    22  system_stm32f4xx.o(i.SystemInit)
    TIM1_BRK_TIM9_IRQHandler                 0x08003e51   Thumb Code    98  stm32f4xx_it.o(i.TIM1_BRK_TIM9_IRQHandler)
    TIM1_CC_IRQHandler                       0x08003ecd   Thumb Code     6  stm32f4xx_it.o(i.TIM1_CC_IRQHandler)
    TIM1_TRG_COM_TIM11_IRQHandler            0x08003ed9   Thumb Code    62  stm32f4xx_it.o(i.TIM1_TRG_COM_TIM11_IRQHandler)
    TIM1_UP_TIM10_IRQHandler                 0x08003f2d   Thumb Code    74  stm32f4xx_it.o(i.TIM1_UP_TIM10_IRQHandler)
    TIM2_IRQHandler                          0x08003f8d   Thumb Code     6  stm32f4xx_it.o(i.TIM2_IRQHandler)
    TIM3_IRQHandler                          0x08003f99   Thumb Code     6  stm32f4xx_it.o(i.TIM3_IRQHandler)
    TIM4_IRQHandler                          0x08003fa5   Thumb Code     6  stm32f4xx_it.o(i.TIM4_IRQHandler)
    TIM5_IRQHandler                          0x08003fb1   Thumb Code    56  stm32f4xx_it.o(i.TIM5_IRQHandler)
    TIM6_DAC_IRQHandler                      0x08003ff9   Thumb Code     6  stm32f4xx_it.o(i.TIM6_DAC_IRQHandler)
    TIM7_IRQHandler                          0x08004005   Thumb Code    54  stm32f4xx_it.o(i.TIM7_IRQHandler)
    TIM8_BRK_TIM12_IRQHandler                0x0800404d   Thumb Code    18  stm32f4xx_it.o(i.TIM8_BRK_TIM12_IRQHandler)
    TIM8_CC_IRQHandler                       0x08004069   Thumb Code     6  stm32f4xx_it.o(i.TIM8_CC_IRQHandler)
    TIM8_TRG_COM_TIM14_IRQHandler            0x08004075   Thumb Code    26  stm32f4xx_it.o(i.TIM8_TRG_COM_TIM14_IRQHandler)
    TIM8_UP_TIM13_IRQHandler                 0x0800409d   Thumb Code    62  stm32f4xx_it.o(i.TIM8_UP_TIM13_IRQHandler)
    TIM_Base_SetConfig                       0x080040f1   Thumb Code   156  stm32f4xx_hal_tim.o(i.TIM_Base_SetConfig)
    TIM_CCxChannelCmd                        0x080041b9   Thumb Code    26  stm32f4xx_hal_tim.o(i.TIM_CCxChannelCmd)
    TIM_ETR_SetConfig                        0x080041d3   Thumb Code    20  stm32f4xx_hal_tim.o(i.TIM_ETR_SetConfig)
    TIM_OC2_SetConfig                        0x08004259   Thumb Code    98  stm32f4xx_hal_tim.o(i.TIM_OC2_SetConfig)
    UART4_IRQHandler                         0x080043c5   Thumb Code     6  stm32f4xx_it.o(i.UART4_IRQHandler)
    USART1_IRQHandler                        0x08004685   Thumb Code     6  stm32f4xx_it.o(i.USART1_IRQHandler)
    USART2_IRQHandler                        0x08004691   Thumb Code     6  stm32f4xx_it.o(i.USART2_IRQHandler)
    USART3_IRQHandler                        0x0800469d   Thumb Code     6  stm32f4xx_it.o(i.USART3_IRQHandler)
    USART6_IRQHandler                        0x080046a9   Thumb Code     6  stm32f4xx_it.o(i.USART6_IRQHandler)
    UsageFault_Handler                       0x080046b5   Thumb Code     2  stm32f4xx_it.o(i.UsageFault_Handler)
    __0printf$3                              0x080046b9   Thumb Code    22  printf3.o(i.__0printf$3)
    __1printf$3                              0x080046b9   Thumb Code     0  printf3.o(i.__0printf$3)
    __2printf                                0x080046b9   Thumb Code     0  printf3.o(i.__0printf$3)
    __0sprintf$3                             0x080046d9   Thumb Code    34  printf3.o(i.__0sprintf$3)
    __1sprintf$3                             0x080046d9   Thumb Code     0  printf3.o(i.__0sprintf$3)
    __2sprintf                               0x080046d9   Thumb Code     0  printf3.o(i.__0sprintf$3)
    __scatterload_copy                       0x08004721   Thumb Code    14  handlers.o(i.__scatterload_copy)
    __scatterload_null                       0x0800472f   Thumb Code     2  handlers.o(i.__scatterload_null)
    __scatterload_zeroinit                   0x08004731   Thumb Code    14  handlers.o(i.__scatterload_zeroinit)
    can_send                                 0x08004905   Thumb Code   154  main.o(i.can_send)
    can_start                                0x080049a5   Thumb Code   100  main.o(i.can_start)
    configureTimerForRunTimeStats            0x08004a11   Thumb Code     8  main.o(i.configureTimerForRunTimeStats)
    eTaskGetState                            0x08004a1d   Thumb Code    94  tasks.o(i.eTaskGetState)
    fputc                                    0x08004a85   Thumb Code    20  main.o(i.fputc)
    getRunTimeCounterValue                   0x08004a9d   Thumb Code     6  main.o(i.getRunTimeCounterValue)
    lock_init                                0x08004aa9   Thumb Code   222  main.o(i.lock_init)
    main                                     0x08004b91   Thumb Code   122  main.o(i.main)
    modbus_send                              0x08004c21   Thumb Code     4  main.o(i.modbus_send)
    osDelay                                  0x08004c25   Thumb Code    46  cmsis_os2.o(i.osDelay)
    osKernelInitialize                       0x08004c59   Thumb Code    50  cmsis_os2.o(i.osKernelInitialize)
    osKernelStart                            0x08004c91   Thumb Code    58  cmsis_os2.o(i.osKernelStart)
    osMessageQueueNew                        0x08004cd1   Thumb Code   110  cmsis_os2.o(i.osMessageQueueNew)
    osThreadNew                              0x08004d45   Thumb Code   160  cmsis_os2.o(i.osThreadNew)
    pvPortMalloc                             0x080055dd   Thumb Code   210  heap_4.o(i.pvPortMalloc)
    pvTaskIncrementMutexHeldCount            0x080056b5   Thumb Code    18  tasks.o(i.pvTaskIncrementMutexHeldCount)
    pxPortInitialiseStack                    0x080056cd   Thumb Code    40  port.o(i.pxPortInitialiseStack)
    start_tk_co_order                        0x080056f9   Thumb Code     8  freertos.o(i.start_tk_co_order)
    start_tk_commu_monitor                   0x08005701   Thumb Code    42  freertos.o(i.start_tk_commu_monitor)
    start_tk_conflict_monitor                0x08005751   Thumb Code    42  freertos.o(i.start_tk_conflict_monitor)
    start_tk_grating_monitor                 0x0800579d   Thumb Code    42  freertos.o(i.start_tk_grating_monitor)
    start_tk_limit_sw                        0x080057e9   Thumb Code    92  freertos.o(i.start_tk_limit_sw)
    start_tk_master_order                    0x08005849   Thumb Code     8  freertos.o(i.start_tk_master_order)
    start_tk_pidoutput                       0x08005851   Thumb Code    42  freertos.o(i.start_tk_pidoutput)
    start_tk_posture_monitor                 0x08005895   Thumb Code    42  freertos.o(i.start_tk_posture_monitor)
    start_tk_send_order                      0x080058e1   Thumb Code   138  freertos.o(i.start_tk_send_order)
    start_tk_sensor_monitor                  0x080059e1   Thumb Code    42  freertos.o(i.start_tk_sensor_monitor)
    start_tk_zero_monitor                    0x08005a29   Thumb Code     8  freertos.o(i.start_tk_zero_monitor)
    switchGet                                0x08005a31   Thumb Code   344  main.o(i.switchGet)
    timer_start                              0x08005b91   Thumb Code    80  main.o(i.timer_start)
    uxListRemove                             0x08005c0d   Thumb Code    38  list.o(i.uxListRemove)
    uxQueueSpacesAvailable                   0x08005c33   Thumb Code    40  queue.o(i.uxQueueSpacesAvailable)
    uxTaskGetSystemState                     0x08005c5d   Thumb Code   160  tasks.o(i.uxTaskGetSystemState)
    vApplicationGetIdleTaskMemory            0x08005d09   Thumb Code    16  cmsis_os2.o(i.vApplicationGetIdleTaskMemory)
    vApplicationGetTimerTaskMemory           0x08005d1d   Thumb Code    18  cmsis_os2.o(i.vApplicationGetTimerTaskMemory)
    vListInitialise                          0x08005d35   Thumb Code    22  list.o(i.vListInitialise)
    vListInitialiseItem                      0x08005d4b   Thumb Code     6  list.o(i.vListInitialiseItem)
    vListInsert                              0x08005d51   Thumb Code    48  list.o(i.vListInsert)
    vListInsertEnd                           0x08005d81   Thumb Code    24  list.o(i.vListInsertEnd)
    vPortEnterCritical                       0x08005d99   Thumb Code    54  port.o(i.vPortEnterCritical)
    vPortExitCritical                        0x08005dd9   Thumb Code    34  port.o(i.vPortExitCritical)
    vPortFree                                0x08005e01   Thumb Code    88  heap_4.o(i.vPortFree)
    vPortSetupTimerInterrupt                 0x08005e5d   Thumb Code    32  port.o(i.vPortSetupTimerInterrupt)
    vPortValidateInterruptPriority           0x08005e81   Thumb Code    74  port.o(i.vPortValidateInterruptPriority)
    vQueueAddToRegistry                      0x08005ed5   Thumb Code    34  queue.o(i.vQueueAddToRegistry)
    vQueueWaitForMessageRestricted           0x08005efd   Thumb Code    68  queue.o(i.vQueueWaitForMessageRestricted)
    vTaskDelay                               0x08005f41   Thumb Code    66  tasks.o(i.vTaskDelay)
    vTaskGetInfo                             0x08005f8d   Thumb Code   114  tasks.o(i.vTaskGetInfo)
    vTaskGetRunTimeStats                     0x08006005   Thumb Code   150  tasks.o(i.vTaskGetRunTimeStats)
    vTaskInternalSetTimeOutState             0x080060b9   Thumb Code    12  tasks.o(i.vTaskInternalSetTimeOutState)
    vTaskList                                0x080060c9   Thumb Code   170  tasks.o(i.vTaskList)
    vTaskMissedYield                         0x08006189   Thumb Code     8  tasks.o(i.vTaskMissedYield)
    vTaskPlaceOnEventList                    0x08006195   Thumb Code    44  tasks.o(i.vTaskPlaceOnEventList)
    vTaskPlaceOnEventListRestricted          0x080061c5   Thumb Code    52  tasks.o(i.vTaskPlaceOnEventListRestricted)
    vTaskPriorityDisinheritAfterTimeout      0x080061fd   Thumb Code   134  tasks.o(i.vTaskPriorityDisinheritAfterTimeout)
    vTaskStartScheduler                      0x0800628d   Thumb Code   122  tasks.o(i.vTaskStartScheduler)
    vTaskSuspendAll                          0x08006319   Thumb Code    10  tasks.o(i.vTaskSuspendAll)
    vTaskSwitchContext                       0x08006329   Thumb Code   114  tasks.o(i.vTaskSwitchContext)
    xPortStartScheduler                      0x080063a5   Thumb Code   222  port.o(i.xPortStartScheduler)
    xQueueGenericCreate                      0x08006499   Thumb Code    72  queue.o(i.xQueueGenericCreate)
    xQueueGenericCreateStatic                0x080064e1   Thumb Code   102  queue.o(i.xQueueGenericCreateStatic)
    xQueueGenericReset                       0x08006549   Thumb Code   132  queue.o(i.xQueueGenericReset)
    xQueueGenericSend                        0x080065d1   Thumb Code   334  queue.o(i.xQueueGenericSend)
    xQueueGenericSendFromISR                 0x08006725   Thumb Code   188  queue.o(i.xQueueGenericSendFromISR)
    xQueueReceive                            0x080067e1   Thumb Code   308  queue.o(i.xQueueReceive)
    xQueueSemaphoreTake                      0x08006919   Thumb Code   372  queue.o(i.xQueueSemaphoreTake)
    xTaskCheckForTimeOut                     0x08006a91   Thumb Code   112  tasks.o(i.xTaskCheckForTimeOut)
    xTaskCreate                              0x08006b05   Thumb Code    90  tasks.o(i.xTaskCreate)
    xTaskCreateStatic                        0x08006b5f   Thumb Code    86  tasks.o(i.xTaskCreateStatic)
    xTaskGenericNotify                       0x08006bb5   Thumb Code   188  tasks.o(i.xTaskGenericNotify)
    xTaskGenericNotifyFromISR                0x08006c7d   Thumb Code   226  tasks.o(i.xTaskGenericNotifyFromISR)
    xTaskGetSchedulerState                   0x08006d6d   Thumb Code    22  tasks.o(i.xTaskGetSchedulerState)
    xTaskGetTickCount                        0x08006d89   Thumb Code     6  tasks.o(i.xTaskGetTickCount)
    xTaskIncrementTick                       0x08006d95   Thumb Code   190  tasks.o(i.xTaskIncrementTick)
    xTaskNotifyWait                          0x08006e5d   Thumb Code   130  tasks.o(i.xTaskNotifyWait)
    xTaskPriorityDisinherit                  0x08006ee9   Thumb Code   118  tasks.o(i.xTaskPriorityDisinherit)
    xTaskPriorityInherit                     0x08006f69   Thumb Code   112  tasks.o(i.xTaskPriorityInherit)
    xTaskRemoveFromEventList                 0x08006fe1   Thumb Code    98  tasks.o(i.xTaskRemoveFromEventList)
    xTaskResumeAll                           0x08007051   Thumb Code   182  tasks.o(i.xTaskResumeAll)
    xTimerCreateTimerTask                    0x08007115   Thumb Code    78  timers.o(i.xTimerCreateTimerTask)
    xTimerGenericCommand                     0x08007175   Thumb Code    98  timers.o(i.xTimerGenericCommand)
    AHBPrescTable                            0x080073a4   Data          16  system_stm32f4xx.o(.constdata)
    APBPrescTable                            0x080073b4   Data           8  system_stm32f4xx.o(.constdata)
    Region$$Table$$Base                      0x08007470   Number         0  anon$$obj.o(Region$$Table)
    Region$$Table$$Limit                     0x08007490   Number         0  anon$$obj.o(Region$$Table)
    ulHighFrequencyTimerTicks                0x20000000   Data           4  main.o(.data)
    xSemaphorePositionGet                    0x20000004   Data           4  main.o(.data)
    xSemaphorePositionSet                    0x20000008   Data           4  main.o(.data)
    xSemaphoreSwitchGet                      0x2000000c   Data           4  main.o(.data)
    xSemaphoreGratingGet                     0x20000010   Data           4  main.o(.data)
    queuespace                               0x20000014   Data           4  main.o(.data)
    hcrc                                     0x2000001c   Data           8  crc.o(.data)
    defaultTaskHandle                        0x20000024   Data           4  freertos.o(.data)
    pid_outputHandle                         0x20000028   Data           4  freertos.o(.data)
    send_orderHandle                         0x2000002c   Data           4  freertos.o(.data)
    commu_mornitorHandle                     0x20000030   Data           4  freertos.o(.data)
    conflict_monitorHandle                   0x20000034   Data           4  freertos.o(.data)
    sensor_monitorHandle                     0x20000038   Data           4  freertos.o(.data)
    grating_monitorHandle                    0x2000003c   Data           4  freertos.o(.data)
    posture_monitorHandle                    0x20000040   Data           4  freertos.o(.data)
    zero_swHandle                            0x20000044   Data           4  freertos.o(.data)
    co_orderHandle                           0x20000048   Data           4  freertos.o(.data)
    master_orderHandle                       0x2000004c   Data           4  freertos.o(.data)
    limit_swHandle                           0x20000050   Data           4  freertos.o(.data)
    send_queueHandle                         0x20000054   Data           4  freertos.o(.data)
    b_tk_default                             0x20000058   Data           4  stm32f4xx_it.o(.data)
    b_tk_sensor_monitor                      0x2000005c   Data           4  stm32f4xx_it.o(.data)
    b_tk_pidoutput                           0x20000060   Data           4  stm32f4xx_it.o(.data)
    b_tk_conflict_monitor                    0x20000064   Data           4  stm32f4xx_it.o(.data)
    b_tk_grating_monitor                     0x20000068   Data           4  stm32f4xx_it.o(.data)
    b_tk_posture_monitor                     0x2000006c   Data           4  stm32f4xx_it.o(.data)
    b_tk_commu_monitor                       0x20000070   Data           4  stm32f4xx_it.o(.data)
    uwTickFreq                               0x20000074   Data           1  stm32f4xx_hal.o(.data)
    uwTickPrio                               0x20000078   Data           4  stm32f4xx_hal.o(.data)
    uwTick                                   0x2000007c   Data           4  stm32f4xx_hal.o(.data)
    SystemCoreClock                          0x20000080   Data           4  system_stm32f4xx.o(.data)
    pxCurrentTCB                             0x20000084   Data           4  tasks.o(.data)
    __stdout                                 0x20000104   Data           4  stdout.o(.data)
    tklog                                    0x20000108   Data         500  main.o(.bss)
    semaPositionGet                          0x200002fc   Data          80  main.o(.bss)
    semaPositionSet                          0x2000034c   Data          80  main.o(.bss)
    semaSwitchGet                            0x2000039c   Data          80  main.o(.bss)
    semaGratingGet                           0x200003ec   Data          80  main.o(.bss)
    motor_array                              0x2000043c   Data        1072  main.o(.bss)
    posture                                  0x2000086c   Data          88  main.o(.bss)
    hcan1                                    0x200008c4   Data          40  can.o(.bss)
    hcan2                                    0x200008ec   Data          40  can.o(.bss)
    defaultTaskBuffer                        0x20000914   Data        2048  freertos.o(.bss)
    defaultTaskControlBlock                  0x20001114   Data         116  freertos.o(.bss)
    pid_outputBuffer                         0x20001188   Data        2048  freertos.o(.bss)
    pid_outputControlBlock                   0x20001988   Data         116  freertos.o(.bss)
    send_orderBuffer                         0x200019fc   Data        2048  freertos.o(.bss)
    send_orderControlBlock                   0x200021fc   Data         116  freertos.o(.bss)
    commu_mornitorBuffer                     0x20002270   Data        2048  freertos.o(.bss)
    commu_mornitorControlBlock               0x20002a70   Data         116  freertos.o(.bss)
    conflict_monitorBuffer                   0x20002ae4   Data        2048  freertos.o(.bss)
    conflict_monitorControlBlock             0x200032e4   Data         116  freertos.o(.bss)
    sensor_monitorBuffer                     0x20003358   Data        2048  freertos.o(.bss)
    sensor_monitorControlBlock               0x20003b58   Data         116  freertos.o(.bss)
    grating_monitorBuffer                    0x20003bcc   Data         512  freertos.o(.bss)
    grating_monitorControlBlock              0x20003dcc   Data         116  freertos.o(.bss)
    posture_monitorBuffer                    0x20003e40   Data         512  freertos.o(.bss)
    posture_monitorControlBlock              0x20004040   Data         116  freertos.o(.bss)
    zero_swBuffer                            0x200040b4   Data         512  freertos.o(.bss)
    zero_swControlBlock                      0x200042b4   Data         116  freertos.o(.bss)
    co_orderBuffer                           0x20004328   Data         512  freertos.o(.bss)
    co_orderControlBlock                     0x20004528   Data         116  freertos.o(.bss)
    master_orderBuffer                       0x2000459c   Data        2048  freertos.o(.bss)
    master_orderControlBlock                 0x20004d9c   Data         116  freertos.o(.bss)
    limit_swBuffer                           0x20004e10   Data        1024  freertos.o(.bss)
    limit_swControlBlock                     0x20005210   Data         116  freertos.o(.bss)
    send_queueBuffer                         0x20005284   Data        6656  freertos.o(.bss)
    send_queueControlBlock                   0x20006c84   Data          80  freertos.o(.bss)
    hi2c1                                    0x20006cd4   Data          84  i2c.o(.bss)
    htim6                                    0x20006d28   Data          64  stm32f4xx_hal_timebase_tim.o(.bss)
    htim1                                    0x20006d68   Data          64  tim.o(.bss)
    htim2                                    0x20006da8   Data          64  tim.o(.bss)
    htim3                                    0x20006de8   Data          64  tim.o(.bss)
    htim4                                    0x20006e28   Data          64  tim.o(.bss)
    htim5                                    0x20006e68   Data          64  tim.o(.bss)
    htim7                                    0x20006ea8   Data          64  tim.o(.bss)
    htim8                                    0x20006ee8   Data          64  tim.o(.bss)
    htim9                                    0x20006f28   Data          64  tim.o(.bss)
    htim10                                   0x20006f68   Data          64  tim.o(.bss)
    htim11                                   0x20006fa8   Data          64  tim.o(.bss)
    htim12                                   0x20006fe8   Data          64  tim.o(.bss)
    htim13                                   0x20007028   Data          64  tim.o(.bss)
    htim14                                   0x20007068   Data          64  tim.o(.bss)
    huart4                                   0x200070a8   Data          64  usart.o(.bss)
    huart1                                   0x200070e8   Data          64  usart.o(.bss)
    huart2                                   0x20007128   Data          64  usart.o(.bss)
    huart3                                   0x20007168   Data          64  usart.o(.bss)
    huart6                                   0x200071a8   Data          64  usart.o(.bss)
    xQueueRegistry                           0x200071e8   Data          64  queue.o(.bss)
    __initial_sp                             0x2000bef0   Data           0  startup_stm32f407xx.o(STACK)



==============================================================================

Memory Map of the image

  Image Entry point : 0x08000189

  Load Region LR_IROM1 (Base: 0x08000000, Size: 0x00007598, Max: 0x00080000, ABSOLUTE)

    Execution Region ER_IROM1 (Base: 0x08000000, Size: 0x00007490, Max: 0x00080000, ABSOLUTE)

    Base Addr    Size         Type   Attr      Idx    E Section Name        Object

    0x08000000   0x00000188   Data   RO            3    RESET               startup_stm32f407xx.o
    0x08000188   0x00000000   Code   RO         6080  * .ARM.Collect$$$$00000000  mc_w.l(entry.o)
    0x08000188   0x00000004   Code   RO         6358    .ARM.Collect$$$$00000001  mc_w.l(entry2.o)
    0x0800018c   0x00000004   Code   RO         6361    .ARM.Collect$$$$00000004  mc_w.l(entry5.o)
    0x08000190   0x00000000   Code   RO         6363    .ARM.Collect$$$$00000008  mc_w.l(entry7b.o)
    0x08000190   0x00000000   Code   RO         6365    .ARM.Collect$$$$0000000A  mc_w.l(entry8b.o)
    0x08000190   0x00000008   Code   RO         6366    .ARM.Collect$$$$0000000B  mc_w.l(entry9a.o)
    0x08000198   0x00000000   Code   RO         6368    .ARM.Collect$$$$0000000D  mc_w.l(entry10a.o)
    0x08000198   0x00000000   Code   RO         6370    .ARM.Collect$$$$0000000F  mc_w.l(entry11a.o)
    0x08000198   0x00000004   Code   RO         6359    .ARM.Collect$$$$00002712  mc_w.l(entry2.o)
    0x0800019c   0x000000be   Code   RO         6003    .emb_text           port.o
    0x0800025a   0x00000002   PAD
    0x0800025c   0x00000024   Code   RO            4    .text               startup_stm32f407xx.o
    0x08000280   0x00000062   Code   RO         6083    .text               mc_w.l(uldiv.o)
    0x080002e2   0x00000024   Code   RO         6085    .text               mc_w.l(memcpya.o)
    0x08000306   0x00000024   Code   RO         6089    .text               mc_w.l(memseta.o)
    0x0800032a   0x0000000e   Code   RO         6091    .text               mc_w.l(strlen.o)
    0x08000338   0x00000012   Code   RO         6093    .text               mc_w.l(strcpy.o)
    0x0800034a   0x0000002c   Code   RO         6373    .text               mc_w.l(uidiv.o)
    0x08000376   0x0000001e   Code   RO         6375    .text               mc_w.l(llshl.o)
    0x08000394   0x00000020   Code   RO         6377    .text               mc_w.l(llushr.o)
    0x080003b4   0x00000024   Code   RO         6390    .text               mc_w.l(init.o)
    0x080003d8   0x00000002   Code   RO          898    i.BusFault_Handler  stm32f4xx_it.o
    0x080003da   0x00000002   PAD
    0x080003dc   0x0000000c   Code   RO          899    i.CAN1_RX0_IRQHandler  stm32f4xx_it.o
    0x080003e8   0x0000000c   Code   RO          900    i.CAN1_RX1_IRQHandler  stm32f4xx_it.o
    0x080003f4   0x0000000c   Code   RO          901    i.CAN1_SCE_IRQHandler  stm32f4xx_it.o
    0x08000400   0x0000000c   Code   RO          902    i.CAN1_TX_IRQHandler  stm32f4xx_it.o
    0x0800040c   0x0000000c   Code   RO          903    i.CAN2_RX0_IRQHandler  stm32f4xx_it.o
    0x08000418   0x0000000c   Code   RO          904    i.CAN2_RX1_IRQHandler  stm32f4xx_it.o
    0x08000424   0x0000000c   Code   RO          905    i.CAN2_SCE_IRQHandler  stm32f4xx_it.o
    0x08000430   0x0000000c   Code   RO          906    i.CAN2_TX_IRQHandler  stm32f4xx_it.o
    0x0800043c   0x00000002   Code   RO          907    i.DebugMon_Handler  stm32f4xx_it.o
    0x0800043e   0x00000006   Code   RO          908    i.EXTI0_IRQHandler  stm32f4xx_it.o
    0x08000444   0x00000036   Code   RO          909    i.EXTI15_10_IRQHandler  stm32f4xx_it.o
    0x0800047a   0x00000006   Code   RO          910    i.EXTI1_IRQHandler  stm32f4xx_it.o
    0x08000480   0x00000006   Code   RO          911    i.EXTI2_IRQHandler  stm32f4xx_it.o
    0x08000486   0x00000006   Code   RO          912    i.EXTI3_IRQHandler  stm32f4xx_it.o
    0x0800048c   0x00000006   Code   RO          913    i.EXTI4_IRQHandler  stm32f4xx_it.o
    0x08000492   0x00000028   Code   RO          914    i.EXTI9_5_IRQHandler  stm32f4xx_it.o
    0x080004ba   0x00000002   Code   RO           13    i.Error_Handler     main.o
    0x080004bc   0x000000c8   Code   RO         1202    i.HAL_CAN_AddTxMessage  stm32f4xx_hal_can.o
    0x08000584   0x0000010c   Code   RO         1203    i.HAL_CAN_ConfigFilter  stm32f4xx_hal_can.o
    0x08000690   0x00000028   Code   RO         1204    i.HAL_CAN_DeInit    stm32f4xx_hal_can.o
    0x080006b8   0x00000002   Code   RO         1206    i.HAL_CAN_ErrorCallback  stm32f4xx_hal_can.o
    0x080006ba   0x000001fc   Code   RO         1213    i.HAL_CAN_IRQHandler  stm32f4xx_hal_can.o
    0x080008b6   0x0000011a   Code   RO         1214    i.HAL_CAN_Init      stm32f4xx_hal_can.o
    0x080009d0   0x00000098   Code   RO          366    i.HAL_CAN_MspDeInit  can.o
    0x08000a68   0x00000160   Code   RO          367    i.HAL_CAN_MspInit   can.o
    0x08000bc8   0x00000002   Code   RO         1221    i.HAL_CAN_RxFifo0FullCallback  stm32f4xx_hal_can.o
    0x08000bca   0x00000002   Code   RO         1222    i.HAL_CAN_RxFifo0MsgPendingCallback  stm32f4xx_hal_can.o
    0x08000bcc   0x00000002   Code   RO         1223    i.HAL_CAN_RxFifo1FullCallback  stm32f4xx_hal_can.o
    0x08000bce   0x00000002   Code   RO         1224    i.HAL_CAN_RxFifo1MsgPendingCallback  stm32f4xx_hal_can.o
    0x08000bd0   0x00000002   Code   RO         1225    i.HAL_CAN_SleepCallback  stm32f4xx_hal_can.o
    0x08000bd2   0x00000002   PAD
    0x08000bd4   0x00000058   Code   RO         1226    i.HAL_CAN_Start     stm32f4xx_hal_can.o
    0x08000c2c   0x00000060   Code   RO         1227    i.HAL_CAN_Stop      stm32f4xx_hal_can.o
    0x08000c8c   0x00000002   Code   RO         1228    i.HAL_CAN_TxMailbox0AbortCallback  stm32f4xx_hal_can.o
    0x08000c8e   0x00000002   Code   RO         1229    i.HAL_CAN_TxMailbox0CompleteCallback  stm32f4xx_hal_can.o
    0x08000c90   0x00000002   Code   RO         1230    i.HAL_CAN_TxMailbox1AbortCallback  stm32f4xx_hal_can.o
    0x08000c92   0x00000002   Code   RO         1231    i.HAL_CAN_TxMailbox1CompleteCallback  stm32f4xx_hal_can.o
    0x08000c94   0x00000002   Code   RO         1232    i.HAL_CAN_TxMailbox2AbortCallback  stm32f4xx_hal_can.o
    0x08000c96   0x00000002   Code   RO         1233    i.HAL_CAN_TxMailbox2CompleteCallback  stm32f4xx_hal_can.o
    0x08000c98   0x00000002   Code   RO         1235    i.HAL_CAN_WakeUpFromRxMsgCallback  stm32f4xx_hal_can.o
    0x08000c9a   0x00000022   Code   RO         2570    i.HAL_CRC_Init      stm32f4xx_hal_crc.o
    0x08000cbc   0x00000028   Code   RO          416    i.HAL_CRC_MspInit   crc.o
    0x08000ce4   0x00000024   Code   RO         1897    i.HAL_DMA_Abort_IT  stm32f4xx_hal_dma.o
    0x08000d08   0x00000006   Code   RO         1900    i.HAL_DMA_GetState  stm32f4xx_hal_dma.o
    0x08000d0e   0x00000002   PAD
    0x08000d10   0x00000024   Code   RO         2315    i.HAL_Delay         stm32f4xx_hal.o
    0x08000d34   0x00000168   Code   RO         1786    i.HAL_GPIO_DeInit   stm32f4xx_hal_gpio.o
    0x08000e9c   0x00000002   Code   RO         1787    i.HAL_GPIO_EXTI_Callback  stm32f4xx_hal_gpio.o
    0x08000e9e   0x00000002   PAD
    0x08000ea0   0x00000018   Code   RO         1788    i.HAL_GPIO_EXTI_IRQHandler  stm32f4xx_hal_gpio.o
    0x08000eb8   0x000001b8   Code   RO         1789    i.HAL_GPIO_Init     stm32f4xx_hal_gpio.o
    0x08001070   0x0000000a   Code   RO         1791    i.HAL_GPIO_ReadPin  stm32f4xx_hal_gpio.o
    0x0800107a   0x0000000a   Code   RO         1793    i.HAL_GPIO_WritePin  stm32f4xx_hal_gpio.o
    0x08001084   0x0000000c   Code   RO         2321    i.HAL_GetTick       stm32f4xx_hal.o
    0x08001090   0x00000002   Code   RO         2626    i.HAL_I2C_AbortCpltCallback  stm32f4xx_hal_i2c.o
    0x08001092   0x00000002   Code   RO         2627    i.HAL_I2C_AddrCallback  stm32f4xx_hal_i2c.o
    0x08001094   0x000000ba   Code   RO         2630    i.HAL_I2C_ER_IRQHandler  stm32f4xx_hal_i2c.o
    0x0800114e   0x0000025a   Code   RO         2631    i.HAL_I2C_EV_IRQHandler  stm32f4xx_hal_i2c.o
    0x080013a8   0x00000002   Code   RO         2633    i.HAL_I2C_ErrorCallback  stm32f4xx_hal_i2c.o
    0x080013aa   0x00000002   PAD
    0x080013ac   0x00000188   Code   RO         2637    i.HAL_I2C_Init      stm32f4xx_hal_i2c.o
    0x08001534   0x00000002   Code   RO         2639    i.HAL_I2C_ListenCpltCallback  stm32f4xx_hal_i2c.o
    0x08001536   0x00000002   Code   RO         2640    i.HAL_I2C_MasterRxCpltCallback  stm32f4xx_hal_i2c.o
    0x08001538   0x00000002   Code   RO         2641    i.HAL_I2C_MasterTxCpltCallback  stm32f4xx_hal_i2c.o
    0x0800153a   0x00000002   Code   RO         2653    i.HAL_I2C_MemRxCpltCallback  stm32f4xx_hal_i2c.o
    0x0800153c   0x00000002   Code   RO         2654    i.HAL_I2C_MemTxCpltCallback  stm32f4xx_hal_i2c.o
    0x0800153e   0x00000002   PAD
    0x08001540   0x00000088   Code   RO          605    i.HAL_I2C_MspInit   i2c.o
    0x080015c8   0x00000002   Code   RO         2663    i.HAL_I2C_SlaveRxCpltCallback  stm32f4xx_hal_i2c.o
    0x080015ca   0x00000002   Code   RO         2664    i.HAL_I2C_SlaveTxCpltCallback  stm32f4xx_hal_i2c.o
    0x080015cc   0x00000010   Code   RO         2327    i.HAL_IncTick       stm32f4xx_hal.o
    0x080015dc   0x00000034   Code   RO         2328    i.HAL_Init          stm32f4xx_hal.o
    0x08001610   0x00000074   Code   RO          673    i.HAL_InitTick      stm32f4xx_hal_timebase_tim.o
    0x08001684   0x00000038   Code   RO         1176    i.HAL_MspInit       stm32f4xx_hal_msp.o
    0x080016bc   0x00000022   Code   RO         2177    i.HAL_NVIC_DisableIRQ  stm32f4xx_hal_cortex.o
    0x080016de   0x0000001a   Code   RO         2178    i.HAL_NVIC_EnableIRQ  stm32f4xx_hal_cortex.o
    0x080016f8   0x00000040   Code   RO         2184    i.HAL_NVIC_SetPriority  stm32f4xx_hal_cortex.o
    0x08001738   0x00000024   Code   RO         2185    i.HAL_NVIC_SetPriorityGrouping  stm32f4xx_hal_cortex.o
    0x0800175c   0x00000134   Code   RO         1435    i.HAL_RCC_ClockConfig  stm32f4xx_hal_rcc.o
    0x08001890   0x00000040   Code   RO         1439    i.HAL_RCC_GetClockConfig  stm32f4xx_hal_rcc.o
    0x080018d0   0x00000020   Code   RO         1442    i.HAL_RCC_GetPCLK1Freq  stm32f4xx_hal_rcc.o
    0x080018f0   0x00000020   Code   RO         1443    i.HAL_RCC_GetPCLK2Freq  stm32f4xx_hal_rcc.o
    0x08001910   0x00000064   Code   RO         1444    i.HAL_RCC_GetSysClockFreq  stm32f4xx_hal_rcc.o
    0x08001974   0x0000035c   Code   RO         1447    i.HAL_RCC_OscConfig  stm32f4xx_hal_rcc.o
    0x08001cd0   0x00000002   Code   RO         3748    i.HAL_TIMEx_BreakCallback  stm32f4xx_hal_tim_ex.o
    0x08001cd2   0x00000002   Code   RO         3749    i.HAL_TIMEx_CommutCallback  stm32f4xx_hal_tim_ex.o
    0x08001cd4   0x00000054   Code   RO         3751    i.HAL_TIMEx_ConfigBreakDeadTime  stm32f4xx_hal_tim_ex.o
    0x08001d28   0x00000090   Code   RO         3766    i.HAL_TIMEx_MasterConfigSynchronization  stm32f4xx_hal_tim_ex.o
    0x08001db8   0x00000036   Code   RO         3073    i.HAL_TIM_Base_Init  stm32f4xx_hal_tim.o
    0x08001dee   0x00000002   PAD
    0x08001df0   0x0000027c   Code   RO          713    i.HAL_TIM_Base_MspInit  tim.o
    0x0800206c   0x00000022   Code   RO         3078    i.HAL_TIM_Base_Start_IT  stm32f4xx_hal_tim.o
    0x0800208e   0x000000d6   Code   RO         3082    i.HAL_TIM_ConfigClockSource  stm32f4xx_hal_tim.o
    0x08002164   0x00000002   Code   RO         3102    i.HAL_TIM_IC_CaptureCallback  stm32f4xx_hal_tim.o
    0x08002166   0x00000166   Code   RO         3116    i.HAL_TIM_IRQHandler  stm32f4xx_hal_tim.o
    0x080022cc   0x000000d0   Code   RO          714    i.HAL_TIM_MspPostInit  tim.o
    0x0800239c   0x00000002   Code   RO         3119    i.HAL_TIM_OC_DelayElapsedCallback  stm32f4xx_hal_tim.o
    0x0800239e   0x000000d0   Code   RO         3140    i.HAL_TIM_PWM_ConfigChannel  stm32f4xx_hal_tim.o
    0x0800246e   0x00000036   Code   RO         3143    i.HAL_TIM_PWM_Init  stm32f4xx_hal_tim.o
    0x080024a4   0x00000002   Code   RO         3145    i.HAL_TIM_PWM_MspInit  stm32f4xx_hal_tim.o
    0x080024a6   0x00000002   Code   RO         3146    i.HAL_TIM_PWM_PulseFinishedCallback  stm32f4xx_hal_tim.o
    0x080024a8   0x00000044   Code   RO         3148    i.HAL_TIM_PWM_Start  stm32f4xx_hal_tim.o
    0x080024ec   0x00000014   Code   RO           14    i.HAL_TIM_PeriodElapsedCallback  main.o
    0x08002500   0x00000002   Code   RO         3159    i.HAL_TIM_TriggerCallback  stm32f4xx_hal_tim.o
    0x08002502   0x00000002   Code   RO         4020    i.HAL_UART_ErrorCallback  stm32f4xx_hal_uart.o
    0x08002504   0x00000114   Code   RO         4023    i.HAL_UART_IRQHandler  stm32f4xx_hal_uart.o
    0x08002618   0x00000062   Code   RO         4024    i.HAL_UART_Init     stm32f4xx_hal_uart.o
    0x0800267a   0x00000002   PAD
    0x0800267c   0x000001ec   Code   RO          833    i.HAL_UART_MspInit  usart.o
    0x08002868   0x00000002   Code   RO         4030    i.HAL_UART_RxCpltCallback  stm32f4xx_hal_uart.o
    0x0800286a   0x000000ba   Code   RO         4032    i.HAL_UART_Transmit  stm32f4xx_hal_uart.o
    0x08002924   0x00000002   Code   RO         4035    i.HAL_UART_TxCpltCallback  stm32f4xx_hal_uart.o
    0x08002926   0x00000002   Code   RO          915    i.HardFault_Handler  stm32f4xx_it.o
    0x08002928   0x0000000c   Code   RO          916    i.I2C1_ER_IRQHandler  stm32f4xx_it.o
    0x08002934   0x0000000c   Code   RO          917    i.I2C1_EV_IRQHandler  stm32f4xx_it.o
    0x08002940   0x00000086   Code   RO         2675    i.I2C_DMAAbort      stm32f4xx_hal_i2c.o
    0x080029c6   0x00000002   PAD
    0x080029c8   0x00000154   Code   RO         2678    i.I2C_ITError       stm32f4xx_hal_i2c.o
    0x08002b1c   0x000000d2   Code   RO         2680    i.I2C_MasterReceive_BTF  stm32f4xx_hal_i2c.o
    0x08002bee   0x00000092   Code   RO         2681    i.I2C_MasterReceive_RXNE  stm32f4xx_hal_i2c.o
    0x08002c80   0x00000092   Code   RO         2684    i.I2C_MasterTransmit_BTF  stm32f4xx_hal_i2c.o
    0x08002d12   0x00000002   PAD
    0x08002d14   0x000000b6   Code   RO         2685    i.I2C_MasterTransmit_TXE  stm32f4xx_hal_i2c.o
    0x08002dca   0x00000002   PAD
    0x08002dcc   0x00000118   Code   RO         2686    i.I2C_Master_ADDR   stm32f4xx_hal_i2c.o
    0x08002ee4   0x0000008c   Code   RO         2687    i.I2C_Master_SB     stm32f4xx_hal_i2c.o
    0x08002f70   0x0000006c   Code   RO         2688    i.I2C_MemoryTransmit_TXE_BTF  stm32f4xx_hal_i2c.o
    0x08002fdc   0x00000084   Code   RO         2691    i.I2C_Slave_AF      stm32f4xx_hal_i2c.o
    0x08003060   0x0000015c   Code   RO         2692    i.I2C_Slave_STOPF   stm32f4xx_hal_i2c.o
    0x080031bc   0x0000003c   Code   RO          368    i.MX_CAN1_Init      can.o
    0x080031f8   0x0000003c   Code   RO          369    i.MX_CAN2_Init      can.o
    0x08003234   0x00000024   Code   RO          417    i.MX_CRC_Init       crc.o
    0x08003258   0x00000188   Code   RO          457    i.MX_FREERTOS_Init  freertos.o
    0x080033e0   0x000001dc   Code   RO          322    i.MX_GPIO_Init      gpio.o
    0x080035bc   0x00000040   Code   RO          606    i.MX_I2C1_Init      i2c.o
    0x080035fc   0x00000038   Code   RO          715    i.MX_TIM10_Init     tim.o
    0x08003634   0x00000038   Code   RO          716    i.MX_TIM11_Init     tim.o
    0x0800366c   0x00000048   Code   RO          717    i.MX_TIM12_Init     tim.o
    0x080036b4   0x00000030   Code   RO          718    i.MX_TIM13_Init     tim.o
    0x080036e4   0x00000034   Code   RO          719    i.MX_TIM14_Init     tim.o
    0x08003718   0x000000d0   Code   RO          720    i.MX_TIM1_Init      tim.o
    0x080037e8   0x0000009c   Code   RO          721    i.MX_TIM2_Init      tim.o
    0x08003884   0x000000a0   Code   RO          722    i.MX_TIM3_Init      tim.o
    0x08003924   0x000000a0   Code   RO          723    i.MX_TIM4_Init      tim.o
    0x080039c4   0x00000068   Code   RO          724    i.MX_TIM5_Init      tim.o
    0x08003a2c   0x00000048   Code   RO          725    i.MX_TIM7_Init      tim.o
    0x08003a74   0x0000006c   Code   RO          726    i.MX_TIM8_Init      tim.o
    0x08003ae0   0x00000050   Code   RO          727    i.MX_TIM9_Init      tim.o
    0x08003b30   0x00000038   Code   RO          834    i.MX_UART4_Init     usart.o
    0x08003b68   0x00000038   Code   RO          835    i.MX_USART1_UART_Init  usart.o
    0x08003ba0   0x00000038   Code   RO          836    i.MX_USART2_UART_Init  usart.o
    0x08003bd8   0x00000038   Code   RO          837    i.MX_USART3_UART_Init  usart.o
    0x08003c10   0x00000038   Code   RO          838    i.MX_USART6_UART_Init  usart.o
    0x08003c48   0x00000002   Code   RO          918    i.MemManage_Handler  stm32f4xx_it.o
    0x08003c4a   0x00000002   Code   RO          919    i.NMI_Handler       stm32f4xx_it.o
    0x08003c4c   0x00000138   Code   RO          458    i.StartDefaultTask  freertos.o
    0x08003d84   0x0000002c   Code   RO         6004    i.SysTick_Handler   port.o
    0x08003db0   0x00000084   Code   RO           15    i.SystemClock_Config  main.o
    0x08003e34   0x0000001c   Code   RO         4326    i.SystemInit        system_stm32f4xx.o
    0x08003e50   0x0000007c   Code   RO          920    i.TIM1_BRK_TIM9_IRQHandler  stm32f4xx_it.o
    0x08003ecc   0x0000000c   Code   RO          921    i.TIM1_CC_IRQHandler  stm32f4xx_it.o
    0x08003ed8   0x00000054   Code   RO          922    i.TIM1_TRG_COM_TIM11_IRQHandler  stm32f4xx_it.o
    0x08003f2c   0x00000060   Code   RO          923    i.TIM1_UP_TIM10_IRQHandler  stm32f4xx_it.o
    0x08003f8c   0x0000000c   Code   RO          924    i.TIM2_IRQHandler   stm32f4xx_it.o
    0x08003f98   0x0000000c   Code   RO          925    i.TIM3_IRQHandler   stm32f4xx_it.o
    0x08003fa4   0x0000000c   Code   RO          926    i.TIM4_IRQHandler   stm32f4xx_it.o
    0x08003fb0   0x00000048   Code   RO          927    i.TIM5_IRQHandler   stm32f4xx_it.o
    0x08003ff8   0x0000000c   Code   RO          928    i.TIM6_DAC_IRQHandler  stm32f4xx_it.o
    0x08004004   0x00000048   Code   RO          929    i.TIM7_IRQHandler   stm32f4xx_it.o
    0x0800404c   0x0000001c   Code   RO          930    i.TIM8_BRK_TIM12_IRQHandler  stm32f4xx_it.o
    0x08004068   0x0000000c   Code   RO          931    i.TIM8_CC_IRQHandler  stm32f4xx_it.o
    0x08004074   0x00000028   Code   RO          932    i.TIM8_TRG_COM_TIM14_IRQHandler  stm32f4xx_it.o
    0x0800409c   0x00000054   Code   RO          933    i.TIM8_UP_TIM13_IRQHandler  stm32f4xx_it.o
    0x080040f0   0x000000c8   Code   RO         3161    i.TIM_Base_SetConfig  stm32f4xx_hal_tim.o
    0x080041b8   0x0000001a   Code   RO         3162    i.TIM_CCxChannelCmd  stm32f4xx_hal_tim.o
    0x080041d2   0x00000014   Code   RO         3172    i.TIM_ETR_SetConfig  stm32f4xx_hal_tim.o
    0x080041e6   0x00000010   Code   RO         3173    i.TIM_ITRx_SetConfig  stm32f4xx_hal_tim.o
    0x080041f6   0x00000002   PAD
    0x080041f8   0x00000060   Code   RO         3174    i.TIM_OC1_SetConfig  stm32f4xx_hal_tim.o
    0x08004258   0x0000006c   Code   RO         3175    i.TIM_OC2_SetConfig  stm32f4xx_hal_tim.o
    0x080042c4   0x00000068   Code   RO         3176    i.TIM_OC3_SetConfig  stm32f4xx_hal_tim.o
    0x0800432c   0x00000050   Code   RO         3177    i.TIM_OC4_SetConfig  stm32f4xx_hal_tim.o
    0x0800437c   0x00000022   Code   RO         3179    i.TIM_TI1_ConfigInputStage  stm32f4xx_hal_tim.o
    0x0800439e   0x00000024   Code   RO         3181    i.TIM_TI2_ConfigInputStage  stm32f4xx_hal_tim.o
    0x080043c2   0x00000002   PAD
    0x080043c4   0x0000000c   Code   RO          934    i.UART4_IRQHandler  stm32f4xx_it.o
    0x080043d0   0x00000010   Code   RO         4037    i.UART_DMAAbortOnError  stm32f4xx_hal_uart.o
    0x080043e0   0x0000001c   Code   RO         4047    i.UART_EndRxTransfer  stm32f4xx_hal_uart.o
    0x080043fc   0x00000096   Code   RO         4049    i.UART_Receive_IT   stm32f4xx_hal_uart.o
    0x08004492   0x00000002   PAD
    0x08004494   0x00000128   Code   RO         4050    i.UART_SetConfig    stm32f4xx_hal_uart.o
    0x080045bc   0x00000062   Code   RO         4051    i.UART_Transmit_IT  stm32f4xx_hal_uart.o
    0x0800461e   0x00000064   Code   RO         4052    i.UART_WaitOnFlagUntilTimeout  stm32f4xx_hal_uart.o
    0x08004682   0x00000002   PAD
    0x08004684   0x0000000c   Code   RO          935    i.USART1_IRQHandler  stm32f4xx_it.o
    0x08004690   0x0000000c   Code   RO          936    i.USART2_IRQHandler  stm32f4xx_it.o
    0x0800469c   0x0000000c   Code   RO          937    i.USART3_IRQHandler  stm32f4xx_it.o
    0x080046a8   0x0000000c   Code   RO          938    i.USART6_IRQHandler  stm32f4xx_it.o
    0x080046b4   0x00000002   Code   RO          939    i.UsageFault_Handler  stm32f4xx_it.o
    0x080046b6   0x00000002   PAD
    0x080046b8   0x00000020   Code   RO         6186    i.__0printf$3       mc_w.l(printf3.o)
    0x080046d8   0x00000028   Code   RO         6188    i.__0sprintf$3      mc_w.l(printf3.o)
    0x08004700   0x00000020   Code   RO         2191    i.__NVIC_SetPriority  stm32f4xx_hal_cortex.o
    0x08004720   0x0000000e   Code   RO         6398    i.__scatterload_copy  mc_w.l(handlers.o)
    0x0800472e   0x00000002   Code   RO         6399    i.__scatterload_null  mc_w.l(handlers.o)
    0x08004730   0x0000000e   Code   RO         6400    i.__scatterload_zeroinit  mc_w.l(handlers.o)
    0x0800473e   0x00000002   PAD
    0x08004740   0x000001b8   Code   RO         6193    i._printf_core      mc_w.l(printf3.o)
    0x080048f8   0x0000000a   Code   RO         6195    i._sputc            mc_w.l(printf3.o)
    0x08004902   0x00000002   PAD
    0x08004904   0x000000a0   Code   RO           17    i.can_send          main.o
    0x080049a4   0x0000006c   Code   RO           18    i.can_start         main.o
    0x08004a10   0x0000000c   Code   RO           19    i.configureTimerForRunTimeStats  main.o
    0x08004a1c   0x00000068   Code   RO         5000    i.eTaskGetState     tasks.o
    0x08004a84   0x00000018   Code   RO           20    i.fputc             main.o
    0x08004a9c   0x0000000c   Code   RO           21    i.getRunTimeCounterValue  main.o
    0x08004aa8   0x000000e8   Code   RO           24    i.lock_init         main.o
    0x08004b90   0x00000090   Code   RO           25    i.main              main.o
    0x08004c20   0x00000004   Code   RO           26    i.modbus_send       main.o
    0x08004c24   0x00000034   Code   RO         5536    i.osDelay           cmsis_os2.o
    0x08004c58   0x00000038   Code   RO         5550    i.osKernelInitialize  cmsis_os2.o
    0x08004c90   0x00000040   Code   RO         5553    i.osKernelStart     cmsis_os2.o
    0x08004cd0   0x00000074   Code   RO         5561    i.osMessageQueueNew  cmsis_os2.o
    0x08004d44   0x000000a4   Code   RO         5587    i.osThreadNew       cmsis_os2.o
    0x08004de8   0x0000005c   Code   RO         5002    i.prvAddCurrentTaskToDelayedList  tasks.o
    0x08004e44   0x000000d0   Code   RO         5003    i.prvAddNewTaskToReadyList  tasks.o
    0x08004f14   0x00000058   Code   RO         5391    i.prvCheckForValidListAndQueue  timers.o
    0x08004f6c   0x00000026   Code   RO         4576    i.prvCopyDataFromQueue  queue.o
    0x08004f92   0x0000006c   Code   RO         4577    i.prvCopyDataToQueue  queue.o
    0x08004ffe   0x00000034   Code   RO         5004    i.prvDeleteTCB      tasks.o
    0x08005032   0x00000002   PAD
    0x08005034   0x0000004c   Code   RO         5954    i.prvHeapInit       heap_4.o
    0x08005080   0x00000060   Code   RO         5005    i.prvIdleTask       tasks.o
    0x080050e0   0x00000022   Code   RO         4579    i.prvInitialiseNewQueue  queue.o
    0x08005102   0x000000a0   Code   RO         5006    i.prvInitialiseNewTask  tasks.o
    0x080051a2   0x00000002   PAD
    0x080051a4   0x0000004c   Code   RO         5955    i.prvInsertBlockIntoFreeList  heap_4.o
    0x080051f0   0x00000038   Code   RO         5393    i.prvInsertTimerInActiveList  timers.o
    0x08005228   0x0000001c   Code   RO         4580    i.prvIsQueueEmpty   queue.o
    0x08005244   0x0000001e   Code   RO         4581    i.prvIsQueueFull    queue.o
    0x08005262   0x00000058   Code   RO         5007    i.prvListTasksWithinSingleList  tasks.o
    0x080052ba   0x00000002   PAD
    0x080052bc   0x000000cc   Code   RO         5394    i.prvProcessReceivedCommands  timers.o
    0x08005388   0x000000b4   Code   RO         5395    i.prvProcessTimerOrBlockTask  timers.o
    0x0800543c   0x00000020   Code   RO         5008    i.prvResetNextTaskUnblockTime  tasks.o
    0x0800545c   0x00000028   Code   RO         5396    i.prvSampleTimeNow  timers.o
    0x08005484   0x0000006c   Code   RO         5397    i.prvSwitchTimerLists  timers.o
    0x080054f0   0x00000014   Code   RO         5009    i.prvTaskCheckFreeStackSpace  tasks.o
    0x08005504   0x00000028   Code   RO         6005    i.prvTaskExitError  port.o
    0x0800552c   0x00000024   Code   RO         5398    i.prvTimerTask      timers.o
    0x08005550   0x0000006a   Code   RO         4582    i.prvUnlockQueue    queue.o
    0x080055ba   0x00000022   Code   RO         5011    i.prvWriteNameToBuffer  tasks.o
    0x080055dc   0x000000d8   Code   RO         5956    i.pvPortMalloc      heap_4.o
    0x080056b4   0x00000018   Code   RO         5012    i.pvTaskIncrementMutexHeldCount  tasks.o
    0x080056cc   0x0000002c   Code   RO         6006    i.pxPortInitialiseStack  port.o
    0x080056f8   0x00000008   Code   RO          461    i.start_tk_co_order  freertos.o
    0x08005700   0x00000050   Code   RO          462    i.start_tk_commu_monitor  freertos.o
    0x08005750   0x0000004c   Code   RO          463    i.start_tk_conflict_monitor  freertos.o
    0x0800579c   0x0000004c   Code   RO          464    i.start_tk_grating_monitor  freertos.o
    0x080057e8   0x00000060   Code   RO          465    i.start_tk_limit_sw  freertos.o
    0x08005848   0x00000008   Code   RO          466    i.start_tk_master_order  freertos.o
    0x08005850   0x00000044   Code   RO          467    i.start_tk_pidoutput  freertos.o
    0x08005894   0x0000004c   Code   RO          468    i.start_tk_posture_monitor  freertos.o
    0x080058e0   0x00000100   Code   RO          469    i.start_tk_send_order  freertos.o
    0x080059e0   0x00000048   Code   RO          470    i.start_tk_sensor_monitor  freertos.o
    0x08005a28   0x00000008   Code   RO          471    i.start_tk_zero_monitor  freertos.o
    0x08005a30   0x00000160   Code   RO           29    i.switchGet         main.o
    0x08005b90   0x0000007c   Code   RO           30    i.timer_start       main.o
    0x08005c0c   0x00000026   Code   RO         4536    i.uxListRemove      list.o
    0x08005c32   0x00000028   Code   RO         4587    i.uxQueueSpacesAvailable  queue.o
    0x08005c5a   0x00000002   PAD
    0x08005c5c   0x000000ac   Code   RO         5016    i.uxTaskGetSystemState  tasks.o
    0x08005d08   0x00000014   Code   RO         5599    i.vApplicationGetIdleTaskMemory  cmsis_os2.o
    0x08005d1c   0x00000018   Code   RO         5600    i.vApplicationGetTimerTaskMemory  cmsis_os2.o
    0x08005d34   0x00000016   Code   RO         4537    i.vListInitialise   list.o
    0x08005d4a   0x00000006   Code   RO         4538    i.vListInitialiseItem  list.o
    0x08005d50   0x00000030   Code   RO         4539    i.vListInsert       list.o
    0x08005d80   0x00000018   Code   RO         4540    i.vListInsertEnd    list.o
    0x08005d98   0x00000040   Code   RO         6008    i.vPortEnterCritical  port.o
    0x08005dd8   0x00000028   Code   RO         6009    i.vPortExitCritical  port.o
    0x08005e00   0x0000005c   Code   RO         5957    i.vPortFree         heap_4.o
    0x08005e5c   0x00000024   Code   RO         6010    i.vPortSetupTimerInterrupt  port.o
    0x08005e80   0x00000054   Code   RO         6011    i.vPortValidateInterruptPriority  port.o
    0x08005ed4   0x00000028   Code   RO         4588    i.vQueueAddToRegistry  queue.o
    0x08005efc   0x00000044   Code   RO         4592    i.vQueueWaitForMessageRestricted  queue.o
    0x08005f40   0x0000004c   Code   RO         5021    i.vTaskDelay        tasks.o
    0x08005f8c   0x00000078   Code   RO         5025    i.vTaskGetInfo      tasks.o
    0x08006004   0x000000b4   Code   RO         5026    i.vTaskGetRunTimeStats  tasks.o
    0x080060b8   0x00000010   Code   RO         5027    i.vTaskInternalSetTimeOutState  tasks.o
    0x080060c8   0x000000c0   Code   RO         5028    i.vTaskList         tasks.o
    0x08006188   0x0000000c   Code   RO         5029    i.vTaskMissedYield  tasks.o
    0x08006194   0x00000030   Code   RO         5031    i.vTaskPlaceOnEventList  tasks.o
    0x080061c4   0x00000038   Code   RO         5032    i.vTaskPlaceOnEventListRestricted  tasks.o
    0x080061fc   0x00000090   Code   RO         5034    i.vTaskPriorityDisinheritAfterTimeout  tasks.o
    0x0800628c   0x0000008c   Code   RO         5041    i.vTaskStartScheduler  tasks.o
    0x08006318   0x00000010   Code   RO         5043    i.vTaskSuspendAll   tasks.o
    0x08006328   0x0000007c   Code   RO         5044    i.vTaskSwitchContext  tasks.o
    0x080063a4   0x000000f4   Code   RO         6012    i.xPortStartScheduler  port.o
    0x08006498   0x00000048   Code   RO         4601    i.xQueueGenericCreate  queue.o
    0x080064e0   0x00000066   Code   RO         4602    i.xQueueGenericCreateStatic  queue.o
    0x08006546   0x00000002   PAD
    0x08006548   0x00000088   Code   RO         4603    i.xQueueGenericReset  queue.o
    0x080065d0   0x00000154   Code   RO         4604    i.xQueueGenericSend  queue.o
    0x08006724   0x000000bc   Code   RO         4605    i.xQueueGenericSendFromISR  queue.o
    0x080067e0   0x00000138   Code   RO         4614    i.xQueueReceive     queue.o
    0x08006918   0x00000178   Code   RO         4616    i.xQueueSemaphoreTake  queue.o
    0x08006a90   0x00000074   Code   RO         5046    i.xTaskCheckForTimeOut  tasks.o
    0x08006b04   0x0000005a   Code   RO         5047    i.xTaskCreate       tasks.o
    0x08006b5e   0x00000056   Code   RO         5048    i.xTaskCreateStatic  tasks.o
    0x08006bb4   0x000000c8   Code   RO         5049    i.xTaskGenericNotify  tasks.o
    0x08006c7c   0x000000f0   Code   RO         5050    i.xTaskGenericNotifyFromISR  tasks.o
    0x08006d6c   0x0000001c   Code   RO         5053    i.xTaskGetSchedulerState  tasks.o
    0x08006d88   0x0000000c   Code   RO         5054    i.xTaskGetTickCount  tasks.o
    0x08006d94   0x000000c8   Code   RO         5056    i.xTaskIncrementTick  tasks.o
    0x08006e5c   0x0000008c   Code   RO         5058    i.xTaskNotifyWait   tasks.o
    0x08006ee8   0x00000080   Code   RO         5059    i.xTaskPriorityDisinherit  tasks.o
    0x08006f68   0x00000078   Code   RO         5060    i.xTaskPriorityInherit  tasks.o
    0x08006fe0   0x00000070   Code   RO         5061    i.xTaskRemoveFromEventList  tasks.o
    0x08007050   0x000000c4   Code   RO         5062    i.xTaskResumeAll    tasks.o
    0x08007114   0x00000060   Code   RO         5405    i.xTimerCreateTimerTask  timers.o
    0x08007174   0x00000068   Code   RO         5406    i.xTimerGenericCommand  timers.o
    0x080071dc   0x000001c8   Data   RO          498    .constdata          freertos.o
    0x080073a4   0x00000010   Data   RO         4327    .constdata          system_stm32f4xx.o
    0x080073b4   0x00000008   Data   RO         4328    .constdata          system_stm32f4xx.o
    0x080073bc   0x000000b1   Data   RO          499    .conststring        freertos.o
    0x0800746d   0x00000003   PAD
    0x08007470   0x00000020   Data   RO         6396    Region$$Table       anon$$obj.o


    Execution Region RW_IRAM1 (Base: 0x20000000, Size: 0x0000bef0, Max: 0x00020000, ABSOLUTE)

    Base Addr    Size         Type   Attr      Idx    E Section Name        Object

    0x20000000   0x00000014   Data   RW           33    .data               main.o
    0x20000014   0x00000004   Data   RW           34    .data               main.o
    0x20000018   0x00000004   Data   RW          371    .data               can.o
    0x2000001c   0x00000008   Data   RW          418    .data               crc.o
    0x20000024   0x00000034   Data   RW          500    .data               freertos.o
    0x20000058   0x0000001c   Data   RW          940    .data               stm32f4xx_it.o
    0x20000074   0x0000000c   Data   RW         2335    .data               stm32f4xx_hal.o
    0x20000080   0x00000004   Data   RW         4329    .data               system_stm32f4xx.o
    0x20000084   0x00000044   Data   RW         5065    .data               tasks.o
    0x200000c8   0x00000014   Data   RW         5414    .data               timers.o
    0x200000dc   0x00000004   Data   RW         5602    .data               cmsis_os2.o
    0x200000e0   0x00000018   Data   RW         5962    .data               heap_4.o
    0x200000f8   0x0000000c   Data   RW         6013    .data               port.o
    0x20000104   0x00000004   Data   RW         6372    .data               mc_w.l(stdout.o)
    0x20000108   0x000001f4   Zero   RW           31    .bss                main.o
    0x200002fc   0x000005c8   Zero   RW           32    .bss                main.o
    0x200008c4   0x00000050   Zero   RW          370    .bss                can.o
    0x20000914   0x00000800   Zero   RW          472    .bss                freertos.o
    0x20001114   0x00000074   Zero   RW          473    .bss                freertos.o
    0x20001188   0x00000800   Zero   RW          474    .bss                freertos.o
    0x20001988   0x00000074   Zero   RW          475    .bss                freertos.o
    0x200019fc   0x00000800   Zero   RW          476    .bss                freertos.o
    0x200021fc   0x00000074   Zero   RW          477    .bss                freertos.o
    0x20002270   0x00000800   Zero   RW          478    .bss                freertos.o
    0x20002a70   0x00000074   Zero   RW          479    .bss                freertos.o
    0x20002ae4   0x00000800   Zero   RW          480    .bss                freertos.o
    0x200032e4   0x00000074   Zero   RW          481    .bss                freertos.o
    0x20003358   0x00000800   Zero   RW          482    .bss                freertos.o
    0x20003b58   0x00000074   Zero   RW          483    .bss                freertos.o
    0x20003bcc   0x00000200   Zero   RW          484    .bss                freertos.o
    0x20003dcc   0x00000074   Zero   RW          485    .bss                freertos.o
    0x20003e40   0x00000200   Zero   RW          486    .bss                freertos.o
    0x20004040   0x00000074   Zero   RW          487    .bss                freertos.o
    0x200040b4   0x00000200   Zero   RW          488    .bss                freertos.o
    0x200042b4   0x00000074   Zero   RW          489    .bss                freertos.o
    0x20004328   0x00000200   Zero   RW          490    .bss                freertos.o
    0x20004528   0x00000074   Zero   RW          491    .bss                freertos.o
    0x2000459c   0x00000800   Zero   RW          492    .bss                freertos.o
    0x20004d9c   0x00000074   Zero   RW          493    .bss                freertos.o
    0x20004e10   0x00000400   Zero   RW          494    .bss                freertos.o
    0x20005210   0x00000074   Zero   RW          495    .bss                freertos.o
    0x20005284   0x00001a00   Zero   RW          496    .bss                freertos.o
    0x20006c84   0x00000050   Zero   RW          497    .bss                freertos.o
    0x20006cd4   0x00000054   Zero   RW          607    .bss                i2c.o
    0x20006d28   0x00000040   Zero   RW          676    .bss                stm32f4xx_hal_timebase_tim.o
    0x20006d68   0x00000340   Zero   RW          728    .bss                tim.o
    0x200070a8   0x00000140   Zero   RW          839    .bss                usart.o
    0x200071e8   0x00000040   Zero   RW         4618    .bss                queue.o
    0x20007228   0x000004c4   Zero   RW         5064    .bss                tasks.o
    0x200076ec   0x00000118   Zero   RW         5413    .bss                timers.o
    0x20007804   0x000006e8   Zero   RW         5601    .bss                cmsis_os2.o
    0x20007eec   0x00003c00   Zero   RW         5961    .bss                heap_4.o
    0x2000baec   0x00000004   PAD
    0x2000baf0   0x00000400   Zero   RW            1    STACK               startup_stm32f407xx.o


==============================================================================

Image component sizes


      Code (inc. data)   RO Data    RW Data    ZI Data      Debug   Object Name

       624         64          0          4         80       3070   can.o
       496         38          0          4       1768      16894   cmsis_os2.o
        76         18          0          8          0       1443   crc.o
         0          0          0          0          0      19876   event_groups.o
      1528        444        633         52      25536      10849   freertos.o
       476         32          0          0          0      17561   gpio.o
       460         24          0         24      15360       4651   heap_4.o
       200         26          0          0         84       1617   i2c.o
       138          0          0          0          0       3426   list.o
      1326        126          0         24       1980     744603   main.o
       786         82          0         12          0      11349   port.o
      2018         24          0          0         64      18685   queue.o
        36          8        392          0       1024        816   startup_stm32f407xx.o
       116         18          0         12          0       8578   stm32f4xx_hal.o
      1508          6          0          0          0      14021   stm32f4xx_hal_can.o
       192         14          0          0          0      33736   stm32f4xx_hal_cortex.o
        34          0          0          0          0       1007   stm32f4xx_hal_crc.o
        42          0          0          0          0       1742   stm32f4xx_hal_dma.o
       846         92          0          0          0       5037   stm32f4xx_hal_gpio.o
      3366         44          0          0          0      21181   stm32f4xx_hal_i2c.o
        56          4          0          0          0        826   stm32f4xx_hal_msp.o
      1396         92          0          0          0       5745   stm32f4xx_hal_rcc.o
      1720         90          0          0          0      16038   stm32f4xx_hal_tim.o
       232         28          0          0          0       3173   stm32f4xx_hal_tim_ex.o
       116         16          0          0         64       1359   stm32f4xx_hal_timebase_tim.o
      1254         16          0          0          0       9271   stm32f4xx_hal_uart.o
       988        276          0         28          0      20231   stm32f4xx_it.o
         0          0          0          0          0       8740   stream_buffer.o
        28          6         24          4          0       1095   system_stm32f4xx.o
      3874        328          0         68       1220      36617   tasks.o
      2176        194          0          0        832      10446   tim.o
       912         82          0         20        280      18155   timers.o
       772         78          0          0        320       4376   usart.o

    ----------------------------------------------------------------------
     27836       2270       1084        260      48616    1076214   Object Totals
         0          0         32          0          0          0   (incl. Generated)
        44          0          3          0          4          0   (incl. Padding)

    ----------------------------------------------------------------------

      Code (inc. data)   RO Data    RW Data    ZI Data      Debug   Library Member Name

         0          0          0          0          0          0   entry.o
         0          0          0          0          0          0   entry10a.o
         0          0          0          0          0          0   entry11a.o
         8          4          0          0          0          0   entry2.o
         4          0          0          0          0          0   entry5.o
         0          0          0          0          0          0   entry7b.o
         0          0          0          0          0          0   entry8b.o
         8          4          0          0          0          0   entry9a.o
        30          0          0          0          0          0   handlers.o
        36          8          0          0          0         68   init.o
        30          0          0          0          0         68   llshl.o
        32          0          0          0          0         68   llushr.o
        36          0          0          0          0         68   memcpya.o
        36          0          0          0          0        108   memseta.o
       522         20          0          0          0        336   printf3.o
         0          0          0          4          0          0   stdout.o
        18          0          0          0          0         68   strcpy.o
        14          0          0          0          0         68   strlen.o
        44          0          0          0          0         80   uidiv.o
        98          0          0          0          0         92   uldiv.o

    ----------------------------------------------------------------------
       920         36          0          4          0       1024   Library Totals
         4          0          0          0          0          0   (incl. Padding)

    ----------------------------------------------------------------------

      Code (inc. data)   RO Data    RW Data    ZI Data      Debug   Library Name

       916         36          0          4          0       1024   mc_w.l

    ----------------------------------------------------------------------
       920         36          0          4          0       1024   Library Totals

    ----------------------------------------------------------------------

==============================================================================


      Code (inc. data)   RO Data    RW Data    ZI Data      Debug   

     28756       2306       1084        264      48616    1048374   Grand Totals
     28756       2306       1084        264      48616    1048374   ELF Image Totals
     28756       2306       1084        264          0          0   ROM Totals

==============================================================================

    Total RO  Size (Code + RO Data)                29840 (  29.14kB)
    Total RW  Size (RW Data + ZI Data)             48880 (  47.73kB)
    Total ROM Size (Code + RO Data + RW Data)      30104 (  29.40kB)

==============================================================================

