Component: ARM Compiler 5.06 update 4 (build 422) Tool: armlink [4d35d2]

==============================================================================

Section Cross References

    startup_stm32f407xx.o(RESET) refers to startup_stm32f407xx.o(STACK) for __initial_sp
    startup_stm32f407xx.o(RESET) refers to startup_stm32f407xx.o(.text) for Reset_Handler
    startup_stm32f407xx.o(RESET) refers to stm32f4xx_it.o(i.NMI_Handler) for NMI_Handler
    startup_stm32f407xx.o(RESET) refers to stm32f4xx_it.o(i.HardFault_Handler) for HardFault_Handler
    startup_stm32f407xx.o(RESET) refers to stm32f4xx_it.o(i.MemManage_Handler) for MemManage_Handler
    startup_stm32f407xx.o(RESET) refers to stm32f4xx_it.o(i.BusFault_Handler) for BusFault_Handler
    startup_stm32f407xx.o(RESET) refers to stm32f4xx_it.o(i.UsageFault_Handler) for UsageFault_Handler
    startup_stm32f407xx.o(RESET) refers to port.o(.emb_text) for SVC_Handler
    startup_stm32f407xx.o(RESET) refers to stm32f4xx_it.o(i.DebugMon_Handler) for DebugMon_Handler
    startup_stm32f407xx.o(RESET) refers to port.o(i.SysTick_Handler) for SysTick_Handler
    startup_stm32f407xx.o(RESET) refers to stm32f4xx_it.o(i.EXTI0_IRQHandler) for EXTI0_IRQHandler
    startup_stm32f407xx.o(RESET) refers to stm32f4xx_it.o(i.EXTI1_IRQHandler) for EXTI1_IRQHandler
    startup_stm32f407xx.o(RESET) refers to stm32f4xx_it.o(i.EXTI2_IRQHandler) for EXTI2_IRQHandler
    startup_stm32f407xx.o(RESET) refers to stm32f4xx_it.o(i.EXTI3_IRQHandler) for EXTI3_IRQHandler
    startup_stm32f407xx.o(RESET) refers to stm32f4xx_it.o(i.EXTI4_IRQHandler) for EXTI4_IRQHandler
    startup_stm32f407xx.o(RESET) refers to stm32f4xx_it.o(i.DMA1_Stream5_IRQHandler) for DMA1_Stream5_IRQHandler
    startup_stm32f407xx.o(RESET) refers to stm32f4xx_it.o(i.DMA1_Stream6_IRQHandler) for DMA1_Stream6_IRQHandler
    startup_stm32f407xx.o(RESET) refers to stm32f4xx_it.o(i.CAN1_TX_IRQHandler) for CAN1_TX_IRQHandler
    startup_stm32f407xx.o(RESET) refers to stm32f4xx_it.o(i.CAN1_RX0_IRQHandler) for CAN1_RX0_IRQHandler
    startup_stm32f407xx.o(RESET) refers to stm32f4xx_it.o(i.CAN1_RX1_IRQHandler) for CAN1_RX1_IRQHandler
    startup_stm32f407xx.o(RESET) refers to stm32f4xx_it.o(i.CAN1_SCE_IRQHandler) for CAN1_SCE_IRQHandler
    startup_stm32f407xx.o(RESET) refers to stm32f4xx_it.o(i.EXTI9_5_IRQHandler) for EXTI9_5_IRQHandler
    startup_stm32f407xx.o(RESET) refers to stm32f4xx_it.o(i.TIM1_BRK_TIM9_IRQHandler) for TIM1_BRK_TIM9_IRQHandler
    startup_stm32f407xx.o(RESET) refers to stm32f4xx_it.o(i.TIM1_UP_TIM10_IRQHandler) for TIM1_UP_TIM10_IRQHandler
    startup_stm32f407xx.o(RESET) refers to stm32f4xx_it.o(i.TIM1_TRG_COM_TIM11_IRQHandler) for TIM1_TRG_COM_TIM11_IRQHandler
    startup_stm32f407xx.o(RESET) refers to stm32f4xx_it.o(i.TIM1_CC_IRQHandler) for TIM1_CC_IRQHandler
    startup_stm32f407xx.o(RESET) refers to stm32f4xx_it.o(i.TIM2_IRQHandler) for TIM2_IRQHandler
    startup_stm32f407xx.o(RESET) refers to stm32f4xx_it.o(i.TIM3_IRQHandler) for TIM3_IRQHandler
    startup_stm32f407xx.o(RESET) refers to stm32f4xx_it.o(i.TIM4_IRQHandler) for TIM4_IRQHandler
    startup_stm32f407xx.o(RESET) refers to stm32f4xx_it.o(i.I2C1_EV_IRQHandler) for I2C1_EV_IRQHandler
    startup_stm32f407xx.o(RESET) refers to stm32f4xx_it.o(i.I2C1_ER_IRQHandler) for I2C1_ER_IRQHandler
    startup_stm32f407xx.o(RESET) refers to stm32f4xx_it.o(i.USART2_IRQHandler) for USART2_IRQHandler
    startup_stm32f407xx.o(RESET) refers to stm32f4xx_it.o(i.USART3_IRQHandler) for USART3_IRQHandler
    startup_stm32f407xx.o(RESET) refers to stm32f4xx_it.o(i.EXTI15_10_IRQHandler) for EXTI15_10_IRQHandler
    startup_stm32f407xx.o(RESET) refers to stm32f4xx_it.o(i.TIM8_BRK_TIM12_IRQHandler) for TIM8_BRK_TIM12_IRQHandler
    startup_stm32f407xx.o(RESET) refers to stm32f4xx_it.o(i.TIM8_UP_TIM13_IRQHandler) for TIM8_UP_TIM13_IRQHandler
    startup_stm32f407xx.o(RESET) refers to stm32f4xx_it.o(i.TIM8_TRG_COM_TIM14_IRQHandler) for TIM8_TRG_COM_TIM14_IRQHandler
    startup_stm32f407xx.o(RESET) refers to stm32f4xx_it.o(i.TIM8_CC_IRQHandler) for TIM8_CC_IRQHandler
    startup_stm32f407xx.o(RESET) refers to stm32f4xx_it.o(i.TIM5_IRQHandler) for TIM5_IRQHandler
    startup_stm32f407xx.o(RESET) refers to stm32f4xx_it.o(i.UART4_IRQHandler) for UART4_IRQHandler
    startup_stm32f407xx.o(RESET) refers to stm32f4xx_it.o(i.TIM6_DAC_IRQHandler) for TIM6_DAC_IRQHandler
    startup_stm32f407xx.o(RESET) refers to stm32f4xx_it.o(i.TIM7_IRQHandler) for TIM7_IRQHandler
    startup_stm32f407xx.o(RESET) refers to stm32f4xx_it.o(i.CAN2_TX_IRQHandler) for CAN2_TX_IRQHandler
    startup_stm32f407xx.o(RESET) refers to stm32f4xx_it.o(i.CAN2_RX0_IRQHandler) for CAN2_RX0_IRQHandler
    startup_stm32f407xx.o(RESET) refers to stm32f4xx_it.o(i.CAN2_RX1_IRQHandler) for CAN2_RX1_IRQHandler
    startup_stm32f407xx.o(RESET) refers to stm32f4xx_it.o(i.CAN2_SCE_IRQHandler) for CAN2_SCE_IRQHandler
    startup_stm32f407xx.o(RESET) refers to stm32f4xx_it.o(i.USART6_IRQHandler) for USART6_IRQHandler
[...]
    __aeabi_uidivmod                         0x0800034b   Thumb Code    44  uidiv.o(.text)
    __aeabi_llsl                             0x08000377   Thumb Code    30  llshl.o(.text)
    _ll_shift_l                              0x08000377   Thumb Code     0  llshl.o(.text)
    __aeabi_llsr                             0x08000395   Thumb Code    32  llushr.o(.text)
    _ll_ushift_r                             0x08000395   Thumb Code     0  llushr.o(.text)
    __scatterload                            0x080003b5   Thumb Code    28  init.o(.text)
    __scatterload_rt2                        0x080003b5   Thumb Code     0  init.o(.text)
    __decompress                             0x080003d9   Thumb Code     0  __dczerorl2.o(.text)
    __decompress1                            0x080003d9   Thumb Code    86  __dczerorl2.o(.text)
    BusFault_Handler                         0x0800042f   Thumb Code     2  stm32f4xx_it.o(i.BusFault_Handler)
    CAN1_RX0_IRQHandler                      0x08000431   Thumb Code   126  stm32f4xx_it.o(i.CAN1_RX0_IRQHandler)
    CAN1_RX1_IRQHandler                      0x08000535   Thumb Code     6  stm32f4xx_it.o(i.CAN1_RX1_IRQHandler)
    CAN1_SCE_IRQHandler                      0x08000541   Thumb Code     6  stm32f4xx_it.o(i.CAN1_SCE_IRQHandler)
    CAN1_TX_IRQHandler                       0x0800054d   Thumb Code     6  stm32f4xx_it.o(i.CAN1_TX_IRQHandler)
    CAN2_RX0_IRQHandler                      0x08000559   Thumb Code     6  stm32f4xx_it.o(i.CAN2_RX0_IRQHandler)
    CAN2_RX1_IRQHandler                      0x08000565   Thumb Code     6  stm32f4xx_it.o(i.CAN2_RX1_IRQHandler)
    CAN2_SCE_IRQHandler                      0x08000571   Thumb Code     6  stm32f4xx_it.o(i.CAN2_SCE_IRQHandler)
    CAN2_TX_IRQHandler                       0x0800057d   Thumb Code     6  stm32f4xx_it.o(i.CAN2_TX_IRQHandler)
    DMA1_Stream5_IRQHandler                  0x08000589   Thumb Code    56  stm32f4xx_it.o(i.DMA1_Stream5_IRQHandler)
    DMA1_Stream6_IRQHandler                  0x080005d1   Thumb Code    34  stm32f4xx_it.o(i.DMA1_Stream6_IRQHandler)
    DebugMon_Handler                         0x080006ad   Thumb Code     2  stm32f4xx_it.o(i.DebugMon_Handler)
    EXTI0_IRQHandler                         0x080006af   Thumb Code     6  stm32f4xx_it.o(i.EXTI0_IRQHandler)
    EXTI15_10_IRQHandler                     0x080006b5   Thumb Code    54  stm32f4xx_it.o(i.EXTI15_10_IRQHandler)
    EXTI1_IRQHandler                         0x080006eb   Thumb Code     6  stm32f4xx_it.o(i.EXTI1_IRQHandler)
    EXTI2_IRQHandler                         0x080006f1   Thumb Code     6  stm32f4xx_it.o(i.EXTI2_IRQHandler)
    EXTI3_IRQHandler                         0x080006f7   Thumb Code     6  stm32f4xx_it.o(i.EXTI3_IRQHandler)
    EXTI4_IRQHandler                         0x080006fd   Thumb Code     6  stm32f4xx_it.o(i.EXTI4_IRQHandler)
    EXTI9_5_IRQHandler                       0x08000703   Thumb Code    40  stm32f4xx_it.o(i.EXTI9_5_IRQHandler)
    Error_Handler                            0x0800072b   Thumb Code     2  main.o(i.Error_Handler)
    HAL_CAN_ActivateNotification             0x0800072d   Thumb Code    36  stm32f4xx_hal_can.o(i.HAL_CAN_ActivateNotification)
    HAL_CAN_AddTxMessage                     0x08000751   Thumb Code   200  stm32f4xx_hal_can.o(i.HAL_CAN_AddTxMessage)
    HAL_CAN_ConfigFilter                     0x08000819   Thumb Code   262  stm32f4xx_hal_can.o(i.HAL_CAN_ConfigFilter)
    HAL_CAN_DeInit                           0x08000925   Thumb Code    40  stm32f4xx_hal_can.o(i.HAL_CAN_DeInit)
    HAL_CAN_ErrorCallback                    0x0800094d   Thumb Code     2  stm32f4xx_hal_can.o(i.HAL_CAN_ErrorCallback)
    HAL_CAN_GetRxFifoFillLevel               0x08000951   Thumb Code    34  stm32f4xx_hal_can.o(i.HAL_CAN_GetRxFifoFillLevel)
    HAL_CAN_GetRxMessage                     0x08000973   Thumb Code   232  stm32f4xx_hal_can.o(i.HAL_CAN_GetRxMessage)
    HAL_CAN_IRQHandler                       0x08000a5b   Thumb Code   508  stm32f4xx_hal_can.o(i.HAL_CAN_IRQHandler)
    HAL_CAN_Init                             0x08000c57   Thumb Code   282  stm32f4xx_hal_can.o(i.HAL_CAN_Init)
    HAL_CAN_MspDeInit                        0x08000d71   Thumb Code   128  can.o(i.HAL_CAN_MspDeInit)
    HAL_CAN_MspInit                          0x08000e09   Thumb Code   328  can.o(i.HAL_CAN_MspInit)
    HAL_CAN_RxFifo0FullCallback              0x08000f69   Thumb Code     2  stm32f4xx_hal_can.o(i.HAL_CAN_RxFifo0FullCallback)
    HAL_CAN_RxFifo0MsgPendingCallback        0x08000f6b   Thumb Code     2  freertos.o(i.HAL_CAN_RxFifo0MsgPendingCallback)
    HAL_CAN_RxFifo1FullCallback              0x08000f6d   Thumb Code     2  stm32f4xx_hal_can.o(i.HAL_CAN_RxFifo1FullCallback)
    HAL_CAN_RxFifo1MsgPendingCallback        0x08000f6f   Thumb Code     2  stm32f4xx_hal_can.o(i.HAL_CAN_RxFifo1MsgPendingCallback)
    HAL_CAN_SleepCallback                    0x08000f71   Thumb Code     2  stm32f4xx_hal_can.o(i.HAL_CAN_SleepCallback)
    HAL_CAN_Start                            0x08000f75   Thumb Code    88  stm32f4xx_hal_can.o(i.HAL_CAN_Start)
    HAL_CAN_Stop                             0x08000fcd   Thumb Code    96  stm32f4xx_hal_can.o(i.HAL_CAN_Stop)
    HAL_CAN_TxMailbox0AbortCallback          0x0800102d   Thumb Code     2  stm32f4xx_hal_can.o(i.HAL_CAN_TxMailbox0AbortCallback)
    HAL_CAN_TxMailbox0CompleteCallback       0x0800102f   Thumb Code     2  stm32f4xx_hal_can.o(i.HAL_CAN_TxMailbox0CompleteCallback)
    HAL_CAN_TxMailbox1AbortCallback          0x08001031   Thumb Code     2  stm32f4xx_hal_can.o(i.HAL_CAN_TxMailbox1AbortCallback)
    HAL_CAN_TxMailbox1CompleteCallback       0x08001033   Thumb Code     2  stm32f4xx_hal_can.o(i.HAL_CAN_TxMailbox1CompleteCallback)
    HAL_CAN_TxMailbox2AbortCallback          0x08001035   Thumb Code     2  stm32f4xx_hal_can.o(i.HAL_CAN_TxMailbox2AbortCallback)
    HAL_CAN_TxMailbox2CompleteCallback       0x08001037   Thumb Code     2  stm32f4xx_hal_can.o(i.HAL_CAN_TxMailbox2CompleteCallback)
    HAL_CAN_WakeUpFromRxMsgCallback          0x08001039   Thumb Code     2  stm32f4xx_hal_can.o(i.HAL_CAN_WakeUpFromRxMsgCallback)
    HAL_CRC_Init                             0x0800103b   Thumb Code    34  stm32f4xx_hal_crc.o(i.HAL_CRC_Init)
    HAL_CRC_MspInit                          0x0800105d   Thumb Code    30  crc.o(i.HAL_CRC_MspInit)
    HAL_DMA_Abort_IT                         0x08001085   Thumb Code    36  stm32f4xx_hal_dma.o(i.HAL_DMA_Abort_IT)
    HAL_DMA_DeInit                           0x080010a9   Thumb Code    98  stm32f4xx_hal_dma.o(i.HAL_DMA_DeInit)
    HAL_DMA_GetState                         0x0800110b   Thumb Code     6  stm32f4xx_hal_dma.o(i.HAL_DMA_GetState)
    HAL_DMA_IRQHandler                       0x08001111   Thumb Code   412  stm32f4xx_hal_dma.o(i.HAL_DMA_IRQHandler)
    HAL_DMA_Init                             0x080012b1   Thumb Code   206  stm32f4xx_hal_dma.o(i.HAL_DMA_Init)
    HAL_DMA_Start_IT                         0x08001385   Thumb Code   110  stm32f4xx_hal_dma.o(i.HAL_DMA_Start_IT)
    HAL_Delay                                0x080013f5   Thumb Code    32  stm32f4xx_hal.o(i.HAL_Delay)
    HAL_GPIO_DeInit                          0x08001419   Thumb Code   320  stm32f4xx_hal_gpio.o(i.HAL_GPIO_DeInit)
    HAL_GPIO_EXTI_Callback                   0x08001581   Thumb Code     2  stm32f4xx_hal_gpio.o(i.HAL_GPIO_EXTI_Callback)
    HAL_GPIO_EXTI_IRQHandler                 0x08001585   Thumb Code    18  stm32f4xx_hal_gpio.o(i.HAL_GPIO_EXTI_IRQHandler)
    HAL_GPIO_Init                            0x0800159d   Thumb Code   394  stm32f4xx_hal_gpio.o(i.HAL_GPIO_Init)
    HAL_GPIO_ReadPin                         0x08001755   Thumb Code    10  stm32f4xx_hal_gpio.o(i.HAL_GPIO_ReadPin)
    HAL_GPIO_WritePin                        0x0800175f   Thumb Code    10  stm32f4xx_hal_gpio.o(i.HAL_GPIO_WritePin)
    HAL_GetTick                              0x08001769   Thumb Code     6  stm32f4xx_hal.o(i.HAL_GetTick)
    HAL_I2C_AbortCpltCallback                0x08001775   Thumb Code     2  stm32f4xx_hal_i2c.o(i.HAL_I2C_AbortCpltCallback)
    HAL_I2C_AddrCallback                     0x08001777   Thumb Code     2  stm32f4xx_hal_i2c.o(i.HAL_I2C_AddrCallback)
    HAL_I2C_ER_IRQHandler                    0x08001779   Thumb Code   186  stm32f4xx_hal_i2c.o(i.HAL_I2C_ER_IRQHandler)
    HAL_I2C_EV_IRQHandler                    0x08001833   Thumb Code   602  stm32f4xx_hal_i2c.o(i.HAL_I2C_EV_IRQHandler)
    HAL_I2C_ErrorCallback                    0x08001a8d   Thumb Code     2  stm32f4xx_hal_i2c.o(i.HAL_I2C_ErrorCallback)
    HAL_I2C_Init                             0x08001a91   Thumb Code   376  stm32f4xx_hal_i2c.o(i.HAL_I2C_Init)
    HAL_I2C_ListenCpltCallback               0x08001c19   Thumb Code     2  stm32f4xx_hal_i2c.o(i.HAL_I2C_ListenCpltCallback)
    HAL_I2C_MasterRxCpltCallback             0x08001c1b   Thumb Code     2  stm32f4xx_hal_i2c.o(i.HAL_I2C_MasterRxCpltCallback)
    HAL_I2C_MasterTxCpltCallback             0x08001c1d   Thumb Code     2  stm32f4xx_hal_i2c.o(i.HAL_I2C_MasterTxCpltCallback)
    HAL_I2C_Master_Receive                   0x08001c21   Thumb Code   468  stm32f4xx_hal_i2c.o(i.HAL_I2C_Master_Receive)
    HAL_I2C_Master_Transmit                  0x08001e01   Thumb Code   290  stm32f4xx_hal_i2c.o(i.HAL_I2C_Master_Transmit)
    HAL_I2C_MemRxCpltCallback                0x08001f2d   Thumb Code     2  stm32f4xx_hal_i2c.o(i.HAL_I2C_MemRxCpltCallback)
    HAL_I2C_MemTxCpltCallback                0x08001f2f   Thumb Code     2  stm32f4xx_hal_i2c.o(i.HAL_I2C_MemTxCpltCallback)
    HAL_I2C_MspInit                          0x08001f31   Thumb Code   126  i2c.o(i.HAL_I2C_MspInit)
    HAL_I2C_SlaveRxCpltCallback              0x08001fbd   Thumb Code     2  stm32f4xx_hal_i2c.o(i.HAL_I2C_SlaveRxCpltCallback)
    HAL_I2C_SlaveTxCpltCallback              0x08001fbf   Thumb Code     2  stm32f4xx_hal_i2c.o(i.HAL_I2C_SlaveTxCpltCallback)
    HAL_IncTick                              0x08001fc1   Thumb Code    12  stm32f4xx_hal.o(i.HAL_IncTick)
    HAL_Init                                 0x08001fd1   Thumb Code    48  stm32f4xx_hal.o(i.HAL_Init)
    HAL_InitTick                             0x08002005   Thumb Code   100  stm32f4xx_hal_timebase_tim.o(i.HAL_InitTick)
    HAL_MspInit                              0x08002079   Thumb Code    52  stm32f4xx_hal_msp.o(i.HAL_MspInit)
    HAL_NVIC_DisableIRQ                      0x080020b1   Thumb Code    34  stm32f4xx_hal_cortex.o(i.HAL_NVIC_DisableIRQ)
    HAL_NVIC_EnableIRQ                       0x080020d3   Thumb Code    26  stm32f4xx_hal_cortex.o(i.HAL_NVIC_EnableIRQ)
    HAL_NVIC_SetPriority                     0x080020ed   Thumb Code    60  stm32f4xx_hal_cortex.o(i.HAL_NVIC_SetPriority)
    HAL_NVIC_SetPriorityGrouping             0x0800212d   Thumb Code    26  stm32f4xx_hal_cortex.o(i.HAL_NVIC_SetPriorityGrouping)
    HAL_RCC_ClockConfig                      0x08002151   Thumb Code   288  stm32f4xx_hal_rcc.o(i.HAL_RCC_ClockConfig)
    HAL_RCC_GetClockConfig                   0x08002285   Thumb Code    54  stm32f4xx_hal_rcc.o(i.HAL_RCC_GetClockConfig)
    HAL_RCC_GetPCLK1Freq                     0x080022c5   Thumb Code    20  stm32f4xx_hal_rcc.o(i.HAL_RCC_GetPCLK1Freq)
    HAL_RCC_GetPCLK2Freq                     0x080022e5   Thumb Code    20  stm32f4xx_hal_rcc.o(i.HAL_RCC_GetPCLK2Freq)
    HAL_RCC_GetSysClockFreq                  0x08002305   Thumb Code    88  stm32f4xx_hal_rcc.o(i.HAL_RCC_GetSysClockFreq)
    HAL_RCC_OscConfig                        0x08002369   Thumb Code   834  stm32f4xx_hal_rcc.o(i.HAL_RCC_OscConfig)
    HAL_TIMEx_BreakCallback                  0x080026c5   Thumb Code     2  stm32f4xx_hal_tim_ex.o(i.HAL_TIMEx_BreakCallback)
    HAL_TIMEx_CommutCallback                 0x080026c7   Thumb Code     2  stm32f4xx_hal_tim_ex.o(i.HAL_TIMEx_CommutCallback)
    HAL_TIMEx_ConfigBreakDeadTime            0x080026c9   Thumb Code    84  stm32f4xx_hal_tim_ex.o(i.HAL_TIMEx_ConfigBreakDeadTime)
    HAL_TIMEx_MasterConfigSynchronization    0x0800271d   Thumb Code   116  stm32f4xx_hal_tim_ex.o(i.HAL_TIMEx_MasterConfigSynchronization)
    HAL_TIM_Base_Init                        0x080027ad   Thumb Code    54  stm32f4xx_hal_tim.o(i.HAL_TIM_Base_Init)
    HAL_TIM_Base_MspInit                     0x080027e5   Thumb Code   582  tim.o(i.HAL_TIM_Base_MspInit)
    HAL_TIM_Base_Start_IT                    0x08002a61   Thumb Code    34  stm32f4xx_hal_tim.o(i.HAL_TIM_Base_Start_IT)
    HAL_TIM_ConfigClockSource                0x08002a83   Thumb Code   214  stm32f4xx_hal_tim.o(i.HAL_TIM_ConfigClockSource)
    HAL_TIM_IC_CaptureCallback               0x08002b59   Thumb Code     2  stm32f4xx_hal_tim.o(i.HAL_TIM_IC_CaptureCallback)
    HAL_TIM_IRQHandler                       0x08002b5b   Thumb Code   358  stm32f4xx_hal_tim.o(i.HAL_TIM_IRQHandler)
    HAL_TIM_MspPostInit                      0x08002cc1   Thumb Code   180  tim.o(i.HAL_TIM_MspPostInit)
    HAL_TIM_OC_DelayElapsedCallback          0x08002d91   Thumb Code     2  stm32f4xx_hal_tim.o(i.HAL_TIM_OC_DelayElapsedCallback)
    HAL_TIM_PWM_ConfigChannel                0x08002d93   Thumb Code   208  stm32f4xx_hal_tim.o(i.HAL_TIM_PWM_ConfigChannel)
    HAL_TIM_PWM_Init                         0x08002e63   Thumb Code    54  stm32f4xx_hal_tim.o(i.HAL_TIM_PWM_Init)
    HAL_TIM_PWM_MspInit                      0x08002e99   Thumb Code     2  stm32f4xx_hal_tim.o(i.HAL_TIM_PWM_MspInit)
    HAL_TIM_PWM_PulseFinishedCallback        0x08002e9b   Thumb Code     2  stm32f4xx_hal_tim.o(i.HAL_TIM_PWM_PulseFinishedCallback)
    HAL_TIM_PWM_Start                        0x08002e9d   Thumb Code    58  stm32f4xx_hal_tim.o(i.HAL_TIM_PWM_Start)
    HAL_TIM_PeriodElapsedCallback            0x08002ee1   Thumb Code    14  main.o(i.HAL_TIM_PeriodElapsedCallback)
    HAL_TIM_TriggerCallback                  0x08002ef5   Thumb Code     2  stm32f4xx_hal_tim.o(i.HAL_TIM_TriggerCallback)
    HAL_UART_ErrorCallback                   0x08002ef7   Thumb Code     2  stm32f4xx_hal_uart.o(i.HAL_UART_ErrorCallback)
    HAL_UART_IRQHandler                      0x08002ef9   Thumb Code   270  stm32f4xx_hal_uart.o(i.HAL_UART_IRQHandler)
    HAL_UART_Init                            0x0800300d   Thumb Code    98  stm32f4xx_hal_uart.o(i.HAL_UART_Init)
    HAL_UART_MspInit                         0x08003071   Thumb Code   562  usart.o(i.HAL_UART_MspInit)
    HAL_UART_Receive_DMA                     0x080032d5   Thumb Code   138  stm32f4xx_hal_uart.o(i.HAL_UART_Receive_DMA)
    HAL_UART_RxCpltCallback                  0x0800336d   Thumb Code     2  stm32f4xx_hal_uart.o(i.HAL_UART_RxCpltCallback)
    HAL_UART_RxHalfCpltCallback              0x0800336f   Thumb Code     2  stm32f4xx_hal_uart.o(i.HAL_UART_RxHalfCpltCallback)
    HAL_UART_Transmit                        0x08003371   Thumb Code   186  stm32f4xx_hal_uart.o(i.HAL_UART_Transmit)
    HAL_UART_Transmit_DMA                    0x0800342d   Thumb Code   114  stm32f4xx_hal_uart.o(i.HAL_UART_Transmit_DMA)
    HAL_UART_TxCpltCallback                  0x080034ad   Thumb Code     2  stm32f4xx_hal_uart.o(i.HAL_UART_TxCpltCallback)
    HAL_UART_TxHalfCpltCallback              0x080034af   Thumb Code     2  stm32f4xx_hal_uart.o(i.HAL_UART_TxHalfCpltCallback)
    HardFault_Handler                        0x080034b1   Thumb Code     2  stm32f4xx_it.o(i.HardFault_Handler)
    I2C1_ER_IRQHandler                       0x080034b5   Thumb Code     6  stm32f4xx_it.o(i.I2C1_ER_IRQHandler)
    I2C1_EV_IRQHandler                       0x080034c1   Thumb Code     6  stm32f4xx_it.o(i.I2C1_EV_IRQHandler)
    MX_CAN1_Init                             0x080040fd   Thumb Code    52  can.o(i.MX_CAN1_Init)
    MX_CAN2_Init                             0x08004139   Thumb Code    52  can.o(i.MX_CAN2_Init)
    MX_CRC_Init                              0x08004175   Thumb Code    28  crc.o(i.MX_CRC_Init)
    MX_DMA_Init                              0x08004199   Thumb Code    56  dma.o(i.MX_DMA_Init)
    MX_FREERTOS_Init                         0x080041d5   Thumb Code   390  freertos.o(i.MX_FREERTOS_Init)
    MX_GPIO_Init                             0x0800439d   Thumb Code   444  gpio.o(i.MX_GPIO_Init)
    MX_I2C1_Init                             0x08004579   Thumb Code    52  i2c.o(i.MX_I2C1_Init)
    MX_TIM10_Init                            0x080045b9   Thumb Code    48  tim.o(i.MX_TIM10_Init)
    MX_TIM11_Init                            0x080045f1   Thumb Code    48  tim.o(i.MX_TIM11_Init)
    MX_TIM12_Init                            0x08004629   Thumb Code    66  tim.o(i.MX_TIM12_Init)
    MX_TIM13_Init                            0x08004675   Thumb Code    38  tim.o(i.MX_TIM13_Init)
    MX_TIM14_Init                            0x080046a5   Thumb Code    44  tim.o(i.MX_TIM14_Init)
    MX_TIM1_Init                             0x080046d9   Thumb Code   198  tim.o(i.MX_TIM1_Init)
    MX_TIM2_Init                             0x080047a9   Thumb Code   152  tim.o(i.MX_TIM2_Init)
    MX_TIM3_Init                             0x08004845   Thumb Code   150  tim.o(i.MX_TIM3_Init)
    MX_TIM4_Init                             0x080048e5   Thumb Code   150  tim.o(i.MX_TIM4_Init)
    MX_TIM5_Init                             0x08004985   Thumb Code    96  tim.o(i.MX_TIM5_Init)
    MX_TIM7_Init                             0x080049ed   Thumb Code    64  tim.o(i.MX_TIM7_Init)
    MX_TIM8_Init                             0x08004a35   Thumb Code   100  tim.o(i.MX_TIM8_Init)
    MX_TIM9_Init                             0x08004aa1   Thumb Code    72  tim.o(i.MX_TIM9_Init)
    MX_UART4_Init                            0x08004af1   Thumb Code    48  usart.o(i.MX_UART4_Init)
    MX_USART1_UART_Init                      0x08004b29   Thumb Code    48  usart.o(i.MX_USART1_UART_Init)
    MX_USART2_UART_Init                      0x08004b61   Thumb Code    48  usart.o(i.MX_USART2_UART_Init)
    MX_USART3_UART_Init                      0x08004b99   Thumb Code    48  usart.o(i.MX_USART3_UART_Init)
    MX_USART6_UART_Init                      0x08004bd1   Thumb Code    48  usart.o(i.MX_USART6_UART_Init)
    MemManage_Handler                        0x08004c09   Thumb Code     2  stm32f4xx_it.o(i.MemManage_Handler)
    NMI_Handler                              0x08004c0b   Thumb Code     2  stm32f4xx_it.o(i.NMI_Handler)
    StartDefaultTask                         0x08004c0d   Thumb Code    66  freertos.o(i.StartDefaultTask)
    SysTick_Handler                          0x08004c59   Thumb Code    38  port.o(i.SysTick_Handler)
    SystemClock_Config                       0x08004c85   Thumb Code   124  main.o(i.SystemClock_Config)
    SystemInit                               0x08004d09   Thumb Code    22  system_stm32f4xx.o(i.SystemInit)
    TIM1_BRK_TIM9_IRQHandler                 0x08004d25   Thumb Code    98  stm32f4xx_it.o(i.TIM1_BRK_TIM9_IRQHandler)
    TIM1_CC_IRQHandler                       0x08004da1   Thumb Code     6  stm32f4xx_it.o(i.TIM1_CC_IRQHandler)
    TIM1_TRG_COM_TIM11_IRQHandler            0x08004dad   Thumb Code    62  stm32f4xx_it.o(i.TIM1_TRG_COM_TIM11_IRQHandler)
    TIM1_UP_TIM10_IRQHandler                 0x08004e01   Thumb Code    74  stm32f4xx_it.o(i.TIM1_UP_TIM10_IRQHandler)
    TIM2_IRQHandler                          0x08004e61   Thumb Code     6  stm32f4xx_it.o(i.TIM2_IRQHandler)
    TIM3_IRQHandler                          0x08004e6d   Thumb Code     6  stm32f4xx_it.o(i.TIM3_IRQHandler)
    TIM4_IRQHandler                          0x08004e79   Thumb Code     6  stm32f4xx_it.o(i.TIM4_IRQHandler)
    TIM5_IRQHandler                          0x08004e85   Thumb Code    56  stm32f4xx_it.o(i.TIM5_IRQHandler)
    TIM6_DAC_IRQHandler                      0x08004ecd   Thumb Code     6  stm32f4xx_it.o(i.TIM6_DAC_IRQHandler)
    TIM7_IRQHandler                          0x08004ed9   Thumb Code    54  stm32f4xx_it.o(i.TIM7_IRQHandler)
    TIM8_BRK_TIM12_IRQHandler                0x08004f21   Thumb Code    24  stm32f4xx_it.o(i.TIM8_BRK_TIM12_IRQHandler)
    TIM8_CC_IRQHandler                       0x08004f41   Thumb Code     6  stm32f4xx_it.o(i.TIM8_CC_IRQHandler)
    TIM8_TRG_COM_TIM14_IRQHandler            0x08004f4d   Thumb Code    26  stm32f4xx_it.o(i.TIM8_TRG_COM_TIM14_IRQHandler)
    TIM8_UP_TIM13_IRQHandler                 0x08004f75   Thumb Code    62  stm32f4xx_it.o(i.TIM8_UP_TIM13_IRQHandler)
    TIM_Base_SetConfig                       0x08004fc9   Thumb Code   156  stm32f4xx_hal_tim.o(i.TIM_Base_SetConfig)
    TIM_CCxChannelCmd                        0x08005091   Thumb Code    26  stm32f4xx_hal_tim.o(i.TIM_CCxChannelCmd)
    TIM_ETR_SetConfig                        0x080050ab   Thumb Code    20  stm32f4xx_hal_tim.o(i.TIM_ETR_SetConfig)
    TIM_OC2_SetConfig                        0x08005131   Thumb Code    98  stm32f4xx_hal_tim.o(i.TIM_OC2_SetConfig)
    UART4_IRQHandler                         0x0800529d   Thumb Code     6  stm32f4xx_it.o(i.UART4_IRQHandler)
    USART2_IRQHandler                        0x08005635   Thumb Code    32  stm32f4xx_it.o(i.USART2_IRQHandler)
    USART3_IRQHandler                        0x08005671   Thumb Code     6  stm32f4xx_it.o(i.USART3_IRQHandler)
    USART6_IRQHandler                        0x0800567d   Thumb Code     6  stm32f4xx_it.o(i.USART6_IRQHandler)
    UsageFault_Handler                       0x08005689   Thumb Code     2  stm32f4xx_it.o(i.UsageFault_Handler)
    __0printf$3                              0x0800568d   Thumb Code    22  printf3.o(i.__0printf$3)
    __1printf$3                              0x0800568d   Thumb Code     0  printf3.o(i.__0printf$3)
    __2printf                                0x0800568d   Thumb Code     0  printf3.o(i.__0printf$3)
    __0sprintf$3                             0x080056ad   Thumb Code    34  printf3.o(i.__0sprintf$3)
    __1sprintf$3                             0x080056ad   Thumb Code     0  printf3.o(i.__0sprintf$3)
    __2sprintf                               0x080056ad   Thumb Code     0  printf3.o(i.__0sprintf$3)
    __scatterload_copy                       0x080056f5   Thumb Code    14  handlers.o(i.__scatterload_copy)
    __scatterload_null                       0x08005703   Thumb Code     2  handlers.o(i.__scatterload_null)
    __scatterload_zeroinit                   0x08005705   Thumb Code    14  handlers.o(i.__scatterload_zeroinit)
    can_send                                 0x080058d9   Thumb Code   154  main.o(i.can_send)
    can_start                                0x08005979   Thumb Code   116  main.o(i.can_start)
    command_0                                0x080059f5   Thumb Code   234  main.o(i.command_0)
    command_1                                0x08005b4d   Thumb Code   208  main.o(i.command_1)
    command_10                               0x08005c89   Thumb Code     4  main.o(i.command_10)
    command_11                               0x08005c8d   Thumb Code     4  main.o(i.command_11)
    command_12                               0x08005c91   Thumb Code     4  main.o(i.command_12)
    command_13                               0x08005c95   Thumb Code     4  main.o(i.command_13)
    command_14                               0x08005c99   Thumb Code     4  main.o(i.command_14)
    command_15                               0x08005c9d   Thumb Code     4  main.o(i.command_15)
    command_16                               0x08005ca1   Thumb Code     4  main.o(i.command_16)
    command_17                               0x08005ca5   Thumb Code     4  main.o(i.command_17)
    command_18                               0x08005ca9   Thumb Code     4  main.o(i.command_18)
    command_19                               0x08005cad   Thumb Code     4  main.o(i.command_19)
    command_2                                0x08005cb1   Thumb Code   236  main.o(i.command_2)
    command_20                               0x08005ddd   Thumb Code     4  main.o(i.command_20)
    command_21                               0x08005de1   Thumb Code     4  main.o(i.command_21)
    command_22                               0x08005de5   Thumb Code     4  main.o(i.command_22)
    command_23                               0x08005de9   Thumb Code     4  main.o(i.command_23)
    command_24                               0x08005ded   Thumb Code     4  main.o(i.command_24)
    command_25                               0x08005df1   Thumb Code     4  main.o(i.command_25)
    command_26                               0x08005df5   Thumb Code     4  main.o(i.command_26)
    command_3                                0x08005df9   Thumb Code   268  main.o(i.command_3)
    command_4                                0x08005f49   Thumb Code     4  main.o(i.command_4)
    command_5                                0x08005f4d   Thumb Code     4  main.o(i.command_5)
    command_6                                0x08005f51   Thumb Code     4  main.o(i.command_6)
    command_7                                0x08005f55   Thumb Code   202  main.o(i.command_7)
    command_8                                0x0800608d   Thumb Code   204  main.o(i.command_8)
    command_9                                0x080061c1   Thumb Code   172  main.o(i.command_9)
    configureTimerForRunTimeStats            0x080062d5   Thumb Code     8  main.o(i.configureTimerForRunTimeStats)
    eTaskGetState                            0x080062e1   Thumb Code    94  tasks.o(i.eTaskGetState)
    fputc                                    0x08006349   Thumb Code    20  main.o(i.fputc)
    getRunTimeCounterValue                   0x08006361   Thumb Code     6  main.o(i.getRunTimeCounterValue)
    iic_rw                                   0x0800636d   Thumb Code   260  main.o(i.iic_rw)
    lock_init                                0x08006519   Thumb Code   222  main.o(i.lock_init)
    main                                     0x08006601   Thumb Code   184  main.o(i.main)
    modbus_list_gen                          0x080066f1   Thumb Code    72  main.o(i.modbus_list_gen)
    modbus_send                              0x08006739   Thumb Code   314  main.o(i.modbus_send)
    osDelay                                  0x08006885   Thumb Code    46  cmsis_os2.o(i.osDelay)
    osKernelInitialize                       0x080068b9   Thumb Code    50  cmsis_os2.o(i.osKernelInitialize)
    osKernelStart                            0x080068f1   Thumb Code    58  cmsis_os2.o(i.osKernelStart)
    osMessageQueueNew                        0x08006931   Thumb Code   110  cmsis_os2.o(i.osMessageQueueNew)
    osThreadNew                              0x080069a5   Thumb Code   160  cmsis_os2.o(i.osThreadNew)
    pvPortMalloc                             0x08007369   Thumb Code   210  heap_4.o(i.pvPortMalloc)
    pvTaskIncrementMutexHeldCount            0x08007441   Thumb Code    18  tasks.o(i.pvTaskIncrementMutexHeldCount)
    pxPortInitialiseStack                    0x08007459   Thumb Code    40  port.o(i.pxPortInitialiseStack)
    start_soft_timer                         0x08007485   Thumb Code    46  freertos.o(i.start_soft_timer)
    start_tk_co_order                        0x080074cd   Thumb Code     8  freertos.o(i.start_tk_co_order)
    start_tk_commu_monitor                   0x080074d5   Thumb Code    42  freertos.o(i.start_tk_commu_monitor)
    start_tk_conflict_monitor                0x08007525   Thumb Code    42  freertos.o(i.start_tk_conflict_monitor)
    start_tk_grating_monitor                 0x08007571   Thumb Code    42  freertos.o(i.start_tk_grating_monitor)
    start_tk_limit_sw                        0x080075bd   Thumb Code    92  freertos.o(i.start_tk_limit_sw)
    start_tk_master_order                    0x0800761d   Thumb Code   334  freertos.o(i.start_tk_master_order)
    start_tk_pidoutput                       0x080077d5   Thumb Code    42  freertos.o(i.start_tk_pidoutput)
    start_tk_posture_monitor                 0x08007819   Thumb Code    42  freertos.o(i.start_tk_posture_monitor)
    start_tk_rece_result                     0x08007865   Thumb Code     8  freertos.o(i.start_tk_rece_result)
    start_tk_send_order                      0x0800786d   Thumb Code   122  freertos.o(i.start_tk_send_order)
    start_tk_sensor_monitor                  0x08007959   Thumb Code    42  freertos.o(i.start_tk_sensor_monitor)
    start_tk_zero_monitor                    0x080079a1   Thumb Code     8  freertos.o(i.start_tk_zero_monitor)
    switchGet                                0x080079a9   Thumb Code   346  main.o(i.switchGet)
    timer_start                              0x08007b0d   Thumb Code    80  main.o(i.timer_start)
    usMBCRC16                                0x08007b89   Thumb Code    40  main.o(i.usMBCRC16)
    uxListRemove                             0x08007bb5   Thumb Code    38  list.o(i.uxListRemove)
    uxQueueSpacesAvailable                   0x08007bdb   Thumb Code    40  queue.o(i.uxQueueSpacesAvailable)
    uxTaskGetSystemState                     0x08007c05   Thumb Code   160  tasks.o(i.uxTaskGetSystemState)
    vApplicationGetIdleTaskMemory            0x08007cb1   Thumb Code    16  cmsis_os2.o(i.vApplicationGetIdleTaskMemory)
    vApplicationGetTimerTaskMemory           0x08007cc5   Thumb Code    18  cmsis_os2.o(i.vApplicationGetTimerTaskMemory)
    vListInitialise                          0x08007cdd   Thumb Code    22  list.o(i.vListInitialise)
    vListInitialiseItem                      0x08007cf3   Thumb Code     6  list.o(i.vListInitialiseItem)
    vListInsert                              0x08007cf9   Thumb Code    48  list.o(i.vListInsert)
    vListInsertEnd                           0x08007d29   Thumb Code    24  list.o(i.vListInsertEnd)
    vPortEnterCritical                       0x08007d41   Thumb Code    54  port.o(i.vPortEnterCritical)
    vPortExitCritical                        0x08007d81   Thumb Code    34  port.o(i.vPortExitCritical)
    vPortFree                                0x08007da9   Thumb Code    88  heap_4.o(i.vPortFree)
    vPortSetupTimerInterrupt                 0x08007e05   Thumb Code    32  port.o(i.vPortSetupTimerInterrupt)
    vPortValidateInterruptPriority           0x08007e29   Thumb Code    74  port.o(i.vPortValidateInterruptPriority)
    vQueueAddToRegistry                      0x08007e7d   Thumb Code    34  queue.o(i.vQueueAddToRegistry)
    vQueueWaitForMessageRestricted           0x08007ea5   Thumb Code    68  queue.o(i.vQueueWaitForMessageRestricted)
    vTaskDelay                               0x08007ee9   Thumb Code    66  tasks.o(i.vTaskDelay)
    vTaskGetInfo                             0x08007f35   Thumb Code   114  tasks.o(i.vTaskGetInfo)
    vTaskGetRunTimeStats                     0x08007fad   Thumb Code   150  tasks.o(i.vTaskGetRunTimeStats)
    vTaskInternalSetTimeOutState             0x08008061   Thumb Code    12  tasks.o(i.vTaskInternalSetTimeOutState)
    vTaskList                                0x08008071   Thumb Code   170  tasks.o(i.vTaskList)
    vTaskMissedYield                         0x08008131   Thumb Code     8  tasks.o(i.vTaskMissedYield)
    vTaskPlaceOnEventList                    0x0800813d   Thumb Code    44  tasks.o(i.vTaskPlaceOnEventList)
    vTaskPlaceOnEventListRestricted          0x0800816d   Thumb Code    52  tasks.o(i.vTaskPlaceOnEventListRestricted)
    vTaskPriorityDisinheritAfterTimeout      0x080081a5   Thumb Code   134  tasks.o(i.vTaskPriorityDisinheritAfterTimeout)
    vTaskStartScheduler                      0x08008235   Thumb Code   122  tasks.o(i.vTaskStartScheduler)
    vTaskSuspendAll                          0x080082c1   Thumb Code    10  tasks.o(i.vTaskSuspendAll)
    vTaskSwitchContext                       0x080082d1   Thumb Code   114  tasks.o(i.vTaskSwitchContext)
    xPortStartScheduler                      0x0800834d   Thumb Code   222  port.o(i.xPortStartScheduler)
    xQueueGenericCreate                      0x08008441   Thumb Code    72  queue.o(i.xQueueGenericCreate)
    xQueueGenericCreateStatic                0x08008489   Thumb Code   102  queue.o(i.xQueueGenericCreateStatic)
    xQueueGenericReset                       0x080084f1   Thumb Code   132  queue.o(i.xQueueGenericReset)
    xQueueGenericSend                        0x08008579   Thumb Code   334  queue.o(i.xQueueGenericSend)
    xQueueGenericSendFromISR                 0x080086cd   Thumb Code   188  queue.o(i.xQueueGenericSendFromISR)
    xQueueReceive                            0x08008789   Thumb Code   308  queue.o(i.xQueueReceive)
    xQueueSemaphoreTake                      0x080088c1   Thumb Code   372  queue.o(i.xQueueSemaphoreTake)
    xTaskCheckForTimeOut                     0x08008a39   Thumb Code   112  tasks.o(i.xTaskCheckForTimeOut)
    xTaskCreate                              0x08008aad   Thumb Code    90  tasks.o(i.xTaskCreate)
    xTaskCreateStatic                        0x08008b07   Thumb Code    86  tasks.o(i.xTaskCreateStatic)
    xTaskGenericNotifyFromISR                0x08008b5d   Thumb Code   226  tasks.o(i.xTaskGenericNotifyFromISR)
    xTaskGetSchedulerState                   0x08008c4d   Thumb Code    22  tasks.o(i.xTaskGetSchedulerState)
    xTaskGetTickCount                        0x08008c69   Thumb Code     6  tasks.o(i.xTaskGetTickCount)
    xTaskIncrementTick                       0x08008c75   Thumb Code   190  tasks.o(i.xTaskIncrementTick)
    xTaskNotifyWait                          0x08008d3d   Thumb Code   130  tasks.o(i.xTaskNotifyWait)
    xTaskPriorityDisinherit                  0x08008dc9   Thumb Code   118  tasks.o(i.xTaskPriorityDisinherit)
    xTaskPriorityInherit                     0x08008e49   Thumb Code   112  tasks.o(i.xTaskPriorityInherit)
    xTaskRemoveFromEventList                 0x08008ec1   Thumb Code    98  tasks.o(i.xTaskRemoveFromEventList)
    xTaskResumeAll                           0x08008f31   Thumb Code   182  tasks.o(i.xTaskResumeAll)
    xTimerCreate                             0x08008ff5   Thumb Code    52  timers.o(i.xTimerCreate)
    xTimerCreateTimerTask                    0x08009029   Thumb Code    78  timers.o(i.xTimerCreateTimerTask)
    xTimerGenericCommand                     0x08009089   Thumb Code    98  timers.o(i.xTimerGenericCommand)
    AHBPrescTable                            0x080094fc   Data          16  system_stm32f4xx.o(.constdata)
    APBPrescTable                            0x0800950c   Data           8  system_stm32f4xx.o(.constdata)
    Region$$Table$$Base                      0x080095e0   Number         0  anon$$obj.o(Region$$Table)
    Region$$Table$$Limit                     0x08009600   Number         0  anon$$obj.o(Region$$Table)
    timer_period                             0x20000000   Data           4  main.o(.data)
    rece_count                               0x20000004   Data           1  main.o(.data)
    modbus_status                            0x20000005   Data           1  main.o(.data)
    iic_cache                                0x20000006   Data           2  main.o(.data)
    modbus_list_head                         0x20000008   Data           4  main.o(.data)
    modbus_list_tail                         0x2000000c   Data           4  main.o(.data)
    ulHighFrequencyTimerTicks                0x20000010   Data           4  main.o(.data)
    xSemaphorePositionGet                    0x20000014   Data           4  main.o(.data)
    xSemaphorePositionSet                    0x20000018   Data           4  main.o(.data)
    xSemaphoreSwitchGet                      0x2000001c   Data           4  main.o(.data)
    xSemaphoreGratingGet                     0x20000020   Data           4  main.o(.data)
    broadcast_timer                          0x20000024   Data           4  main.o(.data)
    queuespace                               0x20000028   Data           4  main.o(.data)
    command_to_function                      0x2000002c   Data         108  main.o(.data)
    hcrc                                     0x2000009c   Data           8  crc.o(.data)
    defaultTaskHandle                        0x200000a4   Data           4  freertos.o(.data)
    pid_outputHandle                         0x200000a8   Data           4  freertos.o(.data)
    send_orderHandle                         0x200000ac   Data           4  freertos.o(.data)
    commu_mornitorHandle                     0x200000b0   Data           4  freertos.o(.data)
    conflict_monitorHandle                   0x200000b4   Data           4  freertos.o(.data)
    sensor_monitorHandle                     0x200000b8   Data           4  freertos.o(.data)
    grating_monitorHandle                    0x200000bc   Data           4  freertos.o(.data)
    posture_monitorHandle                    0x200000c0   Data           4  freertos.o(.data)
    zero_swHandle                            0x200000c4   Data           4  freertos.o(.data)
    co_orderHandle                           0x200000c8   Data           4  freertos.o(.data)
    master_orderHandle                       0x200000cc   Data           4  freertos.o(.data)
    limit_swHandle                           0x200000d0   Data           4  freertos.o(.data)
    rece_resultHandle                        0x200000d4   Data           4  freertos.o(.data)
    send_queueHandle                         0x200000d8   Data           4  freertos.o(.data)
    rece_queueHandle                         0x200000dc   Data           4  freertos.o(.data)
    b_tk_default                             0x200000e0   Data           4  stm32f4xx_it.o(.data)
    b_tk_sensor_monitor                      0x200000e4   Data           4  stm32f4xx_it.o(.data)
    b_tk_pidoutput                           0x200000e8   Data           4  stm32f4xx_it.o(.data)
    b_tk_conflict_monitor                    0x200000ec   Data           4  stm32f4xx_it.o(.data)
    b_tk_grating_monitor                     0x200000f0   Data           4  stm32f4xx_it.o(.data)
    b_tk_posture_monitor                     0x200000f4   Data           4  stm32f4xx_it.o(.data)
    b_tk_commu_monitor                       0x200000f8   Data           4  stm32f4xx_it.o(.data)
    b_tk_master_order                        0x200000fc   Data           4  stm32f4xx_it.o(.data)
    b_tk_rece_result                         0x20000100   Data           4  stm32f4xx_it.o(.data)
    uwTickFreq                               0x20000104   Data           1  stm32f4xx_hal.o(.data)
    uwTickPrio                               0x20000108   Data           4  stm32f4xx_hal.o(.data)
    uwTick                                   0x2000010c   Data           4  stm32f4xx_hal.o(.data)
    SystemCoreClock                          0x20000110   Data           4  system_stm32f4xx.o(.data)
    pxCurrentTCB                             0x20000114   Data           4  tasks.o(.data)
    __stdout                                 0x20000194   Data           4  stdout.o(.data)
    tklog                                    0x20000198   Data         500  main.o(.bss)
    send_cache                               0x2000038c   Data          16  main.o(.bss)
    semaPositionGet                          0x2000039c   Data          80  main.o(.bss)
    semaPositionSet                          0x200003ec   Data          80  main.o(.bss)
    semaSwitchGet                            0x2000043c   Data          80  main.o(.bss)
    semaGratingGet                           0x2000048c   Data          80  main.o(.bss)
    motor_array                              0x200004dc   Data        2144  main.o(.bss)
    posture                                  0x20000d3c   Data          88  main.o(.bss)
    rece_cache                               0x20000d94   Data          16  main.o(.bss)
    hcan1                                    0x20000da4   Data          40  can.o(.bss)
    hcan2                                    0x20000dcc   Data          40  can.o(.bss)
    defaultTaskBuffer                        0x20000df4   Data        2048  freertos.o(.bss)
    defaultTaskControlBlock                  0x200015f4   Data         116  freertos.o(.bss)
    pid_outputBuffer                         0x20001668   Data        2048  freertos.o(.bss)
    pid_outputControlBlock                   0x20001e68   Data         116  freertos.o(.bss)
    send_orderBuffer                         0x20001edc   Data        2048  freertos.o(.bss)
    send_orderControlBlock                   0x200026dc   Data         116  freertos.o(.bss)
    commu_mornitorBuffer                     0x20002750   Data        2048  freertos.o(.bss)
    commu_mornitorControlBlock               0x20002f50   Data         116  freertos.o(.bss)
    conflict_monitorBuffer                   0x20002fc4   Data        2048  freertos.o(.bss)
    conflict_monitorControlBlock             0x200037c4   Data         116  freertos.o(.bss)
    sensor_monitorBuffer                     0x20003838   Data        2048  freertos.o(.bss)
    sensor_monitorControlBlock               0x20004038   Data         116  freertos.o(.bss)
    grating_monitorBuffer                    0x200040ac   Data         512  freertos.o(.bss)
    grating_monitorControlBlock              0x200042ac   Data         116  freertos.o(.bss)
    posture_monitorBuffer                    0x20004320   Data         512  freertos.o(.bss)
    posture_monitorControlBlock              0x20004520   Data         116  freertos.o(.bss)
    zero_swBuffer                            0x20004594   Data         512  freertos.o(.bss)
    zero_swControlBlock                      0x20004794   Data         116  freertos.o(.bss)
    co_orderBuffer                           0x20004808   Data         512  freertos.o(.bss)
    co_orderControlBlock                     0x20004a08   Data         116  freertos.o(.bss)
    master_orderBuffer                       0x20004a7c   Data        2048  freertos.o(.bss)
    master_orderControlBlock                 0x2000527c   Data         116  freertos.o(.bss)
    limit_swBuffer                           0x200052f0   Data        1024  freertos.o(.bss)
    limit_swControlBlock                     0x200056f0   Data         116  freertos.o(.bss)
    rece_resultBuffer                        0x20005764   Data         512  freertos.o(.bss)
    rece_resultControlBlock                  0x20005964   Data         116  freertos.o(.bss)
    send_queueBuffer                         0x200059d8   Data       15360  freertos.o(.bss)
    send_queueControlBlock                   0x200095d8   Data          80  freertos.o(.bss)
    rece_queueBuffer                         0x20009628   Data       15360  freertos.o(.bss)
    rece_queueControlBlock                   0x2000d228   Data          80  freertos.o(.bss)
    hi2c1                                    0x2000d278   Data          84  i2c.o(.bss)
    htim6                                    0x2000d2cc   Data          64  stm32f4xx_hal_timebase_tim.o(.bss)
    htim1                                    0x2000d30c   Data          64  tim.o(.bss)
    htim2                                    0x2000d34c   Data          64  tim.o(.bss)
    htim3                                    0x2000d38c   Data          64  tim.o(.bss)
    htim4                                    0x2000d3cc   Data          64  tim.o(.bss)
    htim5                                    0x2000d40c   Data          64  tim.o(.bss)
    htim7                                    0x2000d44c   Data          64  tim.o(.bss)
    htim8                                    0x2000d48c   Data          64  tim.o(.bss)
    htim9                                    0x2000d4cc   Data          64  tim.o(.bss)
    htim10                                   0x2000d50c   Data          64  tim.o(.bss)
    htim11                                   0x2000d54c   Data          64  tim.o(.bss)
    htim12                                   0x2000d58c   Data          64  tim.o(.bss)
    htim13                                   0x2000d5cc   Data          64  tim.o(.bss)
    htim14                                   0x2000d60c   Data          64  tim.o(.bss)
    hdma_usart2_tx                           0x2000d64c   Data          96  usart.o(.bss)
    huart4                                   0x2000d6ac   Data          64  usart.o(.bss)
    huart1                                   0x2000d6ec   Data          64  usart.o(.bss)
    huart2                                   0x2000d72c   Data          64  usart.o(.bss)
    huart3                                   0x2000d76c   Data          64  usart.o(.bss)
    huart6                                   0x2000d7ac   Data          64  usart.o(.bss)
    hdma_usart2_rx                           0x2000d7ec   Data          96  usart.o(.bss)
    xQueueRegistry                           0x2000d84c   Data          64  queue.o(.bss)
    __initial_sp                             0x20012550   Data           0  startup_stm32f407xx.o(STACK)



==============================================================================

Memory Map of the image

  Image Entry point : 0x08000189

  Load Region LR_IROM1 (Base: 0x08000000, Size: 0x00009798, Max: 0x00080000, ABSOLUTE, COMPRESSED[0x0000966c])

    Execution Region ER_IROM1 (Base: 0x08000000, Size: 0x00009600, Max: 0x00080000, ABSOLUTE)

    Base Addr    Size         Type   Attr      Idx    E Section Name        Object

    0x08000000   0x00000188   Data   RO            3    RESET               startup_stm32f407xx.o
    0x08000188   0x00000000   Code   RO         6336  * .ARM.Collect$$$$00000000  mc_w.l(entry.o)
    0x08000188   0x00000004   Code   RO         6614    .ARM.Collect$$$$00000001  mc_w.l(entry2.o)
    0x0800018c   0x00000004   Code   RO         6617    .ARM.Collect$$$$00000004  mc_w.l(entry5.o)
    0x08000190   0x00000000   Code   RO         6619    .ARM.Collect$$$$00000008  mc_w.l(entry7b.o)
    0x08000190   0x00000000   Code   RO         6621    .ARM.Collect$$$$0000000A  mc_w.l(entry8b.o)
    0x08000190   0x00000008   Code   RO         6622    .ARM.Collect$$$$0000000B  mc_w.l(entry9a.o)
    0x08000198   0x00000000   Code   RO         6624    .ARM.Collect$$$$0000000D  mc_w.l(entry10a.o)
    0x08000198   0x00000000   Code   RO         6626    .ARM.Collect$$$$0000000F  mc_w.l(entry11a.o)
    0x08000198   0x00000004   Code   RO         6615    .ARM.Collect$$$$00002712  mc_w.l(entry2.o)
    0x0800019c   0x000000be   Code   RO         6259    .emb_text           port.o
    0x0800025a   0x00000002   PAD
    0x0800025c   0x00000024   Code   RO            4    .text               startup_stm32f407xx.o
    0x08000280   0x00000062   Code   RO         6339    .text               mc_w.l(uldiv.o)
    0x080002e2   0x00000024   Code   RO         6341    .text               mc_w.l(memcpya.o)
    0x08000306   0x00000024   Code   RO         6345    .text               mc_w.l(memseta.o)
    0x0800032a   0x0000000e   Code   RO         6347    .text               mc_w.l(strlen.o)
    0x08000338   0x00000012   Code   RO         6349    .text               mc_w.l(strcpy.o)
    0x0800034a   0x0000002c   Code   RO         6629    .text               mc_w.l(uidiv.o)
    0x08000376   0x0000001e   Code   RO         6631    .text               mc_w.l(llshl.o)
    0x08000394   0x00000020   Code   RO         6633    .text               mc_w.l(llushr.o)
    0x080003b4   0x00000024   Code   RO         6646    .text               mc_w.l(init.o)
    0x080003d8   0x00000056   Code   RO         6660    .text               mc_w.l(__dczerorl2.o)
    0x0800042e   0x00000002   Code   RO         1151    i.BusFault_Handler  stm32f4xx_it.o
    0x08000430   0x00000104   Code   RO         1152    i.CAN1_RX0_IRQHandler  stm32f4xx_it.o
    0x08000534   0x0000000c   Code   RO         1153    i.CAN1_RX1_IRQHandler  stm32f4xx_it.o
    0x08000540   0x0000000c   Code   RO         1154    i.CAN1_SCE_IRQHandler  stm32f4xx_it.o
    0x0800054c   0x0000000c   Code   RO         1155    i.CAN1_TX_IRQHandler  stm32f4xx_it.o
    0x08000558   0x0000000c   Code   RO         1156    i.CAN2_RX0_IRQHandler  stm32f4xx_it.o
    0x08000564   0x0000000c   Code   RO         1157    i.CAN2_RX1_IRQHandler  stm32f4xx_it.o
    0x08000570   0x0000000c   Code   RO         1158    i.CAN2_SCE_IRQHandler  stm32f4xx_it.o
    0x0800057c   0x0000000c   Code   RO         1159    i.CAN2_TX_IRQHandler  stm32f4xx_it.o
    0x08000588   0x00000048   Code   RO         1160    i.DMA1_Stream5_IRQHandler  stm32f4xx_it.o
    0x080005d0   0x00000038   Code   RO         1161    i.DMA1_Stream6_IRQHandler  stm32f4xx_it.o
    0x08000608   0x00000028   Code   RO         2152    i.DMA_CalcBaseAndBitshift  stm32f4xx_hal_dma.o
    0x08000630   0x00000054   Code   RO         2153    i.DMA_CheckFifoParam  stm32f4xx_hal_dma.o
    0x08000684   0x00000028   Code   RO         2154    i.DMA_SetConfig     stm32f4xx_hal_dma.o
    0x080006ac   0x00000002   Code   RO         1162    i.DebugMon_Handler  stm32f4xx_it.o
    0x080006ae   0x00000006   Code   RO         1163    i.EXTI0_IRQHandler  stm32f4xx_it.o
    0x080006b4   0x00000036   Code   RO         1164    i.EXTI15_10_IRQHandler  stm32f4xx_it.o
    0x080006ea   0x00000006   Code   RO         1165    i.EXTI1_IRQHandler  stm32f4xx_it.o
    0x080006f0   0x00000006   Code   RO         1166    i.EXTI2_IRQHandler  stm32f4xx_it.o
    0x080006f6   0x00000006   Code   RO         1167    i.EXTI3_IRQHandler  stm32f4xx_it.o
    0x080006fc   0x00000006   Code   RO         1168    i.EXTI4_IRQHandler  stm32f4xx_it.o
    0x08000702   0x00000028   Code   RO         1169    i.EXTI9_5_IRQHandler  stm32f4xx_it.o
    0x0800072a   0x00000002   Code   RO           13    i.Error_Handler     main.o
    0x0800072c   0x00000024   Code   RO         1460    i.HAL_CAN_ActivateNotification  stm32f4xx_hal_can.o
    0x08000750   0x000000c8   Code   RO         1461    i.HAL_CAN_AddTxMessage  stm32f4xx_hal_can.o
    0x08000818   0x0000010c   Code   RO         1462    i.HAL_CAN_ConfigFilter  stm32f4xx_hal_can.o
    0x08000924   0x00000028   Code   RO         1463    i.HAL_CAN_DeInit    stm32f4xx_hal_can.o
    0x0800094c   0x00000002   Code   RO         1465    i.HAL_CAN_ErrorCallback  stm32f4xx_hal_can.o
    0x0800094e   0x00000002   PAD
    0x08000950   0x00000022   Code   RO         1467    i.HAL_CAN_GetRxFifoFillLevel  stm32f4xx_hal_can.o
    0x08000972   0x000000e8   Code   RO         1468    i.HAL_CAN_GetRxMessage  stm32f4xx_hal_can.o
    0x08000a5a   0x000001fc   Code   RO         1472    i.HAL_CAN_IRQHandler  stm32f4xx_hal_can.o
    0x08000c56   0x0000011a   Code   RO         1473    i.HAL_CAN_Init      stm32f4xx_hal_can.o
    0x08000d70   0x00000098   Code   RO          559    i.HAL_CAN_MspDeInit  can.o
    0x08000e08   0x00000160   Code   RO          560    i.HAL_CAN_MspInit   can.o
    0x08000f68   0x00000002   Code   RO         1480    i.HAL_CAN_RxFifo0FullCallback  stm32f4xx_hal_can.o
    0x08000f6a   0x00000002   Code   RO          674    i.HAL_CAN_RxFifo0MsgPendingCallback  freertos.o
    0x08000f6c   0x00000002   Code   RO         1482    i.HAL_CAN_RxFifo1FullCallback  stm32f4xx_hal_can.o
    0x08000f6e   0x00000002   Code   RO         1483    i.HAL_CAN_RxFifo1MsgPendingCallback  stm32f4xx_hal_can.o
    0x08000f70   0x00000002   Code   RO         1484    i.HAL_CAN_SleepCallback  stm32f4xx_hal_can.o
    0x08000f72   0x00000002   PAD
    0x08000f74   0x00000058   Code   RO         1485    i.HAL_CAN_Start     stm32f4xx_hal_can.o
    0x08000fcc   0x00000060   Code   RO         1486    i.HAL_CAN_Stop      stm32f4xx_hal_can.o
    0x0800102c   0x00000002   Code   RO         1487    i.HAL_CAN_TxMailbox0AbortCallback  stm32f4xx_hal_can.o
    0x0800102e   0x00000002   Code   RO         1488    i.HAL_CAN_TxMailbox0CompleteCallback  stm32f4xx_hal_can.o
    0x08001030   0x00000002   Code   RO         1489    i.HAL_CAN_TxMailbox1AbortCallback  stm32f4xx_hal_can.o
    0x08001032   0x00000002   Code   RO         1490    i.HAL_CAN_TxMailbox1CompleteCallback  stm32f4xx_hal_can.o
    0x08001034   0x00000002   Code   RO         1491    i.HAL_CAN_TxMailbox2AbortCallback  stm32f4xx_hal_can.o
    0x08001036   0x00000002   Code   RO         1492    i.HAL_CAN_TxMailbox2CompleteCallback  stm32f4xx_hal_can.o
    0x08001038   0x00000002   Code   RO         1494    i.HAL_CAN_WakeUpFromRxMsgCallback  stm32f4xx_hal_can.o
    0x0800103a   0x00000022   Code   RO         2829    i.HAL_CRC_Init      stm32f4xx_hal_crc.o
    0x0800105c   0x00000028   Code   RO          609    i.HAL_CRC_MspInit   crc.o
    0x08001084   0x00000024   Code   RO         2156    i.HAL_DMA_Abort_IT  stm32f4xx_hal_dma.o
    0x080010a8   0x00000062   Code   RO         2157    i.HAL_DMA_DeInit    stm32f4xx_hal_dma.o
    0x0800110a   0x00000006   Code   RO         2159    i.HAL_DMA_GetState  stm32f4xx_hal_dma.o
    0x08001110   0x000001a0   Code   RO         2160    i.HAL_DMA_IRQHandler  stm32f4xx_hal_dma.o
    0x080012b0   0x000000d4   Code   RO         2161    i.HAL_DMA_Init      stm32f4xx_hal_dma.o
    0x08001384   0x0000006e   Code   RO         2165    i.HAL_DMA_Start_IT  stm32f4xx_hal_dma.o
    0x080013f2   0x00000002   PAD
    0x080013f4   0x00000024   Code   RO         2574    i.HAL_Delay         stm32f4xx_hal.o
    0x08001418   0x00000168   Code   RO         2045    i.HAL_GPIO_DeInit   stm32f4xx_hal_gpio.o
    0x08001580   0x00000002   Code   RO         2046    i.HAL_GPIO_EXTI_Callback  stm32f4xx_hal_gpio.o
    0x08001582   0x00000002   PAD
    0x08001584   0x00000018   Code   RO         2047    i.HAL_GPIO_EXTI_IRQHandler  stm32f4xx_hal_gpio.o
    0x0800159c   0x000001b8   Code   RO         2048    i.HAL_GPIO_Init     stm32f4xx_hal_gpio.o
    0x08001754   0x0000000a   Code   RO         2050    i.HAL_GPIO_ReadPin  stm32f4xx_hal_gpio.o
    0x0800175e   0x0000000a   Code   RO         2052    i.HAL_GPIO_WritePin  stm32f4xx_hal_gpio.o
    0x08001768   0x0000000c   Code   RO         2580    i.HAL_GetTick       stm32f4xx_hal.o
    0x08001774   0x00000002   Code   RO         2885    i.HAL_I2C_AbortCpltCallback  stm32f4xx_hal_i2c.o
    0x08001776   0x00000002   Code   RO         2886    i.HAL_I2C_AddrCallback  stm32f4xx_hal_i2c.o
    0x08001778   0x000000ba   Code   RO         2889    i.HAL_I2C_ER_IRQHandler  stm32f4xx_hal_i2c.o
    0x08001832   0x0000025a   Code   RO         2890    i.HAL_I2C_EV_IRQHandler  stm32f4xx_hal_i2c.o
    0x08001a8c   0x00000002   Code   RO         2892    i.HAL_I2C_ErrorCallback  stm32f4xx_hal_i2c.o
    0x08001a8e   0x00000002   PAD
    0x08001a90   0x00000188   Code   RO         2896    i.HAL_I2C_Init      stm32f4xx_hal_i2c.o
    0x08001c18   0x00000002   Code   RO         2898    i.HAL_I2C_ListenCpltCallback  stm32f4xx_hal_i2c.o
    0x08001c1a   0x00000002   Code   RO         2899    i.HAL_I2C_MasterRxCpltCallback  stm32f4xx_hal_i2c.o
    0x08001c1c   0x00000002   Code   RO         2900    i.HAL_I2C_MasterTxCpltCallback  stm32f4xx_hal_i2c.o
    0x08001c1e   0x00000002   PAD
    0x08001c20   0x000001e0   Code   RO         2902    i.HAL_I2C_Master_Receive  stm32f4xx_hal_i2c.o
    0x08001e00   0x0000012c   Code   RO         2909    i.HAL_I2C_Master_Transmit  stm32f4xx_hal_i2c.o
    0x08001f2c   0x00000002   Code   RO         2912    i.HAL_I2C_MemRxCpltCallback  stm32f4xx_hal_i2c.o
    0x08001f2e   0x00000002   Code   RO         2913    i.HAL_I2C_MemTxCpltCallback  stm32f4xx_hal_i2c.o
    0x08001f30   0x0000008c   Code   RO          854    i.HAL_I2C_MspInit   i2c.o
    0x08001fbc   0x00000002   Code   RO         2922    i.HAL_I2C_SlaveRxCpltCallback  stm32f4xx_hal_i2c.o
    0x08001fbe   0x00000002   Code   RO         2923    i.HAL_I2C_SlaveTxCpltCallback  stm32f4xx_hal_i2c.o
    0x08001fc0   0x00000010   Code   RO         2586    i.HAL_IncTick       stm32f4xx_hal.o
    0x08001fd0   0x00000034   Code   RO         2587    i.HAL_Init          stm32f4xx_hal.o
    0x08002004   0x00000074   Code   RO          922    i.HAL_InitTick      stm32f4xx_hal_timebase_tim.o
    0x08002078   0x00000038   Code   RO         1435    i.HAL_MspInit       stm32f4xx_hal_msp.o
    0x080020b0   0x00000022   Code   RO         2436    i.HAL_NVIC_DisableIRQ  stm32f4xx_hal_cortex.o
    0x080020d2   0x0000001a   Code   RO         2437    i.HAL_NVIC_EnableIRQ  stm32f4xx_hal_cortex.o
    0x080020ec   0x00000040   Code   RO         2443    i.HAL_NVIC_SetPriority  stm32f4xx_hal_cortex.o
    0x0800212c   0x00000024   Code   RO         2444    i.HAL_NVIC_SetPriorityGrouping  stm32f4xx_hal_cortex.o
    0x08002150   0x00000134   Code   RO         1694    i.HAL_RCC_ClockConfig  stm32f4xx_hal_rcc.o
    0x08002284   0x00000040   Code   RO         1698    i.HAL_RCC_GetClockConfig  stm32f4xx_hal_rcc.o
    0x080022c4   0x00000020   Code   RO         1701    i.HAL_RCC_GetPCLK1Freq  stm32f4xx_hal_rcc.o
    0x080022e4   0x00000020   Code   RO         1702    i.HAL_RCC_GetPCLK2Freq  stm32f4xx_hal_rcc.o
    0x08002304   0x00000064   Code   RO         1703    i.HAL_RCC_GetSysClockFreq  stm32f4xx_hal_rcc.o
    0x08002368   0x0000035c   Code   RO         1706    i.HAL_RCC_OscConfig  stm32f4xx_hal_rcc.o
    0x080026c4   0x00000002   Code   RO         4007    i.HAL_TIMEx_BreakCallback  stm32f4xx_hal_tim_ex.o
    0x080026c6   0x00000002   Code   RO         4008    i.HAL_TIMEx_CommutCallback  stm32f4xx_hal_tim_ex.o
    0x080026c8   0x00000054   Code   RO         4010    i.HAL_TIMEx_ConfigBreakDeadTime  stm32f4xx_hal_tim_ex.o
    0x0800271c   0x00000090   Code   RO         4025    i.HAL_TIMEx_MasterConfigSynchronization  stm32f4xx_hal_tim_ex.o
    0x080027ac   0x00000036   Code   RO         3332    i.HAL_TIM_Base_Init  stm32f4xx_hal_tim.o
    0x080027e2   0x00000002   PAD
    0x080027e4   0x0000027c   Code   RO          962    i.HAL_TIM_Base_MspInit  tim.o
    0x08002a60   0x00000022   Code   RO         3337    i.HAL_TIM_Base_Start_IT  stm32f4xx_hal_tim.o
    0x08002a82   0x000000d6   Code   RO         3341    i.HAL_TIM_ConfigClockSource  stm32f4xx_hal_tim.o
    0x08002b58   0x00000002   Code   RO         3361    i.HAL_TIM_IC_CaptureCallback  stm32f4xx_hal_tim.o
    0x08002b5a   0x00000166   Code   RO         3375    i.HAL_TIM_IRQHandler  stm32f4xx_hal_tim.o
    0x08002cc0   0x000000d0   Code   RO          963    i.HAL_TIM_MspPostInit  tim.o
    0x08002d90   0x00000002   Code   RO         3378    i.HAL_TIM_OC_DelayElapsedCallback  stm32f4xx_hal_tim.o
    0x08002d92   0x000000d0   Code   RO         3399    i.HAL_TIM_PWM_ConfigChannel  stm32f4xx_hal_tim.o
    0x08002e62   0x00000036   Code   RO         3402    i.HAL_TIM_PWM_Init  stm32f4xx_hal_tim.o
    0x08002e98   0x00000002   Code   RO         3404    i.HAL_TIM_PWM_MspInit  stm32f4xx_hal_tim.o
    0x08002e9a   0x00000002   Code   RO         3405    i.HAL_TIM_PWM_PulseFinishedCallback  stm32f4xx_hal_tim.o
    0x08002e9c   0x00000044   Code   RO         3407    i.HAL_TIM_PWM_Start  stm32f4xx_hal_tim.o
    0x08002ee0   0x00000014   Code   RO           14    i.HAL_TIM_PeriodElapsedCallback  main.o
    0x08002ef4   0x00000002   Code   RO         3418    i.HAL_TIM_TriggerCallback  stm32f4xx_hal_tim.o
    0x08002ef6   0x00000002   Code   RO         4279    i.HAL_UART_ErrorCallback  stm32f4xx_hal_uart.o
    0x08002ef8   0x00000114   Code   RO         4282    i.HAL_UART_IRQHandler  stm32f4xx_hal_uart.o
    0x0800300c   0x00000062   Code   RO         4283    i.HAL_UART_Init     stm32f4xx_hal_uart.o
    0x0800306e   0x00000002   PAD
    0x08003070   0x00000264   Code   RO         1082    i.HAL_UART_MspInit  usart.o
    0x080032d4   0x00000098   Code   RO         4287    i.HAL_UART_Receive_DMA  stm32f4xx_hal_uart.o
    0x0800336c   0x00000002   Code   RO         4289    i.HAL_UART_RxCpltCallback  stm32f4xx_hal_uart.o
    0x0800336e   0x00000002   Code   RO         4290    i.HAL_UART_RxHalfCpltCallback  stm32f4xx_hal_uart.o
    0x08003370   0x000000ba   Code   RO         4291    i.HAL_UART_Transmit  stm32f4xx_hal_uart.o
    0x0800342a   0x00000002   PAD
    0x0800342c   0x00000080   Code   RO         4292    i.HAL_UART_Transmit_DMA  stm32f4xx_hal_uart.o
    0x080034ac   0x00000002   Code   RO         4294    i.HAL_UART_TxCpltCallback  stm32f4xx_hal_uart.o
    0x080034ae   0x00000002   Code   RO         4295    i.HAL_UART_TxHalfCpltCallback  stm32f4xx_hal_uart.o
    0x080034b0   0x00000002   Code   RO         1170    i.HardFault_Handler  stm32f4xx_it.o
    0x080034b2   0x00000002   PAD
    0x080034b4   0x0000000c   Code   RO         1171    i.I2C1_ER_IRQHandler  stm32f4xx_it.o
    0x080034c0   0x0000000c   Code   RO         1172    i.I2C1_EV_IRQHandler  stm32f4xx_it.o
    0x080034cc   0x00000086   Code   RO         2934    i.I2C_DMAAbort      stm32f4xx_hal_i2c.o
    0x08003552   0x00000002   PAD
    0x08003554   0x00000154   Code   RO         2937    i.I2C_ITError       stm32f4xx_hal_i2c.o
    0x080036a8   0x0000002e   Code   RO         2938    i.I2C_IsAcknowledgeFailed  stm32f4xx_hal_i2c.o
    0x080036d6   0x000000d2   Code   RO         2939    i.I2C_MasterReceive_BTF  stm32f4xx_hal_i2c.o
    0x080037a8   0x00000092   Code   RO         2940    i.I2C_MasterReceive_RXNE  stm32f4xx_hal_i2c.o
    0x0800383a   0x00000002   PAD
    0x0800383c   0x000000ec   Code   RO         2941    i.I2C_MasterRequestRead  stm32f4xx_hal_i2c.o
    0x08003928   0x0000009c   Code   RO         2942    i.I2C_MasterRequestWrite  stm32f4xx_hal_i2c.o
    0x080039c4   0x00000092   Code   RO         2943    i.I2C_MasterTransmit_BTF  stm32f4xx_hal_i2c.o
    0x08003a56   0x00000002   PAD
    0x08003a58   0x000000b6   Code   RO         2944    i.I2C_MasterTransmit_TXE  stm32f4xx_hal_i2c.o
    0x08003b0e   0x00000002   PAD
    0x08003b10   0x00000118   Code   RO         2945    i.I2C_Master_ADDR   stm32f4xx_hal_i2c.o
    0x08003c28   0x0000008c   Code   RO         2946    i.I2C_Master_SB     stm32f4xx_hal_i2c.o
    0x08003cb4   0x0000006c   Code   RO         2947    i.I2C_MemoryTransmit_TXE_BTF  stm32f4xx_hal_i2c.o
    0x08003d20   0x00000084   Code   RO         2950    i.I2C_Slave_AF      stm32f4xx_hal_i2c.o
    0x08003da4   0x0000015c   Code   RO         2951    i.I2C_Slave_STOPF   stm32f4xx_hal_i2c.o
    0x08003f00   0x0000004c   Code   RO         2952    i.I2C_WaitOnBTFFlagUntilTimeout  stm32f4xx_hal_i2c.o
    0x08003f4c   0x00000068   Code   RO         2953    i.I2C_WaitOnFlagUntilTimeout  stm32f4xx_hal_i2c.o
    0x08003fb4   0x00000096   Code   RO         2954    i.I2C_WaitOnMasterAddressFlagUntilTimeout  stm32f4xx_hal_i2c.o
    0x0800404a   0x00000066   Code   RO         2955    i.I2C_WaitOnRXNEFlagUntilTimeout  stm32f4xx_hal_i2c.o
    0x080040b0   0x0000004c   Code   RO         2956    i.I2C_WaitOnTXEFlagUntilTimeout  stm32f4xx_hal_i2c.o
    0x080040fc   0x0000003c   Code   RO          561    i.MX_CAN1_Init      can.o
    0x08004138   0x0000003c   Code   RO          562    i.MX_CAN2_Init      can.o
    0x08004174   0x00000024   Code   RO          610    i.MX_CRC_Init       crc.o
    0x08004198   0x0000003c   Code   RO          650    i.MX_DMA_Init       dma.o
    0x080041d4   0x000001c8   Code   RO          675    i.MX_FREERTOS_Init  freertos.o
    0x0800439c   0x000001dc   Code   RO          515    i.MX_GPIO_Init      gpio.o
    0x08004578   0x00000040   Code   RO          855    i.MX_I2C1_Init      i2c.o
    0x080045b8   0x00000038   Code   RO          964    i.MX_TIM10_Init     tim.o
    0x080045f0   0x00000038   Code   RO          965    i.MX_TIM11_Init     tim.o
    0x08004628   0x0000004c   Code   RO          966    i.MX_TIM12_Init     tim.o
    0x08004674   0x00000030   Code   RO          967    i.MX_TIM13_Init     tim.o
    0x080046a4   0x00000034   Code   RO          968    i.MX_TIM14_Init     tim.o
    0x080046d8   0x000000d0   Code   RO          969    i.MX_TIM1_Init      tim.o
    0x080047a8   0x0000009c   Code   RO          970    i.MX_TIM2_Init      tim.o
    0x08004844   0x000000a0   Code   RO          971    i.MX_TIM3_Init      tim.o
    0x080048e4   0x000000a0   Code   RO          972    i.MX_TIM4_Init      tim.o
    0x08004984   0x00000068   Code   RO          973    i.MX_TIM5_Init      tim.o
    0x080049ec   0x00000048   Code   RO          974    i.MX_TIM7_Init      tim.o
    0x08004a34   0x0000006c   Code   RO          975    i.MX_TIM8_Init      tim.o
    0x08004aa0   0x00000050   Code   RO          976    i.MX_TIM9_Init      tim.o
    0x08004af0   0x00000038   Code   RO         1083    i.MX_UART4_Init     usart.o
    0x08004b28   0x00000038   Code   RO         1084    i.MX_USART1_UART_Init  usart.o
    0x08004b60   0x00000038   Code   RO         1085    i.MX_USART2_UART_Init  usart.o
    0x08004b98   0x00000038   Code   RO         1086    i.MX_USART3_UART_Init  usart.o
    0x08004bd0   0x00000038   Code   RO         1087    i.MX_USART6_UART_Init  usart.o
    0x08004c08   0x00000002   Code   RO         1173    i.MemManage_Handler  stm32f4xx_it.o
    0x08004c0a   0x00000002   Code   RO         1174    i.NMI_Handler       stm32f4xx_it.o
    0x08004c0c   0x0000004c   Code   RO          676    i.StartDefaultTask  freertos.o
    0x08004c58   0x0000002c   Code   RO         6260    i.SysTick_Handler   port.o
    0x08004c84   0x00000084   Code   RO           15    i.SystemClock_Config  main.o
    0x08004d08   0x0000001c   Code   RO         4585    i.SystemInit        system_stm32f4xx.o
    0x08004d24   0x0000007c   Code   RO         1175    i.TIM1_BRK_TIM9_IRQHandler  stm32f4xx_it.o
    0x08004da0   0x0000000c   Code   RO         1176    i.TIM1_CC_IRQHandler  stm32f4xx_it.o
    0x08004dac   0x00000054   Code   RO         1177    i.TIM1_TRG_COM_TIM11_IRQHandler  stm32f4xx_it.o
    0x08004e00   0x00000060   Code   RO         1178    i.TIM1_UP_TIM10_IRQHandler  stm32f4xx_it.o
    0x08004e60   0x0000000c   Code   RO         1179    i.TIM2_IRQHandler   stm32f4xx_it.o
    0x08004e6c   0x0000000c   Code   RO         1180    i.TIM3_IRQHandler   stm32f4xx_it.o
    0x08004e78   0x0000000c   Code   RO         1181    i.TIM4_IRQHandler   stm32f4xx_it.o
    0x08004e84   0x00000048   Code   RO         1182    i.TIM5_IRQHandler   stm32f4xx_it.o
    0x08004ecc   0x0000000c   Code   RO         1183    i.TIM6_DAC_IRQHandler  stm32f4xx_it.o
    0x08004ed8   0x00000048   Code   RO         1184    i.TIM7_IRQHandler   stm32f4xx_it.o
    0x08004f20   0x00000020   Code   RO         1185    i.TIM8_BRK_TIM12_IRQHandler  stm32f4xx_it.o
    0x08004f40   0x0000000c   Code   RO         1186    i.TIM8_CC_IRQHandler  stm32f4xx_it.o
    0x08004f4c   0x00000028   Code   RO         1187    i.TIM8_TRG_COM_TIM14_IRQHandler  stm32f4xx_it.o
    0x08004f74   0x00000054   Code   RO         1188    i.TIM8_UP_TIM13_IRQHandler  stm32f4xx_it.o
    0x08004fc8   0x000000c8   Code   RO         3420    i.TIM_Base_SetConfig  stm32f4xx_hal_tim.o
    0x08005090   0x0000001a   Code   RO         3421    i.TIM_CCxChannelCmd  stm32f4xx_hal_tim.o
    0x080050aa   0x00000014   Code   RO         3431    i.TIM_ETR_SetConfig  stm32f4xx_hal_tim.o
    0x080050be   0x00000010   Code   RO         3432    i.TIM_ITRx_SetConfig  stm32f4xx_hal_tim.o
    0x080050ce   0x00000002   PAD
    0x080050d0   0x00000060   Code   RO         3433    i.TIM_OC1_SetConfig  stm32f4xx_hal_tim.o
    0x08005130   0x0000006c   Code   RO         3434    i.TIM_OC2_SetConfig  stm32f4xx_hal_tim.o
    0x0800519c   0x00000068   Code   RO         3435    i.TIM_OC3_SetConfig  stm32f4xx_hal_tim.o
    0x08005204   0x00000050   Code   RO         3436    i.TIM_OC4_SetConfig  stm32f4xx_hal_tim.o
    0x08005254   0x00000022   Code   RO         3438    i.TIM_TI1_ConfigInputStage  stm32f4xx_hal_tim.o
    0x08005276   0x00000024   Code   RO         3440    i.TIM_TI2_ConfigInputStage  stm32f4xx_hal_tim.o
    0x0800529a   0x00000002   PAD
    0x0800529c   0x0000000c   Code   RO         1189    i.UART4_IRQHandler  stm32f4xx_it.o
    0x080052a8   0x00000010   Code   RO         4296    i.UART_DMAAbortOnError  stm32f4xx_hal_uart.o
    0x080052b8   0x0000004a   Code   RO         4297    i.UART_DMAError     stm32f4xx_hal_uart.o
    0x08005302   0x0000003c   Code   RO         4298    i.UART_DMAReceiveCplt  stm32f4xx_hal_uart.o
    0x0800533e   0x0000000a   Code   RO         4300    i.UART_DMARxHalfCplt  stm32f4xx_hal_uart.o
    0x08005348   0x0000002e   Code   RO         4302    i.UART_DMATransmitCplt  stm32f4xx_hal_uart.o
    0x08005376   0x0000000a   Code   RO         4304    i.UART_DMATxHalfCplt  stm32f4xx_hal_uart.o
    0x08005380   0x0000001c   Code   RO         4306    i.UART_EndRxTransfer  stm32f4xx_hal_uart.o
    0x0800539c   0x00000012   Code   RO         4307    i.UART_EndTxTransfer  stm32f4xx_hal_uart.o
    0x080053ae   0x00000096   Code   RO         4308    i.UART_Receive_IT   stm32f4xx_hal_uart.o
    0x08005444   0x00000128   Code   RO         4309    i.UART_SetConfig    stm32f4xx_hal_uart.o
    0x0800556c   0x00000062   Code   RO         4310    i.UART_Transmit_IT  stm32f4xx_hal_uart.o
    0x080055ce   0x00000064   Code   RO         4311    i.UART_WaitOnFlagUntilTimeout  stm32f4xx_hal_uart.o
    0x08005632   0x00000002   PAD
    0x08005634   0x0000003c   Code   RO         1190    i.USART2_IRQHandler  stm32f4xx_it.o
    0x08005670   0x0000000c   Code   RO         1191    i.USART3_IRQHandler  stm32f4xx_it.o
    0x0800567c   0x0000000c   Code   RO         1192    i.USART6_IRQHandler  stm32f4xx_it.o
    0x08005688   0x00000002   Code   RO         1193    i.UsageFault_Handler  stm32f4xx_it.o
    0x0800568a   0x00000002   PAD
    0x0800568c   0x00000020   Code   RO         6442    i.__0printf$3       mc_w.l(printf3.o)
    0x080056ac   0x00000028   Code   RO         6444    i.__0sprintf$3      mc_w.l(printf3.o)
    0x080056d4   0x00000020   Code   RO         2450    i.__NVIC_SetPriority  stm32f4xx_hal_cortex.o
    0x080056f4   0x0000000e   Code   RO         6654    i.__scatterload_copy  mc_w.l(handlers.o)
    0x08005702   0x00000002   Code   RO         6655    i.__scatterload_null  mc_w.l(handlers.o)
    0x08005704   0x0000000e   Code   RO         6656    i.__scatterload_zeroinit  mc_w.l(handlers.o)
    0x08005712   0x00000002   PAD
    0x08005714   0x000001b8   Code   RO         6449    i._printf_core      mc_w.l(printf3.o)
    0x080058cc   0x0000000a   Code   RO         6451    i._sputc            mc_w.l(printf3.o)
    0x080058d6   0x00000002   PAD
    0x080058d8   0x000000a0   Code   RO           17    i.can_send          main.o
    0x08005978   0x0000007c   Code   RO           18    i.can_start         main.o
    0x080059f4   0x00000158   Code   RO           19    i.command_0         main.o
    0x08005b4c   0x0000013c   Code   RO           20    i.command_1         main.o
    0x08005c88   0x00000004   Code   RO           21    i.command_10        main.o
    0x08005c8c   0x00000004   Code   RO           22    i.command_11        main.o
    0x08005c90   0x00000004   Code   RO           23    i.command_12        main.o
    0x08005c94   0x00000004   Code   RO           24    i.command_13        main.o
    0x08005c98   0x00000004   Code   RO           25    i.command_14        main.o
    0x08005c9c   0x00000004   Code   RO           26    i.command_15        main.o
    0x08005ca0   0x00000004   Code   RO           27    i.command_16        main.o
    0x08005ca4   0x00000004   Code   RO           28    i.command_17        main.o
    0x08005ca8   0x00000004   Code   RO           29    i.command_18        main.o
    0x08005cac   0x00000004   Code   RO           30    i.command_19        main.o
    0x08005cb0   0x0000012c   Code   RO           31    i.command_2         main.o
    0x08005ddc   0x00000004   Code   RO           32    i.command_20        main.o
    0x08005de0   0x00000004   Code   RO           33    i.command_21        main.o
    0x08005de4   0x00000004   Code   RO           34    i.command_22        main.o
    0x08005de8   0x00000004   Code   RO           35    i.command_23        main.o
    0x08005dec   0x00000004   Code   RO           36    i.command_24        main.o
    0x08005df0   0x00000004   Code   RO           37    i.command_25        main.o
    0x08005df4   0x00000004   Code   RO           38    i.command_26        main.o
    0x08005df8   0x00000150   Code   RO           39    i.command_3         main.o
    0x08005f48   0x00000004   Code   RO           40    i.command_4         main.o
    0x08005f4c   0x00000004   Code   RO           41    i.command_5         main.o
    0x08005f50   0x00000004   Code   RO           42    i.command_6         main.o
    0x08005f54   0x00000138   Code   RO           43    i.command_7         main.o
    0x0800608c   0x00000134   Code   RO           44    i.command_8         main.o
    0x080061c0   0x00000114   Code   RO           45    i.command_9         main.o
    0x080062d4   0x0000000c   Code   RO           46    i.configureTimerForRunTimeStats  main.o
    0x080062e0   0x00000068   Code   RO         5256    i.eTaskGetState     tasks.o
    0x08006348   0x00000018   Code   RO           47    i.fputc             main.o
    0x08006360   0x0000000c   Code   RO           48    i.getRunTimeCounterValue  main.o
    0x0800636c   0x000001ac   Code   RO           50    i.iic_rw            main.o
    0x08006518   0x000000e8   Code   RO           51    i.lock_init         main.o
    0x08006600   0x000000f0   Code   RO           52    i.main              main.o
    0x080066f0   0x00000048   Code   RO           53    i.modbus_list_gen   main.o
    0x08006738   0x0000014c   Code   RO           54    i.modbus_send       main.o
    0x08006884   0x00000034   Code   RO         5792    i.osDelay           cmsis_os2.o
    0x080068b8   0x00000038   Code   RO         5806    i.osKernelInitialize  cmsis_os2.o
    0x080068f0   0x00000040   Code   RO         5809    i.osKernelStart     cmsis_os2.o
    0x08006930   0x00000074   Code   RO         5817    i.osMessageQueueNew  cmsis_os2.o
    0x080069a4   0x000000a4   Code   RO         5843    i.osThreadNew       cmsis_os2.o
    0x08006a48   0x0000005c   Code   RO         5258    i.prvAddCurrentTaskToDelayedList  tasks.o
    0x08006aa4   0x000000d0   Code   RO         5259    i.prvAddNewTaskToReadyList  tasks.o
    0x08006b74   0x000000e8   Code   RO          679    i.prvAutoReloadTimerCallback  freertos.o
    0x08006c5c   0x00000058   Code   RO         5647    i.prvCheckForValidListAndQueue  timers.o
    0x08006cb4   0x00000026   Code   RO         4832    i.prvCopyDataFromQueue  queue.o
    0x08006cda   0x0000006c   Code   RO         4833    i.prvCopyDataToQueue  queue.o
    0x08006d46   0x00000034   Code   RO         5260    i.prvDeleteTCB      tasks.o
    0x08006d7a   0x00000002   PAD
    0x08006d7c   0x0000004c   Code   RO         6210    i.prvHeapInit       heap_4.o
    0x08006dc8   0x00000060   Code   RO         5261    i.prvIdleTask       tasks.o
    0x08006e28   0x00000022   Code   RO         4835    i.prvInitialiseNewQueue  queue.o
    0x08006e4a   0x000000a0   Code   RO         5262    i.prvInitialiseNewTask  tasks.o
    0x08006eea   0x00000044   Code   RO         5648    i.prvInitialiseNewTimer  timers.o
    0x08006f2e   0x00000002   PAD
    0x08006f30   0x0000004c   Code   RO         6211    i.prvInsertBlockIntoFreeList  heap_4.o
    0x08006f7c   0x00000038   Code   RO         5649    i.prvInsertTimerInActiveList  timers.o
    0x08006fb4   0x0000001c   Code   RO         4836    i.prvIsQueueEmpty   queue.o
    0x08006fd0   0x0000001e   Code   RO         4837    i.prvIsQueueFull    queue.o
    0x08006fee   0x00000058   Code   RO         5263    i.prvListTasksWithinSingleList  tasks.o
    0x08007046   0x00000002   PAD
    0x08007048   0x000000cc   Code   RO         5650    i.prvProcessReceivedCommands  timers.o
    0x08007114   0x000000b4   Code   RO         5651    i.prvProcessTimerOrBlockTask  timers.o
    0x080071c8   0x00000020   Code   RO         5264    i.prvResetNextTaskUnblockTime  tasks.o
    0x080071e8   0x00000028   Code   RO         5652    i.prvSampleTimeNow  timers.o
    0x08007210   0x0000006c   Code   RO         5653    i.prvSwitchTimerLists  timers.o
    0x0800727c   0x00000014   Code   RO         5265    i.prvTaskCheckFreeStackSpace  tasks.o
    0x08007290   0x00000028   Code   RO         6261    i.prvTaskExitError  port.o
    0x080072b8   0x00000024   Code   RO         5654    i.prvTimerTask      timers.o
    0x080072dc   0x0000006a   Code   RO         4838    i.prvUnlockQueue    queue.o
    0x08007346   0x00000022   Code   RO         5267    i.prvWriteNameToBuffer  tasks.o
    0x08007368   0x000000d8   Code   RO         6212    i.pvPortMalloc      heap_4.o
    0x08007440   0x00000018   Code   RO         5268    i.pvTaskIncrementMutexHeldCount  tasks.o
    0x08007458   0x0000002c   Code   RO         6262    i.pxPortInitialiseStack  port.o
    0x08007484   0x00000048   Code   RO          680    i.start_soft_timer  freertos.o
    0x080074cc   0x00000008   Code   RO          681    i.start_tk_co_order  freertos.o
    0x080074d4   0x00000050   Code   RO          682    i.start_tk_commu_monitor  freertos.o
    0x08007524   0x0000004c   Code   RO          683    i.start_tk_conflict_monitor  freertos.o
    0x08007570   0x0000004c   Code   RO          684    i.start_tk_grating_monitor  freertos.o
    0x080075bc   0x00000060   Code   RO          685    i.start_tk_limit_sw  freertos.o
    0x0800761c   0x000001b8   Code   RO          686    i.start_tk_master_order  freertos.o
    0x080077d4   0x00000044   Code   RO          687    i.start_tk_pidoutput  freertos.o
    0x08007818   0x0000004c   Code   RO          688    i.start_tk_posture_monitor  freertos.o
    0x08007864   0x00000008   Code   RO          689    i.start_tk_rece_result  freertos.o
    0x0800786c   0x000000ec   Code   RO          690    i.start_tk_send_order  freertos.o
    0x08007958   0x00000048   Code   RO          691    i.start_tk_sensor_monitor  freertos.o
    0x080079a0   0x00000008   Code   RO          692    i.start_tk_zero_monitor  freertos.o
    0x080079a8   0x00000164   Code   RO           57    i.switchGet         main.o
    0x08007b0c   0x0000007c   Code   RO           58    i.timer_start       main.o
    0x08007b88   0x0000002c   Code   RO           59    i.usMBCRC16         main.o
    0x08007bb4   0x00000026   Code   RO         4792    i.uxListRemove      list.o
    0x08007bda   0x00000028   Code   RO         4843    i.uxQueueSpacesAvailable  queue.o
    0x08007c02   0x00000002   PAD
    0x08007c04   0x000000ac   Code   RO         5272    i.uxTaskGetSystemState  tasks.o
    0x08007cb0   0x00000014   Code   RO         5855    i.vApplicationGetIdleTaskMemory  cmsis_os2.o
    0x08007cc4   0x00000018   Code   RO         5856    i.vApplicationGetTimerTaskMemory  cmsis_os2.o
    0x08007cdc   0x00000016   Code   RO         4793    i.vListInitialise   list.o
    0x08007cf2   0x00000006   Code   RO         4794    i.vListInitialiseItem  list.o
    0x08007cf8   0x00000030   Code   RO         4795    i.vListInsert       list.o
    0x08007d28   0x00000018   Code   RO         4796    i.vListInsertEnd    list.o
    0x08007d40   0x00000040   Code   RO         6264    i.vPortEnterCritical  port.o
    0x08007d80   0x00000028   Code   RO         6265    i.vPortExitCritical  port.o
    0x08007da8   0x0000005c   Code   RO         6213    i.vPortFree         heap_4.o
    0x08007e04   0x00000024   Code   RO         6266    i.vPortSetupTimerInterrupt  port.o
    0x08007e28   0x00000054   Code   RO         6267    i.vPortValidateInterruptPriority  port.o
    0x08007e7c   0x00000028   Code   RO         4844    i.vQueueAddToRegistry  queue.o
    0x08007ea4   0x00000044   Code   RO         4848    i.vQueueWaitForMessageRestricted  queue.o
    0x08007ee8   0x0000004c   Code   RO         5277    i.vTaskDelay        tasks.o
    0x08007f34   0x00000078   Code   RO         5281    i.vTaskGetInfo      tasks.o
    0x08007fac   0x000000b4   Code   RO         5282    i.vTaskGetRunTimeStats  tasks.o
    0x08008060   0x00000010   Code   RO         5283    i.vTaskInternalSetTimeOutState  tasks.o
    0x08008070   0x000000c0   Code   RO         5284    i.vTaskList         tasks.o
    0x08008130   0x0000000c   Code   RO         5285    i.vTaskMissedYield  tasks.o
    0x0800813c   0x00000030   Code   RO         5287    i.vTaskPlaceOnEventList  tasks.o
    0x0800816c   0x00000038   Code   RO         5288    i.vTaskPlaceOnEventListRestricted  tasks.o
    0x080081a4   0x00000090   Code   RO         5290    i.vTaskPriorityDisinheritAfterTimeout  tasks.o
    0x08008234   0x0000008c   Code   RO         5297    i.vTaskStartScheduler  tasks.o
    0x080082c0   0x00000010   Code   RO         5299    i.vTaskSuspendAll   tasks.o
    0x080082d0   0x0000007c   Code   RO         5300    i.vTaskSwitchContext  tasks.o
    0x0800834c   0x000000f4   Code   RO         6268    i.xPortStartScheduler  port.o
    0x08008440   0x00000048   Code   RO         4857    i.xQueueGenericCreate  queue.o
    0x08008488   0x00000066   Code   RO         4858    i.xQueueGenericCreateStatic  queue.o
    0x080084ee   0x00000002   PAD
    0x080084f0   0x00000088   Code   RO         4859    i.xQueueGenericReset  queue.o
    0x08008578   0x00000154   Code   RO         4860    i.xQueueGenericSend  queue.o
    0x080086cc   0x000000bc   Code   RO         4861    i.xQueueGenericSendFromISR  queue.o
    0x08008788   0x00000138   Code   RO         4870    i.xQueueReceive     queue.o
    0x080088c0   0x00000178   Code   RO         4872    i.xQueueSemaphoreTake  queue.o
    0x08008a38   0x00000074   Code   RO         5302    i.xTaskCheckForTimeOut  tasks.o
    0x08008aac   0x0000005a   Code   RO         5303    i.xTaskCreate       tasks.o
    0x08008b06   0x00000056   Code   RO         5304    i.xTaskCreateStatic  tasks.o
    0x08008b5c   0x000000f0   Code   RO         5306    i.xTaskGenericNotifyFromISR  tasks.o
    0x08008c4c   0x0000001c   Code   RO         5309    i.xTaskGetSchedulerState  tasks.o
    0x08008c68   0x0000000c   Code   RO         5310    i.xTaskGetTickCount  tasks.o
    0x08008c74   0x000000c8   Code   RO         5312    i.xTaskIncrementTick  tasks.o
    0x08008d3c   0x0000008c   Code   RO         5314    i.xTaskNotifyWait   tasks.o
    0x08008dc8   0x00000080   Code   RO         5315    i.xTaskPriorityDisinherit  tasks.o
    0x08008e48   0x00000078   Code   RO         5316    i.xTaskPriorityInherit  tasks.o
    0x08008ec0   0x00000070   Code   RO         5317    i.xTaskRemoveFromEventList  tasks.o
    0x08008f30   0x000000c4   Code   RO         5318    i.xTaskResumeAll    tasks.o
    0x08008ff4   0x00000034   Code   RO         5659    i.xTimerCreate      timers.o
    0x08009028   0x00000060   Code   RO         5661    i.xTimerCreateTimerTask  timers.o
    0x08009088   0x00000068   Code   RO         5662    i.xTimerGenericCommand  timers.o
    0x080090f0   0x00000200   Data   RO           64    .constdata          main.o
    0x080092f0   0x00000204   Data   RO          723    .constdata          freertos.o
    0x080094f4   0x00000008   Data   RO         2167    .constdata          stm32f4xx_hal_dma.o
    0x080094fc   0x00000010   Data   RO         4586    .constdata          system_stm32f4xx.o
    0x0800950c   0x00000008   Data   RO         4587    .constdata          system_stm32f4xx.o
    0x08009514   0x000000c9   Data   RO          724    .conststring        freertos.o
    0x080095dd   0x00000003   PAD
    0x080095e0   0x00000020   Data   RO         6652    Region$$Table       anon$$obj.o


    Execution Region RW_IRAM1 (Base: 0x20000000, Size: 0x00012550, Max: 0x00020000, ABSOLUTE, COMPRESSED[0x0000006c])

    Base Addr    Size         Type   Attr      Idx    E Section Name        Object

    0x20000000   0x00000004   Data   RW           67    .data               main.o
    0x20000004   0x00000024   Data   RW           68    .data               main.o
    0x20000028   0x00000004   Data   RW           70    .data               main.o
    0x2000002c   0x0000006c   Data   RW           71    .data               main.o
    0x20000098   0x00000004   Data   RW          564    .data               can.o
    0x2000009c   0x00000008   Data   RW          611    .data               crc.o
    0x200000a4   0x0000003c   Data   RW          725    .data               freertos.o
    0x200000e0   0x00000024   Data   RW         1194    .data               stm32f4xx_it.o
    0x20000104   0x0000000c   Data   RW         2594    .data               stm32f4xx_hal.o
    0x20000110   0x00000004   Data   RW         4588    .data               system_stm32f4xx.o
    0x20000114   0x00000044   Data   RW         5321    .data               tasks.o
    0x20000158   0x00000014   Data   RW         5670    .data               timers.o
    0x2000016c   0x00000004   Data   RW         5858    .data               cmsis_os2.o
    0x20000170   0x00000018   Data   RW         6218    .data               heap_4.o
    0x20000188   0x0000000c   Data   RW         6269    .data               port.o
    0x20000194   0x00000004   Data   RW         6628    .data               mc_w.l(stdout.o)
    0x20000198   0x000001f4   Zero   RW           60    .bss                main.o
    0x2000038c   0x00000a08   Zero   RW           61    .bss                main.o
    0x20000d94   0x00000010   Zero   RW           62    .bss                main.o
    0x20000da4   0x00000050   Zero   RW          563    .bss                can.o
    0x20000df4   0x00000800   Zero   RW          693    .bss                freertos.o
    0x200015f4   0x00000074   Zero   RW          694    .bss                freertos.o
    0x20001668   0x00000800   Zero   RW          695    .bss                freertos.o
    0x20001e68   0x00000074   Zero   RW          696    .bss                freertos.o
    0x20001edc   0x00000800   Zero   RW          697    .bss                freertos.o
    0x200026dc   0x00000074   Zero   RW          698    .bss                freertos.o
    0x20002750   0x00000800   Zero   RW          699    .bss                freertos.o
    0x20002f50   0x00000074   Zero   RW          700    .bss                freertos.o
    0x20002fc4   0x00000800   Zero   RW          701    .bss                freertos.o
    0x200037c4   0x00000074   Zero   RW          702    .bss                freertos.o
    0x20003838   0x00000800   Zero   RW          703    .bss                freertos.o
    0x20004038   0x00000074   Zero   RW          704    .bss                freertos.o
    0x200040ac   0x00000200   Zero   RW          705    .bss                freertos.o
    0x200042ac   0x00000074   Zero   RW          706    .bss                freertos.o
    0x20004320   0x00000200   Zero   RW          707    .bss                freertos.o
    0x20004520   0x00000074   Zero   RW          708    .bss                freertos.o
    0x20004594   0x00000200   Zero   RW          709    .bss                freertos.o
    0x20004794   0x00000074   Zero   RW          710    .bss                freertos.o
    0x20004808   0x00000200   Zero   RW          711    .bss                freertos.o
    0x20004a08   0x00000074   Zero   RW          712    .bss                freertos.o
    0x20004a7c   0x00000800   Zero   RW          713    .bss                freertos.o
    0x2000527c   0x00000074   Zero   RW          714    .bss                freertos.o
    0x200052f0   0x00000400   Zero   RW          715    .bss                freertos.o
    0x200056f0   0x00000074   Zero   RW          716    .bss                freertos.o
    0x20005764   0x00000200   Zero   RW          717    .bss                freertos.o
    0x20005964   0x00000074   Zero   RW          718    .bss                freertos.o
    0x200059d8   0x00003c00   Zero   RW          719    .bss                freertos.o
    0x200095d8   0x00000050   Zero   RW          720    .bss                freertos.o
    0x20009628   0x00003c00   Zero   RW          721    .bss                freertos.o
    0x2000d228   0x00000050   Zero   RW          722    .bss                freertos.o
    0x2000d278   0x00000054   Zero   RW          856    .bss                i2c.o
    0x2000d2cc   0x00000040   Zero   RW          925    .bss                stm32f4xx_hal_timebase_tim.o
    0x2000d30c   0x00000340   Zero   RW          977    .bss                tim.o
    0x2000d64c   0x00000200   Zero   RW         1088    .bss                usart.o
    0x2000d84c   0x00000040   Zero   RW         4874    .bss                queue.o
    0x2000d88c   0x000004c4   Zero   RW         5320    .bss                tasks.o
    0x2000dd50   0x00000118   Zero   RW         5669    .bss                timers.o
    0x2000de68   0x000006e8   Zero   RW         5857    .bss                cmsis_os2.o
    0x2000e550   0x00003c00   Zero   RW         6217    .bss                heap_4.o
    0x20012150   0x00000400   Zero   RW            1    STACK               startup_stm32f407xx.o


==============================================================================

Image component sizes


      Code (inc. data)   RO Data    RW Data    ZI Data      Debug   Object Name

       624         64          0          4         80       3070   can.o
       496         38          0          4       1768      16894   cmsis_os2.o
        76         18          0          8          0       1443   crc.o
        60          4          0          0          0        742   dma.o
         0          0          0          0          0      17440   event_groups.o
      2082        584        717         60      50308      20211   freertos.o
       476         32          0          0          0      20413   gpio.o
       460         24          0         24      15360       4651   heap_4.o
       204         26          0          0         84       1621   i2c.o
       138          0          0          0          0       3426   list.o
      4586       1020        512        152       3084     769916   main.o
       786         82          0         12          0      11349   port.o
      2018         24          0          0         64      18685   queue.o
        36          8        392          0       1024        816   startup_stm32f407xx.o
       116         18          0         12          0       8578   stm32f4xx_hal.o
      1808          6          0          0          0      16036   stm32f4xx_hal_can.o
       192         14          0          0          0      33736   stm32f4xx_hal_cortex.o
        34          0          0          0          0       1007   stm32f4xx_hal_crc.o
      1042         16          8          0          0       7582   stm32f4xx_hal_dma.o
       846         92          0          0          0       5037   stm32f4xx_hal_gpio.o
      5092         78          0          0          0      30440   stm32f4xx_hal_i2c.o
        56          4          0          0          0        826   stm32f4xx_hal_msp.o
      1396         92          0          0          0       5745   stm32f4xx_hal_rcc.o
      1720         90          0          0          0      16038   stm32f4xx_hal_tim.o
       232         28          0          0          0       3173   stm32f4xx_hal_tim_ex.o
       116         16          0          0         64       1359   stm32f4xx_hal_timebase_tim.o
      1756         44          0          0          0      15514   stm32f4xx_hal_uart.o
      1404        456          0         36          0      21274   stm32f4xx_it.o
         0          0          0          0          0       8740   stream_buffer.o
        28          6         24          4          0       1095   system_stm32f4xx.o
      3674        310          0         68       1220      35316   tasks.o
      2180        192          0          0        832      10458   tim.o
      1032         82          0         20        280      20046   timers.o
       892         90          0          0        512       4562   usart.o

    ----------------------------------------------------------------------
     35706       3558       1688        404      74680    1137239   Object Totals
         0          0         32          0          0          0   (incl. Generated)
        48          0          3          0          0          0   (incl. Padding)

    ----------------------------------------------------------------------

      Code (inc. data)   RO Data    RW Data    ZI Data      Debug   Library Member Name

        86          0          0          0          0          0   __dczerorl2.o
         0          0          0          0          0          0   entry.o
         0          0          0          0          0          0   entry10a.o
         0          0          0          0          0          0   entry11a.o
         8          4          0          0          0          0   entry2.o
         4          0          0          0          0          0   entry5.o
         0          0          0          0          0          0   entry7b.o
         0          0          0          0          0          0   entry8b.o
         8          4          0          0          0          0   entry9a.o
        30          0          0          0          0          0   handlers.o
        36          8          0          0          0         68   init.o
        30          0          0          0          0         68   llshl.o
        32          0          0          0          0         68   llushr.o
        36          0          0          0          0         68   memcpya.o
        36          0          0          0          0        108   memseta.o
       522         20          0          0          0        336   printf3.o
         0          0          0          4          0          0   stdout.o
        18          0          0          0          0         68   strcpy.o
        14          0          0          0          0         68   strlen.o
        44          0          0          0          0         80   uidiv.o
        98          0          0          0          0         92   uldiv.o

    ----------------------------------------------------------------------
      1006         36          0          4          0       1024   Library Totals
         4          0          0          0          0          0   (incl. Padding)

    ----------------------------------------------------------------------

      Code (inc. data)   RO Data    RW Data    ZI Data      Debug   Library Name

      1002         36          0          4          0       1024   mc_w.l

    ----------------------------------------------------------------------
      1006         36          0          4          0       1024   Library Totals

    ----------------------------------------------------------------------

==============================================================================


      Code (inc. data)   RO Data    RW Data    ZI Data      Debug   

     36712       3594       1688        408      74680    1102879   Grand Totals
     36712       3594       1688        108      74680    1102879   ELF Image Totals (compressed)
     36712       3594       1688        108          0          0   ROM Totals

==============================================================================

    Total RO  Size (Code + RO Data)                38400 (  37.50kB)
    Total RW  Size (RW Data + ZI Data)             75088 (  73.33kB)
    Total ROM Size (Code + RO Data + RW Data)      38508 (  37.61kB)

==============================================================================

