Component: ARM Compiler 5.06 update 4 (build 422) Tool: armlink [4d35d2]

==============================================================================

Section Cross References

    startup_stm32f407xx.o(RESET) refers to startup_stm32f407xx.o(STACK) for __initial_sp
    startup_stm32f407xx.o(RESET) refers to startup_stm32f407xx.o(.text) for Reset_Handler
    startup_stm32f407xx.o(RESET) refers to stm32f4xx_it.o(i.NMI_Handler) for NMI_Handler
    startup_stm32f407xx.o(RESET) refers to stm32f4xx_it.o(i.HardFault_Handler) for HardFault_Handler
    startup_stm32f407xx.o(RESET) refers to stm32f4xx_it.o(i.MemManage_Handler) for MemManage_Handler
    startup_stm32f407xx.o(RESET) refers to stm32f4xx_it.o(i.BusFault_Handler) for BusFault_Handler
    startup_stm32f407xx.o(RESET) refers to stm32f4xx_it.o(i.UsageFault_Handler) for UsageFault_Handler
    startup_stm32f407xx.o(RESET) refers to port.o(.emb_text) for SVC_Handler
    startup_stm32f407xx.o(RESET) refers to stm32f4xx_it.o(i.DebugMon_Handler) for DebugMon_Handler
    startup_stm32f407xx.o(RESET) refers to port.o(i.SysTick_Handler) for SysTick_Handler
    startup_stm32f407xx.o(RESET) refers to stm32f4xx_it.o(i.EXTI0_IRQHandler) for EXTI0_IRQHandler
    startup_stm32f407xx.o(RESET) refers to stm32f4xx_it.o(i.EXTI1_IRQHandler) for EXTI1_IRQHandler
    startup_stm32f407xx.o(RESET) refers to stm32f4xx_it.o(i.EXTI2_IRQHandler) for EXTI2_IRQHandler
    startup_stm32f407xx.o(RESET) refers to stm32f4xx_it.o(i.EXTI3_IRQHandler) for EXTI3_IRQHandler
    startup_stm32f407xx.o(RESET) refers to stm32f4xx_it.o(i.EXTI4_IRQHandler) for EXTI4_IRQHandler
    startup_stm32f407xx.o(RESET) refers to stm32f4xx_it.o(i.DMA1_Stream5_IRQHandler) for DMA1_Stream5_IRQHandler
    startup_stm32f407xx.o(RESET) refers to stm32f4xx_it.o(i.DMA1_Stream6_IRQHandler) for DMA1_Stream6_IRQHandler
    startup_stm32f407xx.o(RESET) refers to stm32f4xx_it.o(i.CAN1_TX_IRQHandler) for CAN1_TX_IRQHandler
    startup_stm32f407xx.o(RESET) refers to stm32f4xx_it.o(i.CAN1_RX0_IRQHandler) for CAN1_RX0_IRQHandler
    startup_stm32f407xx.o(RESET) refers to stm32f4xx_it.o(i.CAN1_RX1_IRQHandler) for CAN1_RX1_IRQHandler
    startup_stm32f407xx.o(RESET) refers to stm32f4xx_it.o(i.CAN1_SCE_IRQHandler) for CAN1_SCE_IRQHandler
    startup_stm32f407xx.o(RESET) refers to stm32f4xx_it.o(i.EXTI9_5_IRQHandler) for EXTI9_5_IRQHandler
    startup_stm32f407xx.o(RESET) refers to stm32f4xx_it.o(i.TIM1_BRK_TIM9_IRQHandler) for TIM1_BRK_TIM9_IRQHandler
    startup_stm32f407xx.o(RESET) refers to stm32f4xx_it.o(i.TIM1_UP_TIM10_IRQHandler) for TIM1_UP_TIM10_IRQHandler
    startup_stm32f407xx.o(RESET) refers to stm32f4xx_it.o(i.TIM1_TRG_COM_TIM11_IRQHandler) for TIM1_TRG_COM_TIM11_IRQHandler
    startup_stm32f407xx.o(RESET) refers to stm32f4xx_it.o(i.TIM1_CC_IRQHandler) for TIM1_CC_IRQHandler
    startup_stm32f407xx.o(RESET) refers to stm32f4xx_it.o(i.TIM2_IRQHandler) for TIM2_IRQHandler
    startup_stm32f407xx.o(RESET) refers to stm32f4xx_it.o(i.TIM3_IRQHandler) for TIM3_IRQHandler
    startup_stm32f407xx.o(RESET) refers to stm32f4xx_it.o(i.TIM4_IRQHandler) for TIM4_IRQHandler
    startup_stm32f407xx.o(RESET) refers to stm32f4xx_it.o(i.I2C1_EV_IRQHandler) for I2C1_EV_IRQHandler
    startup_stm32f407xx.o(RESET) refers to stm32f4xx_it.o(i.I2C1_ER_IRQHandler) for I2C1_ER_IRQHandler
    startup_stm32f407xx.o(RESET) refers to stm32f4xx_it.o(i.USART2_IRQHandler) for USART2_IRQHandler
    startup_stm32f407xx.o(RESET) refers to stm32f4xx_it.o(i.USART3_IRQHandler) for USART3_IRQHandler
    startup_stm32f407xx.o(RESET) refers to stm32f4xx_it.o(i.EXTI15_10_IRQHandler) for EXTI15_10_IRQHandler
    startup_stm32f407xx.o(RESET) refers to stm32f4xx_it.o(i.TIM8_BRK_TIM12_IRQHandler) for TIM8_BRK_TIM12_IRQHandler
    startup_stm32f407xx.o(RESET) refers to stm32f4xx_it.o(i.TIM8_UP_TIM13_IRQHandler) for TIM8_UP_TIM13_IRQHandler
    startup_stm32f407xx.o(RESET) refers to stm32f4xx_it.o(i.TIM8_TRG_COM_TIM14_IRQHandler) for TIM8_TRG_COM_TIM14_IRQHandler
    startup_stm32f407xx.o(RESET) refers to stm32f4xx_it.o(i.TIM8_CC_IRQHandler) for TIM8_CC_IRQHandler
    startup_stm32f407xx.o(RESET) refers to stm32f4xx_it.o(i.TIM5_IRQHandler) for TIM5_IRQHandler
    startup_stm32f407xx.o(RESET) refers to stm32f4xx_it.o(i.UART4_IRQHandler) for UART4_IRQHandler
    startup_stm32f407xx.o(RESET) refers to stm32f4xx_it.o(i.TIM6_DAC_IRQHandler) for TIM6_DAC_IRQHandler
    startup_stm32f407xx.o(RESET) refers to stm32f4xx_it.o(i.TIM7_IRQHandler) for TIM7_IRQHandler
    startup_stm32f407xx.o(RESET) refers to stm32f4xx_it.o(i.CAN2_TX_IRQHandler) for CAN2_TX_IRQHandler
    startup_stm32f407xx.o(RESET) refers to stm32f4xx_it.o(i.CAN2_RX0_IRQHandler) for CAN2_RX0_IRQHandler
    startup_stm32f407xx.o(RESET) refers to stm32f4xx_it.o(i.CAN2_RX1_IRQHandler) for CAN2_RX1_IRQHandler
    startup_stm32f407xx.o(RESET) refers to stm32f4xx_it.o(i.CAN2_SCE_IRQHandler) for CAN2_SCE_IRQHandler
    startup_stm32f407xx.o(RESET) refers to stm32f4xx_it.o(i.USART6_IRQHandler) for USART6_IRQHandler
[...]
    HAL_DMA_DeInit                           0x0800126b   Thumb Code    98  stm32f4xx_hal_dma.o(i.HAL_DMA_DeInit)
    HAL_DMA_GetState                         0x080012cd   Thumb Code     6  stm32f4xx_hal_dma.o(i.HAL_DMA_GetState)
    HAL_DMA_IRQHandler                       0x080012d5   Thumb Code   412  stm32f4xx_hal_dma.o(i.HAL_DMA_IRQHandler)
    HAL_DMA_Init                             0x08001475   Thumb Code   206  stm32f4xx_hal_dma.o(i.HAL_DMA_Init)
    HAL_DMA_Start_IT                         0x08001549   Thumb Code   110  stm32f4xx_hal_dma.o(i.HAL_DMA_Start_IT)
    HAL_Delay                                0x080015b9   Thumb Code    32  stm32f4xx_hal.o(i.HAL_Delay)
    HAL_GPIO_DeInit                          0x080015dd   Thumb Code   320  stm32f4xx_hal_gpio.o(i.HAL_GPIO_DeInit)
    HAL_GPIO_EXTI_Callback                   0x08001745   Thumb Code     2  stm32f4xx_hal_gpio.o(i.HAL_GPIO_EXTI_Callback)
    HAL_GPIO_EXTI_IRQHandler                 0x08001749   Thumb Code    18  stm32f4xx_hal_gpio.o(i.HAL_GPIO_EXTI_IRQHandler)
    HAL_GPIO_Init                            0x08001761   Thumb Code   394  stm32f4xx_hal_gpio.o(i.HAL_GPIO_Init)
    HAL_GPIO_ReadPin                         0x08001919   Thumb Code    10  stm32f4xx_hal_gpio.o(i.HAL_GPIO_ReadPin)
    HAL_GPIO_WritePin                        0x08001923   Thumb Code    10  stm32f4xx_hal_gpio.o(i.HAL_GPIO_WritePin)
    HAL_GetTick                              0x0800192d   Thumb Code     6  stm32f4xx_hal.o(i.HAL_GetTick)
    HAL_I2C_AbortCpltCallback                0x08001939   Thumb Code     2  stm32f4xx_hal_i2c.o(i.HAL_I2C_AbortCpltCallback)
    HAL_I2C_AddrCallback                     0x0800193b   Thumb Code     2  stm32f4xx_hal_i2c.o(i.HAL_I2C_AddrCallback)
    HAL_I2C_ER_IRQHandler                    0x0800193d   Thumb Code   186  stm32f4xx_hal_i2c.o(i.HAL_I2C_ER_IRQHandler)
    HAL_I2C_EV_IRQHandler                    0x080019f7   Thumb Code   602  stm32f4xx_hal_i2c.o(i.HAL_I2C_EV_IRQHandler)
    HAL_I2C_ErrorCallback                    0x08001c51   Thumb Code     2  stm32f4xx_hal_i2c.o(i.HAL_I2C_ErrorCallback)
    HAL_I2C_Init                             0x08001c55   Thumb Code   376  stm32f4xx_hal_i2c.o(i.HAL_I2C_Init)
    HAL_I2C_ListenCpltCallback               0x08001ddd   Thumb Code     2  stm32f4xx_hal_i2c.o(i.HAL_I2C_ListenCpltCallback)
    HAL_I2C_MasterRxCpltCallback             0x08001ddf   Thumb Code     2  stm32f4xx_hal_i2c.o(i.HAL_I2C_MasterRxCpltCallback)
    HAL_I2C_MasterTxCpltCallback             0x08001de1   Thumb Code     2  stm32f4xx_hal_i2c.o(i.HAL_I2C_MasterTxCpltCallback)
    HAL_I2C_Master_Receive                   0x08001de5   Thumb Code   468  stm32f4xx_hal_i2c.o(i.HAL_I2C_Master_Receive)
    HAL_I2C_Master_Transmit                  0x08001fc5   Thumb Code   290  stm32f4xx_hal_i2c.o(i.HAL_I2C_Master_Transmit)
    HAL_I2C_MemRxCpltCallback                0x080020f1   Thumb Code     2  stm32f4xx_hal_i2c.o(i.HAL_I2C_MemRxCpltCallback)
    HAL_I2C_MemTxCpltCallback                0x080020f3   Thumb Code     2  stm32f4xx_hal_i2c.o(i.HAL_I2C_MemTxCpltCallback)
    HAL_I2C_MspInit                          0x080020f5   Thumb Code   126  i2c.o(i.HAL_I2C_MspInit)
    HAL_I2C_SlaveRxCpltCallback              0x08002181   Thumb Code     2  stm32f4xx_hal_i2c.o(i.HAL_I2C_SlaveRxCpltCallback)
    HAL_I2C_SlaveTxCpltCallback              0x08002183   Thumb Code     2  stm32f4xx_hal_i2c.o(i.HAL_I2C_SlaveTxCpltCallback)
    HAL_IncTick                              0x08002185   Thumb Code    12  stm32f4xx_hal.o(i.HAL_IncTick)
    HAL_Init                                 0x08002195   Thumb Code    48  stm32f4xx_hal.o(i.HAL_Init)
    HAL_InitTick                             0x080021c9   Thumb Code   100  stm32f4xx_hal_timebase_tim.o(i.HAL_InitTick)
    HAL_MspInit                              0x0800223d   Thumb Code    52  stm32f4xx_hal_msp.o(i.HAL_MspInit)
    HAL_NVIC_DisableIRQ                      0x08002275   Thumb Code    34  stm32f4xx_hal_cortex.o(i.HAL_NVIC_DisableIRQ)
    HAL_NVIC_EnableIRQ                       0x08002297   Thumb Code    26  stm32f4xx_hal_cortex.o(i.HAL_NVIC_EnableIRQ)
    HAL_NVIC_SetPriority                     0x080022b1   Thumb Code    60  stm32f4xx_hal_cortex.o(i.HAL_NVIC_SetPriority)
    HAL_NVIC_SetPriorityGrouping             0x080022f1   Thumb Code    26  stm32f4xx_hal_cortex.o(i.HAL_NVIC_SetPriorityGrouping)
    HAL_RCC_ClockConfig                      0x08002315   Thumb Code   288  stm32f4xx_hal_rcc.o(i.HAL_RCC_ClockConfig)
    HAL_RCC_GetClockConfig                   0x08002449   Thumb Code    54  stm32f4xx_hal_rcc.o(i.HAL_RCC_GetClockConfig)
    HAL_RCC_GetPCLK1Freq                     0x08002489   Thumb Code    20  stm32f4xx_hal_rcc.o(i.HAL_RCC_GetPCLK1Freq)
    HAL_RCC_GetPCLK2Freq                     0x080024a9   Thumb Code    20  stm32f4xx_hal_rcc.o(i.HAL_RCC_GetPCLK2Freq)
    HAL_RCC_GetSysClockFreq                  0x080024c9   Thumb Code    88  stm32f4xx_hal_rcc.o(i.HAL_RCC_GetSysClockFreq)
    HAL_RCC_OscConfig                        0x0800252d   Thumb Code   834  stm32f4xx_hal_rcc.o(i.HAL_RCC_OscConfig)
    HAL_TIMEx_BreakCallback                  0x08002889   Thumb Code     2  stm32f4xx_hal_tim_ex.o(i.HAL_TIMEx_BreakCallback)
    HAL_TIMEx_CommutCallback                 0x0800288b   Thumb Code     2  stm32f4xx_hal_tim_ex.o(i.HAL_TIMEx_CommutCallback)
    HAL_TIMEx_ConfigBreakDeadTime            0x0800288d   Thumb Code    84  stm32f4xx_hal_tim_ex.o(i.HAL_TIMEx_ConfigBreakDeadTime)
    HAL_TIMEx_MasterConfigSynchronization    0x080028e1   Thumb Code   116  stm32f4xx_hal_tim_ex.o(i.HAL_TIMEx_MasterConfigSynchronization)
    HAL_TIM_Base_DeInit                      0x08002971   Thumb Code    56  stm32f4xx_hal_tim.o(i.HAL_TIM_Base_DeInit)
    HAL_TIM_Base_Init                        0x080029a9   Thumb Code    54  stm32f4xx_hal_tim.o(i.HAL_TIM_Base_Init)
    HAL_TIM_Base_MspDeInit                   0x080029e1   Thumb Code   224  tim.o(i.HAL_TIM_Base_MspDeInit)
    HAL_TIM_Base_MspInit                     0x08002af5   Thumb Code   582  tim.o(i.HAL_TIM_Base_MspInit)
    HAL_TIM_Base_Start_IT                    0x08002d71   Thumb Code    34  stm32f4xx_hal_tim.o(i.HAL_TIM_Base_Start_IT)
    HAL_TIM_Base_Stop                        0x08002d93   Thumb Code    44  stm32f4xx_hal_tim.o(i.HAL_TIM_Base_Stop)
    HAL_TIM_ConfigClockSource                0x08002dbf   Thumb Code   214  stm32f4xx_hal_tim.o(i.HAL_TIM_ConfigClockSource)
    HAL_TIM_IC_CaptureCallback               0x08002e95   Thumb Code     2  stm32f4xx_hal_tim.o(i.HAL_TIM_IC_CaptureCallback)
    HAL_TIM_IRQHandler                       0x08002e97   Thumb Code   358  stm32f4xx_hal_tim.o(i.HAL_TIM_IRQHandler)
    HAL_TIM_MspPostInit                      0x08002ffd   Thumb Code   180  tim.o(i.HAL_TIM_MspPostInit)
    HAL_TIM_OC_DelayElapsedCallback          0x080030cd   Thumb Code     2  stm32f4xx_hal_tim.o(i.HAL_TIM_OC_DelayElapsedCallback)
    HAL_TIM_PWM_ConfigChannel                0x080030cf   Thumb Code   208  stm32f4xx_hal_tim.o(i.HAL_TIM_PWM_ConfigChannel)
    HAL_TIM_PWM_Init                         0x0800319f   Thumb Code    54  stm32f4xx_hal_tim.o(i.HAL_TIM_PWM_Init)
    HAL_TIM_PWM_MspInit                      0x080031d5   Thumb Code     2  stm32f4xx_hal_tim.o(i.HAL_TIM_PWM_MspInit)
    HAL_TIM_PWM_PulseFinishedCallback        0x080031d7   Thumb Code     2  stm32f4xx_hal_tim.o(i.HAL_TIM_PWM_PulseFinishedCallback)
    HAL_TIM_PWM_Start                        0x080031d9   Thumb Code    58  stm32f4xx_hal_tim.o(i.HAL_TIM_PWM_Start)
    HAL_TIM_PeriodElapsedCallback            0x0800321d   Thumb Code    14  main.o(i.HAL_TIM_PeriodElapsedCallback)
    HAL_TIM_TriggerCallback                  0x08003231   Thumb Code     2  stm32f4xx_hal_tim.o(i.HAL_TIM_TriggerCallback)
    HAL_UART_DMAStop                         0x08003233   Thumb Code    88  stm32f4xx_hal_uart.o(i.HAL_UART_DMAStop)
    HAL_UART_ErrorCallback                   0x0800328b   Thumb Code     2  stm32f4xx_hal_uart.o(i.HAL_UART_ErrorCallback)
    HAL_UART_IRQHandler                      0x0800328d   Thumb Code   270  stm32f4xx_hal_uart.o(i.HAL_UART_IRQHandler)
    HAL_UART_Init                            0x080033a1   Thumb Code    98  stm32f4xx_hal_uart.o(i.HAL_UART_Init)
    HAL_UART_MspInit                         0x08003405   Thumb Code   580  usart.o(i.HAL_UART_MspInit)
    HAL_UART_Receive_DMA                     0x08003679   Thumb Code   138  stm32f4xx_hal_uart.o(i.HAL_UART_Receive_DMA)
    HAL_UART_RxCpltCallback                  0x08003711   Thumb Code     2  stm32f4xx_hal_uart.o(i.HAL_UART_RxCpltCallback)
    HAL_UART_RxHalfCpltCallback              0x08003713   Thumb Code     2  stm32f4xx_hal_uart.o(i.HAL_UART_RxHalfCpltCallback)
    HAL_UART_Transmit                        0x08003715   Thumb Code   186  stm32f4xx_hal_uart.o(i.HAL_UART_Transmit)
    HAL_UART_Transmit_DMA                    0x080037d1   Thumb Code   114  stm32f4xx_hal_uart.o(i.HAL_UART_Transmit_DMA)
    HAL_UART_TxCpltCallback                  0x08003851   Thumb Code     2  stm32f4xx_hal_uart.o(i.HAL_UART_TxCpltCallback)
    HAL_UART_TxHalfCpltCallback              0x08003853   Thumb Code     2  stm32f4xx_hal_uart.o(i.HAL_UART_TxHalfCpltCallback)
    HardFault_Handler                        0x08003855   Thumb Code     2  stm32f4xx_it.o(i.HardFault_Handler)
    I2C1_ER_IRQHandler                       0x08003859   Thumb Code     6  stm32f4xx_it.o(i.I2C1_ER_IRQHandler)
    I2C1_EV_IRQHandler                       0x08003865   Thumb Code     6  stm32f4xx_it.o(i.I2C1_EV_IRQHandler)
    MX_CAN1_Init                             0x080044a1   Thumb Code    52  can.o(i.MX_CAN1_Init)
    MX_CAN2_Init                             0x080044dd   Thumb Code    52  can.o(i.MX_CAN2_Init)
    MX_CRC_Init                              0x08004519   Thumb Code    28  crc.o(i.MX_CRC_Init)
    MX_DMA_Init                              0x0800453d   Thumb Code    56  dma.o(i.MX_DMA_Init)
    MX_FREERTOS_Init                         0x08004579   Thumb Code   444  freertos.o(i.MX_FREERTOS_Init)
    MX_GPIO_Init                             0x08004781   Thumb Code   444  gpio.o(i.MX_GPIO_Init)
    MX_I2C1_Init                             0x0800495d   Thumb Code    52  i2c.o(i.MX_I2C1_Init)
    MX_TIM10_Init                            0x0800499d   Thumb Code    48  tim.o(i.MX_TIM10_Init)
    MX_TIM11_Init                            0x080049d5   Thumb Code    48  tim.o(i.MX_TIM11_Init)
    MX_TIM12_Init                            0x08004a0d   Thumb Code    68  tim.o(i.MX_TIM12_Init)
    MX_TIM13_Init                            0x08004a59   Thumb Code    38  tim.o(i.MX_TIM13_Init)
    MX_TIM14_Init                            0x08004a89   Thumb Code    44  tim.o(i.MX_TIM14_Init)
    MX_TIM1_Init                             0x08004abd   Thumb Code   198  tim.o(i.MX_TIM1_Init)
    MX_TIM2_Init                             0x08004b8d   Thumb Code   152  tim.o(i.MX_TIM2_Init)
    MX_TIM3_Init                             0x08004c29   Thumb Code   150  tim.o(i.MX_TIM3_Init)
    MX_TIM4_Init                             0x08004cc9   Thumb Code   150  tim.o(i.MX_TIM4_Init)
    MX_TIM5_Init                             0x08004d69   Thumb Code    98  tim.o(i.MX_TIM5_Init)
    MX_TIM7_Init                             0x08004dd5   Thumb Code    64  tim.o(i.MX_TIM7_Init)
    MX_TIM8_Init                             0x08004e1d   Thumb Code   100  tim.o(i.MX_TIM8_Init)
    MX_TIM9_Init                             0x08004e89   Thumb Code    72  tim.o(i.MX_TIM9_Init)
    MX_UART4_Init                            0x08004ed9   Thumb Code    48  usart.o(i.MX_UART4_Init)
    MX_USART1_UART_Init                      0x08004f11   Thumb Code    48  usart.o(i.MX_USART1_UART_Init)
    MX_USART2_UART_Init                      0x08004f49   Thumb Code    56  usart.o(i.MX_USART2_UART_Init)
    MX_USART3_UART_Init                      0x08004f89   Thumb Code    48  usart.o(i.MX_USART3_UART_Init)
    MX_USART6_UART_Init                      0x08004fc1   Thumb Code    48  usart.o(i.MX_USART6_UART_Init)
    MemManage_Handler                        0x08004ff9   Thumb Code     2  stm32f4xx_it.o(i.MemManage_Handler)
    NMI_Handler                              0x08004ffb   Thumb Code     2  stm32f4xx_it.o(i.NMI_Handler)
    StartDefaultTask                         0x08004ffd   Thumb Code    66  freertos.o(i.StartDefaultTask)
    SysTick_Handler                          0x08005049   Thumb Code    38  port.o(i.SysTick_Handler)
    SystemClock_Config                       0x08005075   Thumb Code   124  main.o(i.SystemClock_Config)
    SystemInit                               0x080050f9   Thumb Code    22  system_stm32f4xx.o(i.SystemInit)
    TIM1_BRK_TIM9_IRQHandler                 0x08005115   Thumb Code    98  stm32f4xx_it.o(i.TIM1_BRK_TIM9_IRQHandler)
    TIM1_CC_IRQHandler                       0x08005191   Thumb Code     6  stm32f4xx_it.o(i.TIM1_CC_IRQHandler)
    TIM1_TRG_COM_TIM11_IRQHandler            0x0800519d   Thumb Code    62  stm32f4xx_it.o(i.TIM1_TRG_COM_TIM11_IRQHandler)
    TIM1_UP_TIM10_IRQHandler                 0x080051f1   Thumb Code    74  stm32f4xx_it.o(i.TIM1_UP_TIM10_IRQHandler)
    TIM2_IRQHandler                          0x08005251   Thumb Code     6  stm32f4xx_it.o(i.TIM2_IRQHandler)
    TIM3_IRQHandler                          0x0800525d   Thumb Code     6  stm32f4xx_it.o(i.TIM3_IRQHandler)
    TIM4_IRQHandler                          0x08005269   Thumb Code     6  stm32f4xx_it.o(i.TIM4_IRQHandler)
    TIM5_IRQHandler                          0x08005275   Thumb Code    66  stm32f4xx_it.o(i.TIM5_IRQHandler)
    TIM6_DAC_IRQHandler                      0x080052c9   Thumb Code     6  stm32f4xx_it.o(i.TIM6_DAC_IRQHandler)
    TIM7_IRQHandler                          0x080052d5   Thumb Code    54  stm32f4xx_it.o(i.TIM7_IRQHandler)
    TIM8_BRK_TIM12_IRQHandler                0x0800531d   Thumb Code    94  stm32f4xx_it.o(i.TIM8_BRK_TIM12_IRQHandler)
    TIM8_CC_IRQHandler                       0x08005395   Thumb Code     6  stm32f4xx_it.o(i.TIM8_CC_IRQHandler)
    TIM8_TRG_COM_TIM14_IRQHandler            0x080053a1   Thumb Code    26  stm32f4xx_it.o(i.TIM8_TRG_COM_TIM14_IRQHandler)
    TIM8_UP_TIM13_IRQHandler                 0x080053c9   Thumb Code    62  stm32f4xx_it.o(i.TIM8_UP_TIM13_IRQHandler)
    TIM_Base_SetConfig                       0x0800541d   Thumb Code   156  stm32f4xx_hal_tim.o(i.TIM_Base_SetConfig)
    TIM_CCxChannelCmd                        0x080054e5   Thumb Code    26  stm32f4xx_hal_tim.o(i.TIM_CCxChannelCmd)
    TIM_ETR_SetConfig                        0x080054ff   Thumb Code    20  stm32f4xx_hal_tim.o(i.TIM_ETR_SetConfig)
    TIM_OC2_SetConfig                        0x08005585   Thumb Code    98  stm32f4xx_hal_tim.o(i.TIM_OC2_SetConfig)
    UART4_IRQHandler                         0x080056f1   Thumb Code     6  stm32f4xx_it.o(i.UART4_IRQHandler)
    USART2_IRQHandler                        0x08005a89   Thumb Code   174  stm32f4xx_it.o(i.USART2_IRQHandler)
    USART3_IRQHandler                        0x08005b59   Thumb Code     6  stm32f4xx_it.o(i.USART3_IRQHandler)
    USART6_IRQHandler                        0x08005b65   Thumb Code     6  stm32f4xx_it.o(i.USART6_IRQHandler)
    UsageFault_Handler                       0x08005b71   Thumb Code     2  stm32f4xx_it.o(i.UsageFault_Handler)
    __0printf$3                              0x08005b75   Thumb Code    22  printf3.o(i.__0printf$3)
    __1printf$3                              0x08005b75   Thumb Code     0  printf3.o(i.__0printf$3)
    __2printf                                0x08005b75   Thumb Code     0  printf3.o(i.__0printf$3)
    __0sprintf$3                             0x08005b95   Thumb Code    34  printf3.o(i.__0sprintf$3)
    __1sprintf$3                             0x08005b95   Thumb Code     0  printf3.o(i.__0sprintf$3)
    __2sprintf                               0x08005b95   Thumb Code     0  printf3.o(i.__0sprintf$3)
    __scatterload_copy                       0x08005bdd   Thumb Code    14  handlers.o(i.__scatterload_copy)
    __scatterload_null                       0x08005beb   Thumb Code     2  handlers.o(i.__scatterload_null)
    __scatterload_zeroinit                   0x08005bed   Thumb Code    14  handlers.o(i.__scatterload_zeroinit)
    can_send                                 0x08005dc1   Thumb Code   148  main.o(i.can_send)
    can_start                                0x08005e59   Thumb Code   116  main.o(i.can_start)
    command_0                                0x08005ed5   Thumb Code   258  main.o(i.command_0)
    command_1                                0x08006045   Thumb Code   234  main.o(i.command_1)
    command_10                               0x0800619d   Thumb Code     4  main.o(i.command_10)
    command_11                               0x080061a1   Thumb Code   628  main.o(i.command_11)
    command_12                               0x0800648d   Thumb Code   104  main.o(i.command_12)
    command_13                               0x08006535   Thumb Code   630  main.o(i.command_13)
    command_14                               0x08006825   Thumb Code   630  main.o(i.command_14)
    command_15                               0x08006b15   Thumb Code   530  main.o(i.command_15)
    command_16                               0x08006d7d   Thumb Code   104  main.o(i.command_16)
    command_17                               0x08006e25   Thumb Code   532  main.o(i.command_17)
    command_18                               0x0800708d   Thumb Code   532  main.o(i.command_18)
    command_19                               0x080072f5   Thumb Code     4  main.o(i.command_19)
    command_2                                0x080072f9   Thumb Code   326  main.o(i.command_2)
    command_20                               0x08007481   Thumb Code   164  main.o(i.command_20)
    command_21                               0x08007569   Thumb Code     4  main.o(i.command_21)
    command_22                               0x0800756d   Thumb Code     4  main.o(i.command_22)
    command_23                               0x08007571   Thumb Code     4  main.o(i.command_23)
    command_24                               0x08007575   Thumb Code     4  main.o(i.command_24)
    command_25                               0x08007579   Thumb Code     4  main.o(i.command_25)
    command_26                               0x0800757d   Thumb Code     4  main.o(i.command_26)
    command_3                                0x08007581   Thumb Code   296  main.o(i.command_3)
    command_4                                0x080076ed   Thumb Code     4  main.o(i.command_4)
    command_5                                0x080076f1   Thumb Code     4  main.o(i.command_5)
    command_6                                0x080076f5   Thumb Code   244  main.o(i.command_6)
    command_7                                0x08007831   Thumb Code   356  main.o(i.command_7)
    command_8                                0x08007a01   Thumb Code  1336  main.o(i.command_8)
    command_9                                0x08007f8d   Thumb Code   390  main.o(i.command_9)
    configureTimerForRunTimeStats            0x08008159   Thumb Code     8  main.o(i.configureTimerForRunTimeStats)
    eTaskGetState                            0x08008165   Thumb Code    94  tasks.o(i.eTaskGetState)
    enable_motor                             0x080081cd   Thumb Code   272  main.o(i.enable_motor)
    fputc                                    0x0800831d   Thumb Code    20  main.o(i.fputc)
    getRunTimeCounterValue                   0x08008335   Thumb Code     6  main.o(i.getRunTimeCounterValue)
    iic_rw                                   0x08008341   Thumb Code   254  main.o(i.iic_rw)
    lock_init                                0x080084e9   Thumb Code   280  main.o(i.lock_init)
    main                                     0x0800860d   Thumb Code   196  main.o(i.main)
    modbus_list_gen                          0x0800870d   Thumb Code    72  main.o(i.modbus_list_gen)
    modbus_send                              0x08008755   Thumb Code   342  main.o(i.modbus_send)
    modbus_send_sub                          0x080088bd   Thumb Code   246  main.o(i.modbus_send_sub)
    motor_array_init                         0x080089c5   Thumb Code   498  main.o(i.motor_array_init)
    osDelay                                  0x08008bc1   Thumb Code    46  cmsis_os2.o(i.osDelay)
    osKernelInitialize                       0x08008bf5   Thumb Code    50  cmsis_os2.o(i.osKernelInitialize)
    osKernelStart                            0x08008c2d   Thumb Code    58  cmsis_os2.o(i.osKernelStart)
    osMessageQueueNew                        0x08008c6d   Thumb Code   110  cmsis_os2.o(i.osMessageQueueNew)
    osThreadNew                              0x08008ce1   Thumb Code   160  cmsis_os2.o(i.osThreadNew)
    pvPortMalloc                             0x08009c49   Thumb Code   210  heap_4.o(i.pvPortMalloc)
    pvTaskIncrementMutexHeldCount            0x08009d21   Thumb Code    18  tasks.o(i.pvTaskIncrementMutexHeldCount)
    pxPortInitialiseStack                    0x08009d39   Thumb Code    40  port.o(i.pxPortInitialiseStack)
    result_parse_1                           0x08009d65   Thumb Code    42  main.o(i.result_parse_1)
    result_parse_2                           0x08009d95   Thumb Code  1388  main.o(i.result_parse_2)
    result_parse_3                           0x0800a305   Thumb Code    42  main.o(i.result_parse_3)
    result_parse_4                           0x0800a335   Thumb Code    42  main.o(i.result_parse_4)
    result_parse_5                           0x0800a365   Thumb Code    42  main.o(i.result_parse_5)
    result_parse_6                           0x0800a395   Thumb Code    42  main.o(i.result_parse_6)
    result_parse_7                           0x0800a3c5   Thumb Code    42  main.o(i.result_parse_7)
    start_soft_timer                         0x0800a3f5   Thumb Code   108  freertos.o(i.start_soft_timer)
    start_tk_co_order                        0x0800a499   Thumb Code     8  freertos.o(i.start_tk_co_order)
    start_tk_commu_monitor                   0x0800a4a1   Thumb Code    42  freertos.o(i.start_tk_commu_monitor)
    start_tk_conflict_monitor                0x0800a4f1   Thumb Code   234  freertos.o(i.start_tk_conflict_monitor)
    start_tk_grating_monitor                 0x0800a63d   Thumb Code    42  freertos.o(i.start_tk_grating_monitor)
    start_tk_limit_sw                        0x0800a689   Thumb Code    88  freertos.o(i.start_tk_limit_sw)
    start_tk_master_order                    0x0800a6e5   Thumb Code   458  freertos.o(i.start_tk_master_order)
    start_tk_pidoutput                       0x0800a91d   Thumb Code    42  freertos.o(i.start_tk_pidoutput)
    start_tk_posture_monitor                 0x0800a961   Thumb Code    42  freertos.o(i.start_tk_posture_monitor)
    start_tk_result_process                  0x0800a9ad   Thumb Code    60  freertos.o(i.start_tk_result_process)
    start_tk_result_process_rece             0x0800a9ed   Thumb Code   294  freertos.o(i.start_tk_result_process_rece)
    start_tk_result_process_send             0x0800ab35   Thumb Code    88  freertos.o(i.start_tk_result_process_send)
    start_tk_send_order                      0x0800aba5   Thumb Code   122  freertos.o(i.start_tk_send_order)
    start_tk_sensor_monitor                  0x0800ac91   Thumb Code   446  freertos.o(i.start_tk_sensor_monitor)
    start_tk_zero_monitor                    0x0800aead   Thumb Code     8  freertos.o(i.start_tk_zero_monitor)
    switchGet                                0x0800aeb5   Thumb Code   338  main.o(i.switchGet)
    timer_start                              0x0800b011   Thumb Code    86  main.o(i.timer_start)
    usMBCRC16                                0x0800b099   Thumb Code    40  main.o(i.usMBCRC16)
    uxListRemove                             0x0800b0c5   Thumb Code    38  list.o(i.uxListRemove)
    uxQueueSpacesAvailable                   0x0800b0eb   Thumb Code    40  queue.o(i.uxQueueSpacesAvailable)
    uxTaskGetSystemState                     0x0800b115   Thumb Code   160  tasks.o(i.uxTaskGetSystemState)
    vApplicationGetIdleTaskMemory            0x0800b1c1   Thumb Code    16  cmsis_os2.o(i.vApplicationGetIdleTaskMemory)
    vApplicationGetTimerTaskMemory           0x0800b1d5   Thumb Code    18  cmsis_os2.o(i.vApplicationGetTimerTaskMemory)
    vListInitialise                          0x0800b1ed   Thumb Code    22  list.o(i.vListInitialise)
    vListInitialiseItem                      0x0800b203   Thumb Code     6  list.o(i.vListInitialiseItem)
    vListInsert                              0x0800b209   Thumb Code    48  list.o(i.vListInsert)
    vListInsertEnd                           0x0800b239   Thumb Code    24  list.o(i.vListInsertEnd)
    vPortEnterCritical                       0x0800b251   Thumb Code    54  port.o(i.vPortEnterCritical)
    vPortExitCritical                        0x0800b291   Thumb Code    34  port.o(i.vPortExitCritical)
    vPortFree                                0x0800b2b9   Thumb Code    88  heap_4.o(i.vPortFree)
    vPortSetupTimerInterrupt                 0x0800b315   Thumb Code    32  port.o(i.vPortSetupTimerInterrupt)
    vPortValidateInterruptPriority           0x0800b339   Thumb Code    74  port.o(i.vPortValidateInterruptPriority)
    vQueueAddToRegistry                      0x0800b38d   Thumb Code    34  queue.o(i.vQueueAddToRegistry)
    vQueueWaitForMessageRestricted           0x0800b3b5   Thumb Code    68  queue.o(i.vQueueWaitForMessageRestricted)
    vTaskDelay                               0x0800b3f9   Thumb Code    66  tasks.o(i.vTaskDelay)
    vTaskGetInfo                             0x0800b445   Thumb Code   114  tasks.o(i.vTaskGetInfo)
    vTaskGetRunTimeStats                     0x0800b4bd   Thumb Code   150  tasks.o(i.vTaskGetRunTimeStats)
    vTaskInternalSetTimeOutState             0x0800b571   Thumb Code    12  tasks.o(i.vTaskInternalSetTimeOutState)
    vTaskList                                0x0800b581   Thumb Code   170  tasks.o(i.vTaskList)
    vTaskMissedYield                         0x0800b641   Thumb Code     8  tasks.o(i.vTaskMissedYield)
    vTaskPlaceOnEventList                    0x0800b64d   Thumb Code    44  tasks.o(i.vTaskPlaceOnEventList)
    vTaskPlaceOnEventListRestricted          0x0800b67d   Thumb Code    52  tasks.o(i.vTaskPlaceOnEventListRestricted)
    vTaskPriorityDisinheritAfterTimeout      0x0800b6b5   Thumb Code   134  tasks.o(i.vTaskPriorityDisinheritAfterTimeout)
    vTaskStartScheduler                      0x0800b745   Thumb Code   122  tasks.o(i.vTaskStartScheduler)
    vTaskSuspendAll                          0x0800b7d1   Thumb Code    10  tasks.o(i.vTaskSuspendAll)
    vTaskSwitchContext                       0x0800b7e1   Thumb Code   114  tasks.o(i.vTaskSwitchContext)
    xPortStartScheduler                      0x0800b85d   Thumb Code   222  port.o(i.xPortStartScheduler)
    xQueueGenericCreate                      0x0800b951   Thumb Code    72  queue.o(i.xQueueGenericCreate)
    xQueueGenericCreateStatic                0x0800b999   Thumb Code   102  queue.o(i.xQueueGenericCreateStatic)
    xQueueGenericReset                       0x0800ba01   Thumb Code   132  queue.o(i.xQueueGenericReset)
    xQueueGenericSend                        0x0800ba89   Thumb Code   334  queue.o(i.xQueueGenericSend)
    xQueueGenericSendFromISR                 0x0800bbdd   Thumb Code   188  queue.o(i.xQueueGenericSendFromISR)
    xQueueReceive                            0x0800bc99   Thumb Code   308  queue.o(i.xQueueReceive)
    xQueueSemaphoreTake                      0x0800bdd1   Thumb Code   372  queue.o(i.xQueueSemaphoreTake)
    xTaskCheckForTimeOut                     0x0800bf49   Thumb Code   112  tasks.o(i.xTaskCheckForTimeOut)
    xTaskCreate                              0x0800bfbd   Thumb Code    90  tasks.o(i.xTaskCreate)
    xTaskCreateStatic                        0x0800c017   Thumb Code    86  tasks.o(i.xTaskCreateStatic)
    xTaskGenericNotifyFromISR                0x0800c06d   Thumb Code   226  tasks.o(i.xTaskGenericNotifyFromISR)
    xTaskGetSchedulerState                   0x0800c15d   Thumb Code    22  tasks.o(i.xTaskGetSchedulerState)
    xTaskGetTickCount                        0x0800c179   Thumb Code     6  tasks.o(i.xTaskGetTickCount)
    xTaskIncrementTick                       0x0800c185   Thumb Code   190  tasks.o(i.xTaskIncrementTick)
    xTaskNotifyWait                          0x0800c24d   Thumb Code   130  tasks.o(i.xTaskNotifyWait)
    xTaskPriorityDisinherit                  0x0800c2d9   Thumb Code   118  tasks.o(i.xTaskPriorityDisinherit)
    xTaskPriorityInherit                     0x0800c359   Thumb Code   112  tasks.o(i.xTaskPriorityInherit)
    xTaskRemoveFromEventList                 0x0800c3d1   Thumb Code    98  tasks.o(i.xTaskRemoveFromEventList)
    xTaskResumeAll                           0x0800c441   Thumb Code   182  tasks.o(i.xTaskResumeAll)
    xTimerCreate                             0x0800c505   Thumb Code    52  timers.o(i.xTimerCreate)
    xTimerCreateTimerTask                    0x0800c539   Thumb Code    78  timers.o(i.xTimerCreateTimerTask)
    xTimerGenericCommand                     0x0800c599   Thumb Code    98  timers.o(i.xTimerGenericCommand)
    AHBPrescTable                            0x0800d714   Data          16  system_stm32f4xx.o(.constdata)
    APBPrescTable                            0x0800d724   Data           8  system_stm32f4xx.o(.constdata)
    Region$$Table$$Base                      0x0800d824   Number         0  anon$$obj.o(Region$$Table)
    Region$$Table$$Limit                     0x0800d844   Number         0  anon$$obj.o(Region$$Table)
    rece_count                               0x20000000   Data           1  main.o(.data)
    modbus_status                            0x20000001   Data           1  main.o(.data)
    modbus_time_flag                         0x20000002   Data           1  main.o(.data)
    cmd6_if_return                           0x20000004   Data           1  main.o(.data)
    iic_cache                                0x20000006   Data           2  main.o(.data)
    timer_period                             0x20000008   Data           4  main.o(.data)
    modbus_list_head                         0x2000000c   Data           4  main.o(.data)
    modbus_list_tail                         0x20000010   Data           4  main.o(.data)
    ulHighFrequencyTimerTicks                0x20000014   Data           4  main.o(.data)
    xSemaphorePositionGet                    0x20000018   Data           4  main.o(.data)
    xSemaphorePositionSet                    0x2000001c   Data           4  main.o(.data)
    xSemaphoreSwitchGet                      0x20000020   Data           4  main.o(.data)
    xSemaphoreGratingGet                     0x20000024   Data           4  main.o(.data)
    xSemaphoreModbusSend                     0x20000028   Data           4  main.o(.data)
    broadcast_timer                          0x2000002c   Data           4  main.o(.data)
    command_seq                              0x20000030   Data         272  main.o(.data)
    fifo_level                               0x20000140   Data           4  main.o(.data)
    queuespace                               0x20000144   Data           4  main.o(.data)
    command_to_function                      0x20000148   Data         108  main.o(.data)
    result_to_parameter                      0x200001b4   Data          40  main.o(.data)
    motor_status_timer                       0x200001dc   Data           4  main.o(.data)
    hcrc                                     0x200001e4   Data           8  crc.o(.data)
    defaultTaskHandle                        0x200001ec   Data           4  freertos.o(.data)
    pid_outputHandle                         0x200001f0   Data           4  freertos.o(.data)
    send_orderHandle                         0x200001f4   Data           4  freertos.o(.data)
    commu_mornitorHandle                     0x200001f8   Data           4  freertos.o(.data)
    conflict_monitorHandle                   0x200001fc   Data           4  freertos.o(.data)
    sensor_monitorHandle                     0x20000200   Data           4  freertos.o(.data)
    grating_monitorHandle                    0x20000204   Data           4  freertos.o(.data)
    posture_monitorHandle                    0x20000208   Data           4  freertos.o(.data)
    zero_swHandle                            0x2000020c   Data           4  freertos.o(.data)
    co_orderHandle                           0x20000210   Data           4  freertos.o(.data)
    master_orderHandle                       0x20000214   Data           4  freertos.o(.data)
    limit_swHandle                           0x20000218   Data           4  freertos.o(.data)
    result_processHandle                     0x2000021c   Data           4  freertos.o(.data)
    send_queueHandle                         0x20000220   Data           4  freertos.o(.data)
    rece_queueHandle                         0x20000224   Data           4  freertos.o(.data)
    result_processHandle_rece                0x20000228   Data           4  freertos.o(.data)
    result_processHandle_send                0x2000022c   Data           4  freertos.o(.data)
    b_tk_default                             0x20000230   Data           4  stm32f4xx_it.o(.data)
    b_tk_sensor_monitor                      0x20000234   Data           4  stm32f4xx_it.o(.data)
    b_tk_pidoutput                           0x20000238   Data           4  stm32f4xx_it.o(.data)
    b_tk_conflict_monitor                    0x2000023c   Data           4  stm32f4xx_it.o(.data)
    b_tk_grating_monitor                     0x20000240   Data           4  stm32f4xx_it.o(.data)
    b_tk_posture_monitor                     0x20000244   Data           4  stm32f4xx_it.o(.data)
    b_tk_commu_monitor                       0x20000248   Data           4  stm32f4xx_it.o(.data)
    b_tk_master_order                        0x2000024c   Data           4  stm32f4xx_it.o(.data)
    b_tk_rece_result                         0x20000250   Data           4  stm32f4xx_it.o(.data)
    uwTickFreq                               0x20000254   Data           1  stm32f4xx_hal.o(.data)
    uwTickPrio                               0x20000258   Data           4  stm32f4xx_hal.o(.data)
    uwTick                                   0x2000025c   Data           4  stm32f4xx_hal.o(.data)
    SystemCoreClock                          0x20000260   Data           4  system_stm32f4xx.o(.data)
    pxCurrentTCB                             0x20000264   Data           4  tasks.o(.data)
    __stdout                                 0x200002e4   Data           4  stdout.o(.data)
    tklog                                    0x200002e8   Data         500  main.o(.bss)
    modbus_send_cache                        0x200004dc   Data          16  main.o(.bss)
    semaPositionGet                          0x200004ec   Data          80  main.o(.bss)
    semaPositionSet                          0x2000053c   Data          80  main.o(.bss)
    semaSwitchGet                            0x2000058c   Data          80  main.o(.bss)
    semaGratingGet                           0x200005dc   Data          80  main.o(.bss)
    modbusSend                               0x2000062c   Data          80  main.o(.bss)
    motor_array                              0x2000067c   Data        2384  main.o(.bss)
    posture                                  0x20000fcc   Data          88  main.o(.bss)
    rece_cache                               0x20001024   Data          16  main.o(.bss)
    hcan1                                    0x20001034   Data          40  can.o(.bss)
    hcan2                                    0x2000105c   Data          40  can.o(.bss)
    defaultTaskBuffer                        0x20001084   Data        2048  freertos.o(.bss)
    defaultTaskControlBlock                  0x20001884   Data         116  freertos.o(.bss)
    pid_outputBuffer                         0x200018f8   Data        2048  freertos.o(.bss)
    pid_outputControlBlock                   0x200020f8   Data         116  freertos.o(.bss)
    send_orderBuffer                         0x2000216c   Data        2048  freertos.o(.bss)
    send_orderControlBlock                   0x2000296c   Data         116  freertos.o(.bss)
    commu_mornitorBuffer                     0x200029e0   Data        2048  freertos.o(.bss)
    commu_mornitorControlBlock               0x200031e0   Data         116  freertos.o(.bss)
    conflict_monitorBuffer                   0x20003254   Data        2048  freertos.o(.bss)
    conflict_monitorControlBlock             0x20003a54   Data         116  freertos.o(.bss)
    sensor_monitorBuffer                     0x20003ac8   Data        2048  freertos.o(.bss)
    sensor_monitorControlBlock               0x200042c8   Data         116  freertos.o(.bss)
    grating_monitorBuffer                    0x2000433c   Data         512  freertos.o(.bss)
    grating_monitorControlBlock              0x2000453c   Data         116  freertos.o(.bss)
    posture_monitorBuffer                    0x200045b0   Data         512  freertos.o(.bss)
    posture_monitorControlBlock              0x200047b0   Data         116  freertos.o(.bss)
    zero_swBuffer                            0x20004824   Data         512  freertos.o(.bss)
    zero_swControlBlock                      0x20004a24   Data         116  freertos.o(.bss)
    co_orderBuffer                           0x20004a98   Data         512  freertos.o(.bss)
    co_orderControlBlock                     0x20004c98   Data         116  freertos.o(.bss)
    master_orderBuffer                       0x20004d0c   Data        2048  freertos.o(.bss)
    master_orderControlBlock                 0x2000550c   Data         116  freertos.o(.bss)
    limit_swBuffer                           0x20005580   Data        1024  freertos.o(.bss)
    limit_swControlBlock                     0x20005980   Data         116  freertos.o(.bss)
    result_processBuffer                     0x200059f4   Data         512  freertos.o(.bss)
    result_processControlBlock               0x20005bf4   Data         116  freertos.o(.bss)
    send_queueBuffer                         0x20005c68   Data       17408  freertos.o(.bss)
    send_queueControlBlock                   0x2000a068   Data          80  freertos.o(.bss)
    rece_queueBuffer                         0x2000a0b8   Data       17408  freertos.o(.bss)
    rece_queueControlBlock                   0x2000e4b8   Data          80  freertos.o(.bss)
    result_processBuffer_rece                0x2000e508   Data         512  freertos.o(.bss)
    result_processControlBlock_rece          0x2000e708   Data         116  freertos.o(.bss)
    result_processBuffer_send                0x2000e77c   Data         512  freertos.o(.bss)
    result_processControlBlock_send          0x2000e97c   Data         116  freertos.o(.bss)
    hi2c1                                    0x2000e9f0   Data          84  i2c.o(.bss)
    htim6                                    0x2000ea44   Data          64  stm32f4xx_hal_timebase_tim.o(.bss)
    htim1                                    0x2000ea84   Data          64  tim.o(.bss)
    htim2                                    0x2000eac4   Data          64  tim.o(.bss)
    htim3                                    0x2000eb04   Data          64  tim.o(.bss)
    htim4                                    0x2000eb44   Data          64  tim.o(.bss)
    htim5                                    0x2000eb84   Data          64  tim.o(.bss)
    htim7                                    0x2000ebc4   Data          64  tim.o(.bss)
    htim8                                    0x2000ec04   Data          64  tim.o(.bss)
    htim9                                    0x2000ec44   Data          64  tim.o(.bss)
    htim10                                   0x2000ec84   Data          64  tim.o(.bss)
    htim11                                   0x2000ecc4   Data          64  tim.o(.bss)
    htim12                                   0x2000ed04   Data          64  tim.o(.bss)
    htim13                                   0x2000ed44   Data          64  tim.o(.bss)
    htim14                                   0x2000ed84   Data          64  tim.o(.bss)
    hdma_usart2_tx                           0x2000edc4   Data          96  usart.o(.bss)
    huart4                                   0x2000ee24   Data          64  usart.o(.bss)
    huart1                                   0x2000ee64   Data          64  usart.o(.bss)
    huart2                                   0x2000eea4   Data          64  usart.o(.bss)
    huart3                                   0x2000eee4   Data          64  usart.o(.bss)
    huart6                                   0x2000ef24   Data          64  usart.o(.bss)
    hdma_usart2_rx                           0x2000ef64   Data          96  usart.o(.bss)
    xQueueRegistry                           0x2000efc4   Data          64  queue.o(.bss)
    __initial_sp                             0x200147c8   Data           0  startup_stm32f407xx.o(STACK)



==============================================================================

Memory Map of the image

  Image Entry point : 0x08000189

  Load Region LR_IROM1 (Base: 0x08000000, Size: 0x0000db2c, Max: 0x00080000, ABSOLUTE, COMPRESSED[0x0000d8f4])

    Execution Region ER_IROM1 (Base: 0x08000000, Size: 0x0000d844, Max: 0x00080000, ABSOLUTE)

    Base Addr    Size         Type   Attr      Idx    E Section Name        Object

    0x08000000   0x00000188   Data   RO            3    RESET               startup_stm32f407xx.o
    0x08000188   0x00000000   Code   RO         6419  * .ARM.Collect$$$$00000000  mc_w.l(entry.o)
    0x08000188   0x00000004   Code   RO         6707    .ARM.Collect$$$$00000001  mc_w.l(entry2.o)
    0x0800018c   0x00000004   Code   RO         6710    .ARM.Collect$$$$00000004  mc_w.l(entry5.o)
    0x08000190   0x00000000   Code   RO         6712    .ARM.Collect$$$$00000008  mc_w.l(entry7b.o)
    0x08000190   0x00000000   Code   RO         6714    .ARM.Collect$$$$0000000A  mc_w.l(entry8b.o)
    0x08000190   0x00000008   Code   RO         6715    .ARM.Collect$$$$0000000B  mc_w.l(entry9a.o)
    0x08000198   0x00000000   Code   RO         6717    .ARM.Collect$$$$0000000D  mc_w.l(entry10a.o)
    0x08000198   0x00000000   Code   RO         6719    .ARM.Collect$$$$0000000F  mc_w.l(entry11a.o)
    0x08000198   0x00000004   Code   RO         6708    .ARM.Collect$$$$00002712  mc_w.l(entry2.o)
    0x0800019c   0x000000be   Code   RO         6342    .emb_text           port.o
    0x0800025a   0x00000002   PAD
    0x0800025c   0x00000024   Code   RO            4    .text               startup_stm32f407xx.o
    0x08000280   0x00000062   Code   RO         6422    .text               mc_w.l(uldiv.o)
    0x080002e2   0x00000024   Code   RO         6424    .text               mc_w.l(memcpya.o)
    0x08000306   0x00000024   Code   RO         6428    .text               mc_w.l(memseta.o)
    0x0800032a   0x0000000e   Code   RO         6430    .text               mc_w.l(strlen.o)
    0x08000338   0x00000012   Code   RO         6432    .text               mc_w.l(strcpy.o)
    0x0800034a   0x00000022   Code   RO         6697    .text               mf_w.l(dflti.o)
    0x0800036c   0x0000001a   Code   RO         6699    .text               mf_w.l(dfltui.o)
    0x08000386   0x0000003e   Code   RO         6701    .text               mf_w.l(dfixi.o)
    0x080003c4   0x00000030   Code   RO         6703    .text               mf_w.l(cdcmple.o)
    0x080003f4   0x00000030   Code   RO         6705    .text               mf_w.l(cdrcmple.o)
    0x08000424   0x0000002c   Code   RO         6722    .text               mc_w.l(uidiv.o)
    0x08000450   0x0000001e   Code   RO         6724    .text               mc_w.l(llshl.o)
    0x0800046e   0x00000020   Code   RO         6726    .text               mc_w.l(llushr.o)
    0x0800048e   0x00000000   Code   RO         6728    .text               mc_w.l(iusefp.o)
    0x0800048e   0x000000ba   Code   RO         6729    .text               mf_w.l(depilogue.o)
    0x08000548   0x00000024   Code   RO         6739    .text               mc_w.l(init.o)
    0x0800056c   0x00000056   Code   RO         6751    .text               mc_w.l(__dczerorl2.o)
    0x080005c2   0x00000002   Code   RO         1234    i.BusFault_Handler  stm32f4xx_it.o
    0x080005c4   0x0000010c   Code   RO         1235    i.CAN1_RX0_IRQHandler  stm32f4xx_it.o
    0x080006d0   0x0000000c   Code   RO         1236    i.CAN1_RX1_IRQHandler  stm32f4xx_it.o
    0x080006dc   0x0000000c   Code   RO         1237    i.CAN1_SCE_IRQHandler  stm32f4xx_it.o
    0x080006e8   0x0000000c   Code   RO         1238    i.CAN1_TX_IRQHandler  stm32f4xx_it.o
    0x080006f4   0x0000000c   Code   RO         1239    i.CAN2_RX0_IRQHandler  stm32f4xx_it.o
    0x08000700   0x0000000c   Code   RO         1240    i.CAN2_RX1_IRQHandler  stm32f4xx_it.o
    0x0800070c   0x0000000c   Code   RO         1241    i.CAN2_SCE_IRQHandler  stm32f4xx_it.o
    0x08000718   0x0000000c   Code   RO         1242    i.CAN2_TX_IRQHandler  stm32f4xx_it.o
    0x08000724   0x0000000c   Code   RO         1243    i.DMA1_Stream5_IRQHandler  stm32f4xx_it.o
    0x08000730   0x0000000c   Code   RO         1244    i.DMA1_Stream6_IRQHandler  stm32f4xx_it.o
    0x0800073c   0x00000028   Code   RO         2235    i.DMA_CalcBaseAndBitshift  stm32f4xx_hal_dma.o
    0x08000764   0x00000054   Code   RO         2236    i.DMA_CheckFifoParam  stm32f4xx_hal_dma.o
    0x080007b8   0x00000028   Code   RO         2237    i.DMA_SetConfig     stm32f4xx_hal_dma.o
    0x080007e0   0x00000002   Code   RO         1245    i.DebugMon_Handler  stm32f4xx_it.o
    0x080007e2   0x00000006   Code   RO         1246    i.EXTI0_IRQHandler  stm32f4xx_it.o
    0x080007e8   0x00000036   Code   RO         1247    i.EXTI15_10_IRQHandler  stm32f4xx_it.o
    0x0800081e   0x00000006   Code   RO         1248    i.EXTI1_IRQHandler  stm32f4xx_it.o
    0x08000824   0x00000006   Code   RO         1249    i.EXTI2_IRQHandler  stm32f4xx_it.o
    0x0800082a   0x00000006   Code   RO         1250    i.EXTI3_IRQHandler  stm32f4xx_it.o
    0x08000830   0x00000006   Code   RO         1251    i.EXTI4_IRQHandler  stm32f4xx_it.o
    0x08000836   0x00000028   Code   RO         1252    i.EXTI9_5_IRQHandler  stm32f4xx_it.o
    0x0800085e   0x00000002   Code   RO           13    i.Error_Handler     main.o
    0x08000860   0x00000024   Code   RO         1543    i.HAL_CAN_ActivateNotification  stm32f4xx_hal_can.o
    0x08000884   0x000000c8   Code   RO         1544    i.HAL_CAN_AddTxMessage  stm32f4xx_hal_can.o
    0x0800094c   0x0000010c   Code   RO         1545    i.HAL_CAN_ConfigFilter  stm32f4xx_hal_can.o
    0x08000a58   0x00000028   Code   RO         1546    i.HAL_CAN_DeInit    stm32f4xx_hal_can.o
    0x08000a80   0x00000002   Code   RO         1548    i.HAL_CAN_ErrorCallback  stm32f4xx_hal_can.o
    0x08000a82   0x00000002   PAD
    0x08000a84   0x00000022   Code   RO         1550    i.HAL_CAN_GetRxFifoFillLevel  stm32f4xx_hal_can.o
    0x08000aa6   0x000000e8   Code   RO         1551    i.HAL_CAN_GetRxMessage  stm32f4xx_hal_can.o
    0x08000b8e   0x000001fc   Code   RO         1555    i.HAL_CAN_IRQHandler  stm32f4xx_hal_can.o
    0x08000d8a   0x0000011a   Code   RO         1556    i.HAL_CAN_Init      stm32f4xx_hal_can.o
    0x08000ea4   0x00000098   Code   RO          621    i.HAL_CAN_MspDeInit  can.o
    0x08000f3c   0x00000160   Code   RO          622    i.HAL_CAN_MspInit   can.o
    0x0800109c   0x00000002   Code   RO         1563    i.HAL_CAN_RxFifo0FullCallback  stm32f4xx_hal_can.o
    0x0800109e   0x00000002   Code   RO          736    i.HAL_CAN_RxFifo0MsgPendingCallback  freertos.o
    0x080010a0   0x00000002   Code   RO         1565    i.HAL_CAN_RxFifo1FullCallback  stm32f4xx_hal_can.o
    0x080010a2   0x00000002   Code   RO         1566    i.HAL_CAN_RxFifo1MsgPendingCallback  stm32f4xx_hal_can.o
    0x080010a4   0x00000002   Code   RO         1567    i.HAL_CAN_SleepCallback  stm32f4xx_hal_can.o
    0x080010a6   0x00000002   PAD
    0x080010a8   0x00000058   Code   RO         1568    i.HAL_CAN_Start     stm32f4xx_hal_can.o
    0x08001100   0x00000060   Code   RO         1569    i.HAL_CAN_Stop      stm32f4xx_hal_can.o
    0x08001160   0x00000002   Code   RO         1570    i.HAL_CAN_TxMailbox0AbortCallback  stm32f4xx_hal_can.o
    0x08001162   0x00000002   Code   RO         1571    i.HAL_CAN_TxMailbox0CompleteCallback  stm32f4xx_hal_can.o
    0x08001164   0x00000002   Code   RO         1572    i.HAL_CAN_TxMailbox1AbortCallback  stm32f4xx_hal_can.o
    0x08001166   0x00000002   Code   RO         1573    i.HAL_CAN_TxMailbox1CompleteCallback  stm32f4xx_hal_can.o
    0x08001168   0x00000002   Code   RO         1574    i.HAL_CAN_TxMailbox2AbortCallback  stm32f4xx_hal_can.o
    0x0800116a   0x00000002   Code   RO         1575    i.HAL_CAN_TxMailbox2CompleteCallback  stm32f4xx_hal_can.o
    0x0800116c   0x00000002   Code   RO         1577    i.HAL_CAN_WakeUpFromRxMsgCallback  stm32f4xx_hal_can.o
    0x0800116e   0x00000022   Code   RO         2912    i.HAL_CRC_Init      stm32f4xx_hal_crc.o
    0x08001190   0x00000028   Code   RO          671    i.HAL_CRC_MspInit   crc.o
    0x080011b8   0x0000008e   Code   RO         2238    i.HAL_DMA_Abort     stm32f4xx_hal_dma.o
    0x08001246   0x00000024   Code   RO         2239    i.HAL_DMA_Abort_IT  stm32f4xx_hal_dma.o
    0x0800126a   0x00000062   Code   RO         2240    i.HAL_DMA_DeInit    stm32f4xx_hal_dma.o
    0x080012cc   0x00000006   Code   RO         2242    i.HAL_DMA_GetState  stm32f4xx_hal_dma.o
    0x080012d2   0x00000002   PAD
    0x080012d4   0x000001a0   Code   RO         2243    i.HAL_DMA_IRQHandler  stm32f4xx_hal_dma.o
    0x08001474   0x000000d4   Code   RO         2244    i.HAL_DMA_Init      stm32f4xx_hal_dma.o
    0x08001548   0x0000006e   Code   RO         2248    i.HAL_DMA_Start_IT  stm32f4xx_hal_dma.o
    0x080015b6   0x00000002   PAD
    0x080015b8   0x00000024   Code   RO         2657    i.HAL_Delay         stm32f4xx_hal.o
    0x080015dc   0x00000168   Code   RO         2128    i.HAL_GPIO_DeInit   stm32f4xx_hal_gpio.o
    0x08001744   0x00000002   Code   RO         2129    i.HAL_GPIO_EXTI_Callback  stm32f4xx_hal_gpio.o
    0x08001746   0x00000002   PAD
    0x08001748   0x00000018   Code   RO         2130    i.HAL_GPIO_EXTI_IRQHandler  stm32f4xx_hal_gpio.o
    0x08001760   0x000001b8   Code   RO         2131    i.HAL_GPIO_Init     stm32f4xx_hal_gpio.o
    0x08001918   0x0000000a   Code   RO         2133    i.HAL_GPIO_ReadPin  stm32f4xx_hal_gpio.o
    0x08001922   0x0000000a   Code   RO         2135    i.HAL_GPIO_WritePin  stm32f4xx_hal_gpio.o
    0x0800192c   0x0000000c   Code   RO         2663    i.HAL_GetTick       stm32f4xx_hal.o
    0x08001938   0x00000002   Code   RO         2968    i.HAL_I2C_AbortCpltCallback  stm32f4xx_hal_i2c.o
    0x0800193a   0x00000002   Code   RO         2969    i.HAL_I2C_AddrCallback  stm32f4xx_hal_i2c.o
    0x0800193c   0x000000ba   Code   RO         2972    i.HAL_I2C_ER_IRQHandler  stm32f4xx_hal_i2c.o
    0x080019f6   0x0000025a   Code   RO         2973    i.HAL_I2C_EV_IRQHandler  stm32f4xx_hal_i2c.o
    0x08001c50   0x00000002   Code   RO         2975    i.HAL_I2C_ErrorCallback  stm32f4xx_hal_i2c.o
    0x08001c52   0x00000002   PAD
    0x08001c54   0x00000188   Code   RO         2979    i.HAL_I2C_Init      stm32f4xx_hal_i2c.o
    0x08001ddc   0x00000002   Code   RO         2981    i.HAL_I2C_ListenCpltCallback  stm32f4xx_hal_i2c.o
    0x08001dde   0x00000002   Code   RO         2982    i.HAL_I2C_MasterRxCpltCallback  stm32f4xx_hal_i2c.o
    0x08001de0   0x00000002   Code   RO         2983    i.HAL_I2C_MasterTxCpltCallback  stm32f4xx_hal_i2c.o
    0x08001de2   0x00000002   PAD
    0x08001de4   0x000001e0   Code   RO         2985    i.HAL_I2C_Master_Receive  stm32f4xx_hal_i2c.o
    0x08001fc4   0x0000012c   Code   RO         2992    i.HAL_I2C_Master_Transmit  stm32f4xx_hal_i2c.o
    0x080020f0   0x00000002   Code   RO         2995    i.HAL_I2C_MemRxCpltCallback  stm32f4xx_hal_i2c.o
    0x080020f2   0x00000002   Code   RO         2996    i.HAL_I2C_MemTxCpltCallback  stm32f4xx_hal_i2c.o
    0x080020f4   0x0000008c   Code   RO          937    i.HAL_I2C_MspInit   i2c.o
    0x08002180   0x00000002   Code   RO         3005    i.HAL_I2C_SlaveRxCpltCallback  stm32f4xx_hal_i2c.o
    0x08002182   0x00000002   Code   RO         3006    i.HAL_I2C_SlaveTxCpltCallback  stm32f4xx_hal_i2c.o
    0x08002184   0x00000010   Code   RO         2669    i.HAL_IncTick       stm32f4xx_hal.o
    0x08002194   0x00000034   Code   RO         2670    i.HAL_Init          stm32f4xx_hal.o
    0x080021c8   0x00000074   Code   RO         1005    i.HAL_InitTick      stm32f4xx_hal_timebase_tim.o
    0x0800223c   0x00000038   Code   RO         1518    i.HAL_MspInit       stm32f4xx_hal_msp.o
    0x08002274   0x00000022   Code   RO         2519    i.HAL_NVIC_DisableIRQ  stm32f4xx_hal_cortex.o
    0x08002296   0x0000001a   Code   RO         2520    i.HAL_NVIC_EnableIRQ  stm32f4xx_hal_cortex.o
    0x080022b0   0x00000040   Code   RO         2526    i.HAL_NVIC_SetPriority  stm32f4xx_hal_cortex.o
    0x080022f0   0x00000024   Code   RO         2527    i.HAL_NVIC_SetPriorityGrouping  stm32f4xx_hal_cortex.o
    0x08002314   0x00000134   Code   RO         1777    i.HAL_RCC_ClockConfig  stm32f4xx_hal_rcc.o
    0x08002448   0x00000040   Code   RO         1781    i.HAL_RCC_GetClockConfig  stm32f4xx_hal_rcc.o
    0x08002488   0x00000020   Code   RO         1784    i.HAL_RCC_GetPCLK1Freq  stm32f4xx_hal_rcc.o
    0x080024a8   0x00000020   Code   RO         1785    i.HAL_RCC_GetPCLK2Freq  stm32f4xx_hal_rcc.o
    0x080024c8   0x00000064   Code   RO         1786    i.HAL_RCC_GetSysClockFreq  stm32f4xx_hal_rcc.o
    0x0800252c   0x0000035c   Code   RO         1789    i.HAL_RCC_OscConfig  stm32f4xx_hal_rcc.o
    0x08002888   0x00000002   Code   RO         4090    i.HAL_TIMEx_BreakCallback  stm32f4xx_hal_tim_ex.o
    0x0800288a   0x00000002   Code   RO         4091    i.HAL_TIMEx_CommutCallback  stm32f4xx_hal_tim_ex.o
    0x0800288c   0x00000054   Code   RO         4093    i.HAL_TIMEx_ConfigBreakDeadTime  stm32f4xx_hal_tim_ex.o
    0x080028e0   0x00000090   Code   RO         4108    i.HAL_TIMEx_MasterConfigSynchronization  stm32f4xx_hal_tim_ex.o
    0x08002970   0x00000038   Code   RO         3413    i.HAL_TIM_Base_DeInit  stm32f4xx_hal_tim.o
    0x080029a8   0x00000036   Code   RO         3415    i.HAL_TIM_Base_Init  stm32f4xx_hal_tim.o
    0x080029de   0x00000002   PAD
    0x080029e0   0x00000114   Code   RO         1044    i.HAL_TIM_Base_MspDeInit  tim.o
    0x08002af4   0x0000027c   Code   RO         1045    i.HAL_TIM_Base_MspInit  tim.o
    0x08002d70   0x00000022   Code   RO         3420    i.HAL_TIM_Base_Start_IT  stm32f4xx_hal_tim.o
    0x08002d92   0x0000002c   Code   RO         3421    i.HAL_TIM_Base_Stop  stm32f4xx_hal_tim.o
    0x08002dbe   0x000000d6   Code   RO         3424    i.HAL_TIM_ConfigClockSource  stm32f4xx_hal_tim.o
    0x08002e94   0x00000002   Code   RO         3444    i.HAL_TIM_IC_CaptureCallback  stm32f4xx_hal_tim.o
    0x08002e96   0x00000166   Code   RO         3458    i.HAL_TIM_IRQHandler  stm32f4xx_hal_tim.o
    0x08002ffc   0x000000d0   Code   RO         1046    i.HAL_TIM_MspPostInit  tim.o
    0x080030cc   0x00000002   Code   RO         3461    i.HAL_TIM_OC_DelayElapsedCallback  stm32f4xx_hal_tim.o
    0x080030ce   0x000000d0   Code   RO         3482    i.HAL_TIM_PWM_ConfigChannel  stm32f4xx_hal_tim.o
    0x0800319e   0x00000036   Code   RO         3485    i.HAL_TIM_PWM_Init  stm32f4xx_hal_tim.o
    0x080031d4   0x00000002   Code   RO         3487    i.HAL_TIM_PWM_MspInit  stm32f4xx_hal_tim.o
    0x080031d6   0x00000002   Code   RO         3488    i.HAL_TIM_PWM_PulseFinishedCallback  stm32f4xx_hal_tim.o
    0x080031d8   0x00000044   Code   RO         3490    i.HAL_TIM_PWM_Start  stm32f4xx_hal_tim.o
    0x0800321c   0x00000014   Code   RO           14    i.HAL_TIM_PeriodElapsedCallback  main.o
    0x08003230   0x00000002   Code   RO         3501    i.HAL_TIM_TriggerCallback  stm32f4xx_hal_tim.o
    0x08003232   0x00000058   Code   RO         4360    i.HAL_UART_DMAStop  stm32f4xx_hal_uart.o
    0x0800328a   0x00000002   Code   RO         4362    i.HAL_UART_ErrorCallback  stm32f4xx_hal_uart.o
    0x0800328c   0x00000114   Code   RO         4365    i.HAL_UART_IRQHandler  stm32f4xx_hal_uart.o
    0x080033a0   0x00000062   Code   RO         4366    i.HAL_UART_Init     stm32f4xx_hal_uart.o
    0x08003402   0x00000002   PAD
    0x08003404   0x00000274   Code   RO         1165    i.HAL_UART_MspInit  usart.o
    0x08003678   0x00000098   Code   RO         4370    i.HAL_UART_Receive_DMA  stm32f4xx_hal_uart.o
    0x08003710   0x00000002   Code   RO         4372    i.HAL_UART_RxCpltCallback  stm32f4xx_hal_uart.o
    0x08003712   0x00000002   Code   RO         4373    i.HAL_UART_RxHalfCpltCallback  stm32f4xx_hal_uart.o
    0x08003714   0x000000ba   Code   RO         4374    i.HAL_UART_Transmit  stm32f4xx_hal_uart.o
    0x080037ce   0x00000002   PAD
    0x080037d0   0x00000080   Code   RO         4375    i.HAL_UART_Transmit_DMA  stm32f4xx_hal_uart.o
    0x08003850   0x00000002   Code   RO         4377    i.HAL_UART_TxCpltCallback  stm32f4xx_hal_uart.o
    0x08003852   0x00000002   Code   RO         4378    i.HAL_UART_TxHalfCpltCallback  stm32f4xx_hal_uart.o
    0x08003854   0x00000002   Code   RO         1253    i.HardFault_Handler  stm32f4xx_it.o
    0x08003856   0x00000002   PAD
    0x08003858   0x0000000c   Code   RO         1254    i.I2C1_ER_IRQHandler  stm32f4xx_it.o
    0x08003864   0x0000000c   Code   RO         1255    i.I2C1_EV_IRQHandler  stm32f4xx_it.o
    0x08003870   0x00000086   Code   RO         3017    i.I2C_DMAAbort      stm32f4xx_hal_i2c.o
    0x080038f6   0x00000002   PAD
    0x080038f8   0x00000154   Code   RO         3020    i.I2C_ITError       stm32f4xx_hal_i2c.o
    0x08003a4c   0x0000002e   Code   RO         3021    i.I2C_IsAcknowledgeFailed  stm32f4xx_hal_i2c.o
    0x08003a7a   0x000000d2   Code   RO         3022    i.I2C_MasterReceive_BTF  stm32f4xx_hal_i2c.o
    0x08003b4c   0x00000092   Code   RO         3023    i.I2C_MasterReceive_RXNE  stm32f4xx_hal_i2c.o
    0x08003bde   0x00000002   PAD
    0x08003be0   0x000000ec   Code   RO         3024    i.I2C_MasterRequestRead  stm32f4xx_hal_i2c.o
    0x08003ccc   0x0000009c   Code   RO         3025    i.I2C_MasterRequestWrite  stm32f4xx_hal_i2c.o
    0x08003d68   0x00000092   Code   RO         3026    i.I2C_MasterTransmit_BTF  stm32f4xx_hal_i2c.o
    0x08003dfa   0x00000002   PAD
    0x08003dfc   0x000000b6   Code   RO         3027    i.I2C_MasterTransmit_TXE  stm32f4xx_hal_i2c.o
    0x08003eb2   0x00000002   PAD
    0x08003eb4   0x00000118   Code   RO         3028    i.I2C_Master_ADDR   stm32f4xx_hal_i2c.o
    0x08003fcc   0x0000008c   Code   RO         3029    i.I2C_Master_SB     stm32f4xx_hal_i2c.o
    0x08004058   0x0000006c   Code   RO         3030    i.I2C_MemoryTransmit_TXE_BTF  stm32f4xx_hal_i2c.o
    0x080040c4   0x00000084   Code   RO         3033    i.I2C_Slave_AF      stm32f4xx_hal_i2c.o
    0x08004148   0x0000015c   Code   RO         3034    i.I2C_Slave_STOPF   stm32f4xx_hal_i2c.o
    0x080042a4   0x0000004c   Code   RO         3035    i.I2C_WaitOnBTFFlagUntilTimeout  stm32f4xx_hal_i2c.o
    0x080042f0   0x00000068   Code   RO         3036    i.I2C_WaitOnFlagUntilTimeout  stm32f4xx_hal_i2c.o
    0x08004358   0x00000096   Code   RO         3037    i.I2C_WaitOnMasterAddressFlagUntilTimeout  stm32f4xx_hal_i2c.o
    0x080043ee   0x00000066   Code   RO         3038    i.I2C_WaitOnRXNEFlagUntilTimeout  stm32f4xx_hal_i2c.o
    0x08004454   0x0000004c   Code   RO         3039    i.I2C_WaitOnTXEFlagUntilTimeout  stm32f4xx_hal_i2c.o
    0x080044a0   0x0000003c   Code   RO          623    i.MX_CAN1_Init      can.o
    0x080044dc   0x0000003c   Code   RO          624    i.MX_CAN2_Init      can.o
    0x08004518   0x00000024   Code   RO          672    i.MX_CRC_Init       crc.o
    0x0800453c   0x0000003c   Code   RO          712    i.MX_DMA_Init       dma.o
    0x08004578   0x00000208   Code   RO          737    i.MX_FREERTOS_Init  freertos.o
    0x08004780   0x000001dc   Code   RO          577    i.MX_GPIO_Init      gpio.o
    0x0800495c   0x00000040   Code   RO          938    i.MX_I2C1_Init      i2c.o
    0x0800499c   0x00000038   Code   RO         1047    i.MX_TIM10_Init     tim.o
    0x080049d4   0x00000038   Code   RO         1048    i.MX_TIM11_Init     tim.o
    0x08004a0c   0x0000004c   Code   RO         1049    i.MX_TIM12_Init     tim.o
    0x08004a58   0x00000030   Code   RO         1050    i.MX_TIM13_Init     tim.o
    0x08004a88   0x00000034   Code   RO         1051    i.MX_TIM14_Init     tim.o
    0x08004abc   0x000000d0   Code   RO         1052    i.MX_TIM1_Init      tim.o
    0x08004b8c   0x0000009c   Code   RO         1053    i.MX_TIM2_Init      tim.o
    0x08004c28   0x000000a0   Code   RO         1054    i.MX_TIM3_Init      tim.o
    0x08004cc8   0x000000a0   Code   RO         1055    i.MX_TIM4_Init      tim.o
    0x08004d68   0x0000006c   Code   RO         1056    i.MX_TIM5_Init      tim.o
    0x08004dd4   0x00000048   Code   RO         1057    i.MX_TIM7_Init      tim.o
    0x08004e1c   0x0000006c   Code   RO         1058    i.MX_TIM8_Init      tim.o
    0x08004e88   0x00000050   Code   RO         1059    i.MX_TIM9_Init      tim.o
    0x08004ed8   0x00000038   Code   RO         1166    i.MX_UART4_Init     usart.o
    0x08004f10   0x00000038   Code   RO         1167    i.MX_USART1_UART_Init  usart.o
    0x08004f48   0x00000040   Code   RO         1168    i.MX_USART2_UART_Init  usart.o
    0x08004f88   0x00000038   Code   RO         1169    i.MX_USART3_UART_Init  usart.o
    0x08004fc0   0x00000038   Code   RO         1170    i.MX_USART6_UART_Init  usart.o
    0x08004ff8   0x00000002   Code   RO         1256    i.MemManage_Handler  stm32f4xx_it.o
    0x08004ffa   0x00000002   Code   RO         1257    i.NMI_Handler       stm32f4xx_it.o
    0x08004ffc   0x0000004c   Code   RO          738    i.StartDefaultTask  freertos.o
    0x08005048   0x0000002c   Code   RO         6343    i.SysTick_Handler   port.o
    0x08005074   0x00000084   Code   RO           15    i.SystemClock_Config  main.o
    0x080050f8   0x0000001c   Code   RO         4668    i.SystemInit        system_stm32f4xx.o
    0x08005114   0x0000007c   Code   RO         1258    i.TIM1_BRK_TIM9_IRQHandler  stm32f4xx_it.o
    0x08005190   0x0000000c   Code   RO         1259    i.TIM1_CC_IRQHandler  stm32f4xx_it.o
    0x0800519c   0x00000054   Code   RO         1260    i.TIM1_TRG_COM_TIM11_IRQHandler  stm32f4xx_it.o
    0x080051f0   0x00000060   Code   RO         1261    i.TIM1_UP_TIM10_IRQHandler  stm32f4xx_it.o
    0x08005250   0x0000000c   Code   RO         1262    i.TIM2_IRQHandler   stm32f4xx_it.o
    0x0800525c   0x0000000c   Code   RO         1263    i.TIM3_IRQHandler   stm32f4xx_it.o
    0x08005268   0x0000000c   Code   RO         1264    i.TIM4_IRQHandler   stm32f4xx_it.o
    0x08005274   0x00000054   Code   RO         1265    i.TIM5_IRQHandler   stm32f4xx_it.o
    0x080052c8   0x0000000c   Code   RO         1266    i.TIM6_DAC_IRQHandler  stm32f4xx_it.o
    0x080052d4   0x00000048   Code   RO         1267    i.TIM7_IRQHandler   stm32f4xx_it.o
    0x0800531c   0x00000078   Code   RO         1268    i.TIM8_BRK_TIM12_IRQHandler  stm32f4xx_it.o
    0x08005394   0x0000000c   Code   RO         1269    i.TIM8_CC_IRQHandler  stm32f4xx_it.o
    0x080053a0   0x00000028   Code   RO         1270    i.TIM8_TRG_COM_TIM14_IRQHandler  stm32f4xx_it.o
    0x080053c8   0x00000054   Code   RO         1271    i.TIM8_UP_TIM13_IRQHandler  stm32f4xx_it.o
    0x0800541c   0x000000c8   Code   RO         3503    i.TIM_Base_SetConfig  stm32f4xx_hal_tim.o
    0x080054e4   0x0000001a   Code   RO         3504    i.TIM_CCxChannelCmd  stm32f4xx_hal_tim.o
    0x080054fe   0x00000014   Code   RO         3514    i.TIM_ETR_SetConfig  stm32f4xx_hal_tim.o
    0x08005512   0x00000010   Code   RO         3515    i.TIM_ITRx_SetConfig  stm32f4xx_hal_tim.o
    0x08005522   0x00000002   PAD
    0x08005524   0x00000060   Code   RO         3516    i.TIM_OC1_SetConfig  stm32f4xx_hal_tim.o
    0x08005584   0x0000006c   Code   RO         3517    i.TIM_OC2_SetConfig  stm32f4xx_hal_tim.o
    0x080055f0   0x00000068   Code   RO         3518    i.TIM_OC3_SetConfig  stm32f4xx_hal_tim.o
    0x08005658   0x00000050   Code   RO         3519    i.TIM_OC4_SetConfig  stm32f4xx_hal_tim.o
    0x080056a8   0x00000022   Code   RO         3521    i.TIM_TI1_ConfigInputStage  stm32f4xx_hal_tim.o
    0x080056ca   0x00000024   Code   RO         3523    i.TIM_TI2_ConfigInputStage  stm32f4xx_hal_tim.o
    0x080056ee   0x00000002   PAD
    0x080056f0   0x0000000c   Code   RO         1272    i.UART4_IRQHandler  stm32f4xx_it.o
    0x080056fc   0x00000010   Code   RO         4379    i.UART_DMAAbortOnError  stm32f4xx_hal_uart.o
    0x0800570c   0x0000004a   Code   RO         4380    i.UART_DMAError     stm32f4xx_hal_uart.o
    0x08005756   0x0000003c   Code   RO         4381    i.UART_DMAReceiveCplt  stm32f4xx_hal_uart.o
    0x08005792   0x0000000a   Code   RO         4383    i.UART_DMARxHalfCplt  stm32f4xx_hal_uart.o
    0x0800579c   0x0000002e   Code   RO         4385    i.UART_DMATransmitCplt  stm32f4xx_hal_uart.o
    0x080057ca   0x0000000a   Code   RO         4387    i.UART_DMATxHalfCplt  stm32f4xx_hal_uart.o
    0x080057d4   0x0000001c   Code   RO         4389    i.UART_EndRxTransfer  stm32f4xx_hal_uart.o
    0x080057f0   0x00000012   Code   RO         4390    i.UART_EndTxTransfer  stm32f4xx_hal_uart.o
    0x08005802   0x00000096   Code   RO         4391    i.UART_Receive_IT   stm32f4xx_hal_uart.o
    0x08005898   0x00000128   Code   RO         4392    i.UART_SetConfig    stm32f4xx_hal_uart.o
    0x080059c0   0x00000062   Code   RO         4393    i.UART_Transmit_IT  stm32f4xx_hal_uart.o
    0x08005a22   0x00000064   Code   RO         4394    i.UART_WaitOnFlagUntilTimeout  stm32f4xx_hal_uart.o
    0x08005a86   0x00000002   PAD
    0x08005a88   0x000000d0   Code   RO         1273    i.USART2_IRQHandler  stm32f4xx_it.o
    0x08005b58   0x0000000c   Code   RO         1274    i.USART3_IRQHandler  stm32f4xx_it.o
    0x08005b64   0x0000000c   Code   RO         1275    i.USART6_IRQHandler  stm32f4xx_it.o
    0x08005b70   0x00000002   Code   RO         1276    i.UsageFault_Handler  stm32f4xx_it.o
    0x08005b72   0x00000002   PAD
    0x08005b74   0x00000020   Code   RO         6525    i.__0printf$3       mc_w.l(printf3.o)
    0x08005b94   0x00000028   Code   RO         6527    i.__0sprintf$3      mc_w.l(printf3.o)
    0x08005bbc   0x00000020   Code   RO         2533    i.__NVIC_SetPriority  stm32f4xx_hal_cortex.o
    0x08005bdc   0x0000000e   Code   RO         6745    i.__scatterload_copy  mc_w.l(handlers.o)
    0x08005bea   0x00000002   Code   RO         6746    i.__scatterload_null  mc_w.l(handlers.o)
    0x08005bec   0x0000000e   Code   RO         6747    i.__scatterload_zeroinit  mc_w.l(handlers.o)
    0x08005bfa   0x00000002   PAD
    0x08005bfc   0x000001b8   Code   RO         6532    i._printf_core      mc_w.l(printf3.o)
    0x08005db4   0x0000000a   Code   RO         6534    i._sputc            mc_w.l(printf3.o)
    0x08005dbe   0x00000002   PAD
    0x08005dc0   0x00000098   Code   RO           17    i.can_send          main.o
    0x08005e58   0x0000007c   Code   RO           18    i.can_start         main.o
    0x08005ed4   0x00000170   Code   RO           19    i.command_0         main.o
    0x08006044   0x00000158   Code   RO           20    i.command_1         main.o
    0x0800619c   0x00000004   Code   RO           21    i.command_10        main.o
    0x080061a0   0x000002ec   Code   RO           22    i.command_11        main.o
    0x0800648c   0x000000a8   Code   RO           23    i.command_12        main.o
    0x08006534   0x000002f0   Code   RO           24    i.command_13        main.o
    0x08006824   0x000002f0   Code   RO           25    i.command_14        main.o
    0x08006b14   0x00000268   Code   RO           26    i.command_15        main.o
    0x08006d7c   0x000000a8   Code   RO           27    i.command_16        main.o
    0x08006e24   0x00000268   Code   RO           28    i.command_17        main.o
    0x0800708c   0x00000268   Code   RO           29    i.command_18        main.o
    0x080072f4   0x00000004   Code   RO           30    i.command_19        main.o
    0x080072f8   0x00000188   Code   RO           31    i.command_2         main.o
    0x08007480   0x000000e8   Code   RO           32    i.command_20        main.o
    0x08007568   0x00000004   Code   RO           33    i.command_21        main.o
    0x0800756c   0x00000004   Code   RO           34    i.command_22        main.o
    0x08007570   0x00000004   Code   RO           35    i.command_23        main.o
    0x08007574   0x00000004   Code   RO           36    i.command_24        main.o
    0x08007578   0x00000004   Code   RO           37    i.command_25        main.o
    0x0800757c   0x00000004   Code   RO           38    i.command_26        main.o
    0x08007580   0x0000016c   Code   RO           39    i.command_3         main.o
    0x080076ec   0x00000004   Code   RO           40    i.command_4         main.o
    0x080076f0   0x00000004   Code   RO           41    i.command_5         main.o
    0x080076f4   0x0000013c   Code   RO           42    i.command_6         main.o
    0x08007830   0x000001d0   Code   RO           43    i.command_7         main.o
    0x08007a00   0x0000058c   Code   RO           44    i.command_8         main.o
    0x08007f8c   0x000001cc   Code   RO           45    i.command_9         main.o
    0x08008158   0x0000000c   Code   RO           46    i.configureTimerForRunTimeStats  main.o
    0x08008164   0x00000068   Code   RO         5339    i.eTaskGetState     tasks.o
    0x080081cc   0x00000150   Code   RO           47    i.enable_motor      main.o
    0x0800831c   0x00000018   Code   RO           48    i.fputc             main.o
    0x08008334   0x0000000c   Code   RO           49    i.getRunTimeCounterValue  main.o
    0x08008340   0x000001a8   Code   RO           51    i.iic_rw            main.o
    0x080084e8   0x00000124   Code   RO           52    i.lock_init         main.o
    0x0800860c   0x00000100   Code   RO           53    i.main              main.o
    0x0800870c   0x00000048   Code   RO           54    i.modbus_list_gen   main.o
    0x08008754   0x00000168   Code   RO           55    i.modbus_send       main.o
    0x080088bc   0x00000108   Code   RO           56    i.modbus_send_sub   main.o
    0x080089c4   0x000001fc   Code   RO           57    i.motor_array_init  main.o
    0x08008bc0   0x00000034   Code   RO         5875    i.osDelay           cmsis_os2.o
    0x08008bf4   0x00000038   Code   RO         5889    i.osKernelInitialize  cmsis_os2.o
    0x08008c2c   0x00000040   Code   RO         5892    i.osKernelStart     cmsis_os2.o
    0x08008c6c   0x00000074   Code   RO         5900    i.osMessageQueueNew  cmsis_os2.o
    0x08008ce0   0x000000a4   Code   RO         5926    i.osThreadNew       cmsis_os2.o
    0x08008d84   0x0000005c   Code   RO         5341    i.prvAddCurrentTaskToDelayedList  tasks.o
    0x08008de0   0x000000d0   Code   RO         5342    i.prvAddNewTaskToReadyList  tasks.o
    0x08008eb0   0x000001a8   Code   RO          741    i.prvAutoReloadMotorStatusTimerCallback  freertos.o
    0x08009058   0x000004e4   Code   RO          742    i.prvAutoReloadTimerCallback  freertos.o
    0x0800953c   0x00000058   Code   RO         5730    i.prvCheckForValidListAndQueue  timers.o
    0x08009594   0x00000026   Code   RO         4915    i.prvCopyDataFromQueue  queue.o
    0x080095ba   0x0000006c   Code   RO         4916    i.prvCopyDataToQueue  queue.o
    0x08009626   0x00000034   Code   RO         5343    i.prvDeleteTCB      tasks.o
    0x0800965a   0x00000002   PAD
    0x0800965c   0x0000004c   Code   RO         6293    i.prvHeapInit       heap_4.o
    0x080096a8   0x00000060   Code   RO         5344    i.prvIdleTask       tasks.o
    0x08009708   0x00000022   Code   RO         4918    i.prvInitialiseNewQueue  queue.o
    0x0800972a   0x000000a0   Code   RO         5345    i.prvInitialiseNewTask  tasks.o
    0x080097ca   0x00000044   Code   RO         5731    i.prvInitialiseNewTimer  timers.o
    0x0800980e   0x00000002   PAD
    0x08009810   0x0000004c   Code   RO         6294    i.prvInsertBlockIntoFreeList  heap_4.o
    0x0800985c   0x00000038   Code   RO         5732    i.prvInsertTimerInActiveList  timers.o
    0x08009894   0x0000001c   Code   RO         4919    i.prvIsQueueEmpty   queue.o
    0x080098b0   0x0000001e   Code   RO         4920    i.prvIsQueueFull    queue.o
    0x080098ce   0x00000058   Code   RO         5346    i.prvListTasksWithinSingleList  tasks.o
    0x08009926   0x00000002   PAD
    0x08009928   0x000000cc   Code   RO         5733    i.prvProcessReceivedCommands  timers.o
    0x080099f4   0x000000b4   Code   RO         5734    i.prvProcessTimerOrBlockTask  timers.o
    0x08009aa8   0x00000020   Code   RO         5347    i.prvResetNextTaskUnblockTime  tasks.o
    0x08009ac8   0x00000028   Code   RO         5735    i.prvSampleTimeNow  timers.o
    0x08009af0   0x0000006c   Code   RO         5736    i.prvSwitchTimerLists  timers.o
    0x08009b5c   0x00000014   Code   RO         5348    i.prvTaskCheckFreeStackSpace  tasks.o
    0x08009b70   0x00000028   Code   RO         6344    i.prvTaskExitError  port.o
    0x08009b98   0x00000024   Code   RO         5737    i.prvTimerTask      timers.o
    0x08009bbc   0x0000006a   Code   RO         4921    i.prvUnlockQueue    queue.o
    0x08009c26   0x00000022   Code   RO         5350    i.prvWriteNameToBuffer  tasks.o
    0x08009c48   0x000000d8   Code   RO         6295    i.pvPortMalloc      heap_4.o
    0x08009d20   0x00000018   Code   RO         5351    i.pvTaskIncrementMutexHeldCount  tasks.o
    0x08009d38   0x0000002c   Code   RO         6345    i.pxPortInitialiseStack  port.o
    0x08009d64   0x00000030   Code   RO           60    i.result_parse_1    main.o
    0x08009d94   0x00000570   Code   RO           61    i.result_parse_2    main.o
    0x0800a304   0x00000030   Code   RO           62    i.result_parse_3    main.o
    0x0800a334   0x00000030   Code   RO           63    i.result_parse_4    main.o
    0x0800a364   0x00000030   Code   RO           64    i.result_parse_5    main.o
    0x0800a394   0x00000030   Code   RO           65    i.result_parse_6    main.o
    0x0800a3c4   0x00000030   Code   RO           66    i.result_parse_7    main.o
    0x0800a3f4   0x000000a4   Code   RO          743    i.start_soft_timer  freertos.o
    0x0800a498   0x00000008   Code   RO          744    i.start_tk_co_order  freertos.o
    0x0800a4a0   0x00000050   Code   RO          745    i.start_tk_commu_monitor  freertos.o
    0x0800a4f0   0x0000014c   Code   RO          746    i.start_tk_conflict_monitor  freertos.o
    0x0800a63c   0x0000004c   Code   RO          747    i.start_tk_grating_monitor  freertos.o
    0x0800a688   0x0000005c   Code   RO          748    i.start_tk_limit_sw  freertos.o
    0x0800a6e4   0x00000238   Code   RO          749    i.start_tk_master_order  freertos.o
    0x0800a91c   0x00000044   Code   RO          750    i.start_tk_pidoutput  freertos.o
    0x0800a960   0x0000004c   Code   RO          751    i.start_tk_posture_monitor  freertos.o
    0x0800a9ac   0x00000040   Code   RO          752    i.start_tk_result_process  freertos.o
    0x0800a9ec   0x00000148   Code   RO          753    i.start_tk_result_process_rece  freertos.o
    0x0800ab34   0x00000070   Code   RO          754    i.start_tk_result_process_send  freertos.o
    0x0800aba4   0x000000ec   Code   RO          755    i.start_tk_send_order  freertos.o
    0x0800ac90   0x0000021c   Code   RO          756    i.start_tk_sensor_monitor  freertos.o
    0x0800aeac   0x00000008   Code   RO          757    i.start_tk_zero_monitor  freertos.o
    0x0800aeb4   0x0000015c   Code   RO           67    i.switchGet         main.o
    0x0800b010   0x00000088   Code   RO           68    i.timer_start       main.o
    0x0800b098   0x0000002c   Code   RO           69    i.usMBCRC16         main.o
    0x0800b0c4   0x00000026   Code   RO         4875    i.uxListRemove      list.o
    0x0800b0ea   0x00000028   Code   RO         4926    i.uxQueueSpacesAvailable  queue.o
    0x0800b112   0x00000002   PAD
    0x0800b114   0x000000ac   Code   RO         5355    i.uxTaskGetSystemState  tasks.o
    0x0800b1c0   0x00000014   Code   RO         5938    i.vApplicationGetIdleTaskMemory  cmsis_os2.o
    0x0800b1d4   0x00000018   Code   RO         5939    i.vApplicationGetTimerTaskMemory  cmsis_os2.o
    0x0800b1ec   0x00000016   Code   RO         4876    i.vListInitialise   list.o
    0x0800b202   0x00000006   Code   RO         4877    i.vListInitialiseItem  list.o
    0x0800b208   0x00000030   Code   RO         4878    i.vListInsert       list.o
    0x0800b238   0x00000018   Code   RO         4879    i.vListInsertEnd    list.o
    0x0800b250   0x00000040   Code   RO         6347    i.vPortEnterCritical  port.o
    0x0800b290   0x00000028   Code   RO         6348    i.vPortExitCritical  port.o
    0x0800b2b8   0x0000005c   Code   RO         6296    i.vPortFree         heap_4.o
    0x0800b314   0x00000024   Code   RO         6349    i.vPortSetupTimerInterrupt  port.o
    0x0800b338   0x00000054   Code   RO         6350    i.vPortValidateInterruptPriority  port.o
    0x0800b38c   0x00000028   Code   RO         4927    i.vQueueAddToRegistry  queue.o
    0x0800b3b4   0x00000044   Code   RO         4931    i.vQueueWaitForMessageRestricted  queue.o
    0x0800b3f8   0x0000004c   Code   RO         5360    i.vTaskDelay        tasks.o
    0x0800b444   0x00000078   Code   RO         5364    i.vTaskGetInfo      tasks.o
    0x0800b4bc   0x000000b4   Code   RO         5365    i.vTaskGetRunTimeStats  tasks.o
    0x0800b570   0x00000010   Code   RO         5366    i.vTaskInternalSetTimeOutState  tasks.o
    0x0800b580   0x000000c0   Code   RO         5367    i.vTaskList         tasks.o
    0x0800b640   0x0000000c   Code   RO         5368    i.vTaskMissedYield  tasks.o
    0x0800b64c   0x00000030   Code   RO         5370    i.vTaskPlaceOnEventList  tasks.o
    0x0800b67c   0x00000038   Code   RO         5371    i.vTaskPlaceOnEventListRestricted  tasks.o
    0x0800b6b4   0x00000090   Code   RO         5373    i.vTaskPriorityDisinheritAfterTimeout  tasks.o
    0x0800b744   0x0000008c   Code   RO         5380    i.vTaskStartScheduler  tasks.o
    0x0800b7d0   0x00000010   Code   RO         5382    i.vTaskSuspendAll   tasks.o
    0x0800b7e0   0x0000007c   Code   RO         5383    i.vTaskSwitchContext  tasks.o
    0x0800b85c   0x000000f4   Code   RO         6351    i.xPortStartScheduler  port.o
    0x0800b950   0x00000048   Code   RO         4940    i.xQueueGenericCreate  queue.o
    0x0800b998   0x00000066   Code   RO         4941    i.xQueueGenericCreateStatic  queue.o
    0x0800b9fe   0x00000002   PAD
    0x0800ba00   0x00000088   Code   RO         4942    i.xQueueGenericReset  queue.o
    0x0800ba88   0x00000154   Code   RO         4943    i.xQueueGenericSend  queue.o
    0x0800bbdc   0x000000bc   Code   RO         4944    i.xQueueGenericSendFromISR  queue.o
    0x0800bc98   0x00000138   Code   RO         4953    i.xQueueReceive     queue.o
    0x0800bdd0   0x00000178   Code   RO         4955    i.xQueueSemaphoreTake  queue.o
    0x0800bf48   0x00000074   Code   RO         5385    i.xTaskCheckForTimeOut  tasks.o
    0x0800bfbc   0x0000005a   Code   RO         5386    i.xTaskCreate       tasks.o
    0x0800c016   0x00000056   Code   RO         5387    i.xTaskCreateStatic  tasks.o
    0x0800c06c   0x000000f0   Code   RO         5389    i.xTaskGenericNotifyFromISR  tasks.o
    0x0800c15c   0x0000001c   Code   RO         5392    i.xTaskGetSchedulerState  tasks.o
    0x0800c178   0x0000000c   Code   RO         5393    i.xTaskGetTickCount  tasks.o
    0x0800c184   0x000000c8   Code   RO         5395    i.xTaskIncrementTick  tasks.o
    0x0800c24c   0x0000008c   Code   RO         5397    i.xTaskNotifyWait   tasks.o
    0x0800c2d8   0x00000080   Code   RO         5398    i.xTaskPriorityDisinherit  tasks.o
    0x0800c358   0x00000078   Code   RO         5399    i.xTaskPriorityInherit  tasks.o
    0x0800c3d0   0x00000070   Code   RO         5400    i.xTaskRemoveFromEventList  tasks.o
    0x0800c440   0x000000c4   Code   RO         5401    i.xTaskResumeAll    tasks.o
    0x0800c504   0x00000034   Code   RO         5742    i.xTimerCreate      timers.o
    0x0800c538   0x00000060   Code   RO         5744    i.xTimerCreateTimerTask  timers.o
    0x0800c598   0x00000068   Code   RO         5745    i.xTimerGenericCommand  timers.o
    0x0800c600   0x00000ec0   Data   RO           74    .constdata          main.o
    0x0800d4c0   0x0000024c   Data   RO          792    .constdata          freertos.o
    0x0800d70c   0x00000008   Data   RO         2250    .constdata          stm32f4xx_hal_dma.o
    0x0800d714   0x00000010   Data   RO         4669    .constdata          system_stm32f4xx.o
    0x0800d724   0x00000008   Data   RO         4670    .constdata          system_stm32f4xx.o
    0x0800d72c   0x000000f5   Data   RO          793    .conststring        freertos.o
    0x0800d821   0x00000003   PAD
    0x0800d824   0x00000020   Data   RO         6743    Region$$Table       anon$$obj.o


    Execution Region RW_IRAM1 (Base: 0x20000000, Size: 0x000147c8, Max: 0x00020000, ABSOLUTE, COMPRESSED[0x000000b0])

    Base Addr    Size         Type   Attr      Idx    E Section Name        Object

    0x20000000   0x00000140   Data   RW           77    .data               main.o
    0x20000140   0x00000004   Data   RW           78    .data               main.o
    0x20000144   0x00000004   Data   RW           80    .data               main.o
    0x20000148   0x0000006c   Data   RW           81    .data               main.o
    0x200001b4   0x00000028   Data   RW           82    .data               main.o
    0x200001dc   0x00000004   Data   RW           83    .data               main.o
    0x200001e0   0x00000004   Data   RW          626    .data               can.o
    0x200001e4   0x00000008   Data   RW          673    .data               crc.o
    0x200001ec   0x00000044   Data   RW          794    .data               freertos.o
    0x20000230   0x00000024   Data   RW         1277    .data               stm32f4xx_it.o
    0x20000254   0x0000000c   Data   RW         2677    .data               stm32f4xx_hal.o
    0x20000260   0x00000004   Data   RW         4671    .data               system_stm32f4xx.o
    0x20000264   0x00000044   Data   RW         5404    .data               tasks.o
    0x200002a8   0x00000014   Data   RW         5753    .data               timers.o
    0x200002bc   0x00000004   Data   RW         5941    .data               cmsis_os2.o
    0x200002c0   0x00000018   Data   RW         6301    .data               heap_4.o
    0x200002d8   0x0000000c   Data   RW         6352    .data               port.o
    0x200002e4   0x00000004   Data   RW         6721    .data               mc_w.l(stdout.o)
    0x200002e8   0x000001f4   Zero   RW           70    .bss                main.o
    0x200004dc   0x00000b48   Zero   RW           71    .bss                main.o
    0x20001024   0x00000010   Zero   RW           72    .bss                main.o
    0x20001034   0x00000050   Zero   RW          625    .bss                can.o
    0x20001084   0x00000800   Zero   RW          758    .bss                freertos.o
    0x20001884   0x00000074   Zero   RW          759    .bss                freertos.o
    0x200018f8   0x00000800   Zero   RW          760    .bss                freertos.o
    0x200020f8   0x00000074   Zero   RW          761    .bss                freertos.o
    0x2000216c   0x00000800   Zero   RW          762    .bss                freertos.o
    0x2000296c   0x00000074   Zero   RW          763    .bss                freertos.o
    0x200029e0   0x00000800   Zero   RW          764    .bss                freertos.o
    0x200031e0   0x00000074   Zero   RW          765    .bss                freertos.o
    0x20003254   0x00000800   Zero   RW          766    .bss                freertos.o
    0x20003a54   0x00000074   Zero   RW          767    .bss                freertos.o
    0x20003ac8   0x00000800   Zero   RW          768    .bss                freertos.o
    0x200042c8   0x00000074   Zero   RW          769    .bss                freertos.o
    0x2000433c   0x00000200   Zero   RW          770    .bss                freertos.o
    0x2000453c   0x00000074   Zero   RW          771    .bss                freertos.o
    0x200045b0   0x00000200   Zero   RW          772    .bss                freertos.o
    0x200047b0   0x00000074   Zero   RW          773    .bss                freertos.o
    0x20004824   0x00000200   Zero   RW          774    .bss                freertos.o
    0x20004a24   0x00000074   Zero   RW          775    .bss                freertos.o
    0x20004a98   0x00000200   Zero   RW          776    .bss                freertos.o
    0x20004c98   0x00000074   Zero   RW          777    .bss                freertos.o
    0x20004d0c   0x00000800   Zero   RW          778    .bss                freertos.o
    0x2000550c   0x00000074   Zero   RW          779    .bss                freertos.o
    0x20005580   0x00000400   Zero   RW          780    .bss                freertos.o
    0x20005980   0x00000074   Zero   RW          781    .bss                freertos.o
    0x200059f4   0x00000200   Zero   RW          782    .bss                freertos.o
    0x20005bf4   0x00000074   Zero   RW          783    .bss                freertos.o
    0x20005c68   0x00004400   Zero   RW          784    .bss                freertos.o
    0x2000a068   0x00000050   Zero   RW          785    .bss                freertos.o
    0x2000a0b8   0x00004400   Zero   RW          786    .bss                freertos.o
    0x2000e4b8   0x00000050   Zero   RW          787    .bss                freertos.o
    0x2000e508   0x00000200   Zero   RW          788    .bss                freertos.o
    0x2000e708   0x00000074   Zero   RW          789    .bss                freertos.o
    0x2000e77c   0x00000200   Zero   RW          790    .bss                freertos.o
    0x2000e97c   0x00000074   Zero   RW          791    .bss                freertos.o
    0x2000e9f0   0x00000054   Zero   RW          939    .bss                i2c.o
    0x2000ea44   0x00000040   Zero   RW         1008    .bss                stm32f4xx_hal_timebase_tim.o
    0x2000ea84   0x00000340   Zero   RW         1060    .bss                tim.o
    0x2000edc4   0x00000200   Zero   RW         1171    .bss                usart.o
    0x2000efc4   0x00000040   Zero   RW         4957    .bss                queue.o
    0x2000f004   0x000004c4   Zero   RW         5403    .bss                tasks.o
    0x2000f4c8   0x00000118   Zero   RW         5752    .bss                timers.o
    0x2000f5e0   0x000006e8   Zero   RW         5940    .bss                cmsis_os2.o
    0x2000fcc8   0x00003c00   Zero   RW         6300    .bss                heap_4.o
    0x200138c8   0x00000f00   Zero   RW            1    STACK               startup_stm32f407xx.o


==============================================================================

Image component sizes


      Code (inc. data)   RO Data    RW Data    ZI Data      Debug   Object Name

       624         64          0          4         80       3070   can.o
       496         38          0          4       1768      16894   cmsis_os2.o
        76         18          0          8          0       1443   crc.o
        60          4          0          0          0        742   dma.o
         0          0          0          0          0      17440   event_groups.o
      5026        914        833         68      55660      27651   freertos.o
       476         32          0          0          0      25096   gpio.o
       460         24          0         24      15360       4651   heap_4.o
       204         26          0          0         84       1621   i2c.o
       138          0          0          0          0       3426   list.o
     14034       2198       3776        480       3404     790380   main.o
       786         82          0         12          0      11349   port.o
      2018         24          0          0         64      18685   queue.o
        36          8        392          0       3840        816   startup_stm32f407xx.o
       116         18          0         12          0       8578   stm32f4xx_hal.o
      1808          6          0          0          0      16036   stm32f4xx_hal_can.o
       192         14          0          0          0      33736   stm32f4xx_hal_cortex.o
        34          0          0          0          0       1007   stm32f4xx_hal_crc.o
      1184         16          8          0          0       8450   stm32f4xx_hal_dma.o
       846         92          0          0          0       5037   stm32f4xx_hal_gpio.o
      5092         78          0          0          0      30440   stm32f4xx_hal_i2c.o
        56          4          0          0          0        826   stm32f4xx_hal_msp.o
      1396         92          0          0          0       5745   stm32f4xx_hal_rcc.o
      1820         90          0          0          0      17264   stm32f4xx_hal_tim.o
       232         28          0          0          0       3173   stm32f4xx_hal_tim_ex.o
       116         16          0          0         64       1359   stm32f4xx_hal_timebase_tim.o
      1844         44          0          0          0      16221   stm32f4xx_hal_uart.o
      1556        460          0         36          0      22592   stm32f4xx_it.o
         0          0          0          0          0       8740   stream_buffer.o
        28          6         24          4          0       1095   system_stm32f4xx.o
      3674        310          0         68       1220      35316   tasks.o
      2460        244          0          0        832      11203   tim.o
      1032         82          0         20        280      20046   timers.o
       916         88          0          0        512       4582   usart.o

    ----------------------------------------------------------------------
     48886       5120       5068        740      83168    1174710   Object Totals
         0          0         32          0          0          0   (incl. Generated)
        50          0          3          0          0          0   (incl. Padding)

    ----------------------------------------------------------------------

      Code (inc. data)   RO Data    RW Data    ZI Data      Debug   Library Member Name

        86          0          0          0          0          0   __dczerorl2.o
         0          0          0          0          0          0   entry.o
         0          0          0          0          0          0   entry10a.o
         0          0          0          0          0          0   entry11a.o
         8          4          0          0          0          0   entry2.o
         4          0          0          0          0          0   entry5.o
         0          0          0          0          0          0   entry7b.o
         0          0          0          0          0          0   entry8b.o
         8          4          0          0          0          0   entry9a.o
        30          0          0          0          0          0   handlers.o
        36          8          0          0          0         68   init.o
         0          0          0          0          0          0   iusefp.o
        30          0          0          0          0         68   llshl.o
        32          0          0          0          0         68   llushr.o
        36          0          0          0          0         68   memcpya.o
        36          0          0          0          0        108   memseta.o
       522         20          0          0          0        336   printf3.o
         0          0          0          4          0          0   stdout.o
        18          0          0          0          0         68   strcpy.o
        14          0          0          0          0         68   strlen.o
        44          0          0          0          0         80   uidiv.o
        98          0          0          0          0         92   uldiv.o
        48          0          0          0          0         68   cdcmple.o
        48          0          0          0          0         68   cdrcmple.o
       186          0          0          0          0        176   depilogue.o
        62          0          0          0          0         80   dfixi.o
        34          0          0          0          0         76   dflti.o
        26          0          0          0          0         76   dfltui.o

    ----------------------------------------------------------------------
      1410         36          0          4          0       1568   Library Totals
         4          0          0          0          0          0   (incl. Padding)

    ----------------------------------------------------------------------

      Code (inc. data)   RO Data    RW Data    ZI Data      Debug   Library Name

      1002         36          0          4          0       1024   mc_w.l
       404          0          0          0          0        544   mf_w.l

    ----------------------------------------------------------------------
      1410         36          0          4          0       1568   Library Totals

    ----------------------------------------------------------------------

==============================================================================


      Code (inc. data)   RO Data    RW Data    ZI Data      Debug   

     50296       5156       5068        744      83168    1138730   Grand Totals
     50296       5156       5068        176      83168    1138730   ELF Image Totals (compressed)
     50296       5156       5068        176          0          0   ROM Totals

==============================================================================

    Total RO  Size (Code + RO Data)                55364 (  54.07kB)
    Total RW  Size (RW Data + ZI Data)             83912 (  81.95kB)
    Total ROM Size (Code + RO Data + RW Data)      55540 (  54.24kB)

==============================================================================

